Component: ARM Compiler 5.06 update 5 (build 528) Tool: armlink [4d35e2]

==============================================================================

Section Cross References

    startup_stm32f103xe.o(STACK) refers (Special) to heapauxi.o(.text) for __use_two_region_memory
    startup_stm32f103xe.o(HEAP) refers (Special) to heapauxi.o(.text) for __use_two_region_memory
    startup_stm32f103xe.o(RESET) refers (Special) to heapauxi.o(.text) for __use_two_region_memory
    startup_stm32f103xe.o(RESET) refers to startup_stm32f103xe.o(STACK) for __initial_sp
    startup_stm32f103xe.o(RESET) refers to startup_stm32f103xe.o(.text) for Reset_Handler
    startup_stm32f103xe.o(RESET) refers to stm32f1xx_it.o(i.NMI_Handler) for NMI_Handler
    startup_stm32f103xe.o(RESET) refers to stm32f1xx_it.o(i.HardFault_Handler) for HardFault_Handler
    startup_stm32f103xe.o(RESET) refers to stm32f1xx_it.o(i.MemManage_Handler) for MemManage_Handler
    startup_stm32f103xe.o(RESET) refers to stm32f1xx_it.o(i.BusFault_Handler) for BusFault_Handler
    startup_stm32f103xe.o(RESET) refers to stm32f1xx_it.o(i.UsageFault_Handler) for UsageFault_Handler
    startup_stm32f103xe.o(RESET) refers to stm32f1xx_it.o(i.SVC_Handler) for SVC_Handler
    startup_stm32f103xe.o(RESET) refers to stm32f1xx_it.o(i.DebugMon_Handler) for DebugMon_Handler
    startup_stm32f103xe.o(RESET) refers to stm32f1xx_it.o(i.PendSV_Handler) for PendSV_Handler
    startup_stm32f103xe.o(RESET) refers to stm32f1xx_it.o(i.SysTick_Handler) for SysTick_Handler
    startup_stm32f103xe.o(RESET) refers to stm32f1xx_it.o(i.TIM2_IRQHandler) for TIM2_IRQHandler
    startup_stm32f103xe.o(RESET) refers to stm32f1xx_it.o(i.USART1_IRQHandler) for USART1_IRQHandler
    startup_stm32f103xe.o(RESET) refers to stm32f1xx_it.o(i.USART2_IRQHandler) for USART2_IRQHandler
    startup_stm32f103xe.o(RESET) refers to stm32f1xx_it.o(i.TIM5_IRQHandler) for TIM5_IRQHandler
    startup_stm32f103xe.o(RESET) refers to stm32f1xx_it.o(i.TIM6_IRQHandler) for TIM6_IRQHandler
    startup_stm32f103xe.o(.text) refers (Special) to heapauxi.o(.text) for __use_two_region_memory
    startup_stm32f103xe.o(.text) refers to system_stm32f1xx.o(i.SystemInit) for SystemInit
    startup_stm32f103xe.o(.text) refers to __main.o(!!!main) for __main
    startup_stm32f103xe.o(.text) refers to startup_stm32f103xe.o(HEAP) for Heap_Mem
    startup_stm32f103xe.o(.text) refers to startup_stm32f103xe.o(STACK) for Stack_Mem
    grayscale.o(i.ERR) refers to grayscale.o(.data) for arr_bit
    grayscale.o(i.Read_8PIN) refers to stm32f1xx_hal_gpio.o(i.HAL_GPIO_ReadPin) for HAL_GPIO_ReadPin
    grayscale.o(i.Read_8PIN) refers to grayscale.o(i.ERR) for ERR
    grayscale.o(i.Read_8PIN) refers to grayscale.o(.data) for xun
    key.o(i.ReadKey) refers to stm32f1xx_hal_gpio.o(i.HAL_GPIO_ReadPin) for HAL_GPIO_ReadPin
    key.o(i.ReadKey) refers to key.o(.bss) for key_data1
    key.o(i.key_read) refers to stm32f1xx_hal_gpio.o(i.HAL_GPIO_ReadPin) for HAL_GPIO_ReadPin
    key.o(i.key_serv) refers to key.o(i.key_read) for key_read
    key.o(i.key_serv) refers to key.o(.bss) for bkey
    key.o(i.key_serv_long) refers to key.o(i.key_read) for key_read
    key.o(i.key_serv_long) refers to key.o(.bss) for bkey
    i2cs.o(i.I2CS_Init) refers to stm32f1xx_hal_gpio.o(i.HAL_GPIO_Init) for HAL_GPIO_Init
    i2cs.o(i.I2C_Start) refers to stm32f1xx_hal_gpio.o(i.HAL_GPIO_WritePin) for HAL_GPIO_WritePin
    i2cs.o(i.I2C_Stop) refers to stm32f1xx_hal_gpio.o(i.HAL_GPIO_WritePin) for HAL_GPIO_WritePin
    i2cs.o(i.I2C_WaitAck) refers to stm32f1xx_hal_gpio.o(i.HAL_GPIO_WritePin) for HAL_GPIO_WritePin
    i2cs.o(i.Send_Byte) refers to stm32f1xx_hal_gpio.o(i.HAL_GPIO_WritePin) for HAL_GPIO_WritePin
    my_main.o(i.Contrl) refers to stm32f1xx_hal_gpio.o(i.HAL_GPIO_WritePin) for HAL_GPIO_WritePin
    my_main.o(i.Contrl) refers to my_main.o(.data) for BIN1
    my_main.o(i.GetVelocity) refers to fflt_clz.o(x$fpl$fflt) for __aeabi_i2f
    my_main.o(i.GetVelocity) refers to f2d.o(x$fpl$f2d) for __aeabi_f2d
    my_main.o(i.GetVelocity) refers to dmul.o(x$fpl$dmul) for __aeabi_dmul
    my_main.o(i.GetVelocity) refers to daddsub_clz.o(x$fpl$dadd) for __aeabi_dadd
    my_main.o(i.GetVelocity) refers to d2f.o(x$fpl$d2f) for __aeabi_d2f
    my_main.o(i.GetVelocity) refers to faddsub_clz.o(x$fpl$fsub) for __aeabi_fsub
    my_main.o(i.GetVelocity) refers to faddsub_clz.o(x$fpl$fadd) for __aeabi_fadd
    my_main.o(i.GetVelocity) refers to frleqf.o(x$fpl$frleqf) for __aeabi_cfrcmple
    my_main.o(i.GetVelocity) refers to fleqf.o(x$fpl$fleqf) for __aeabi_cfcmple
    my_main.o(i.GetVelocity) refers to fmul.o(x$fpl$fmul) for __aeabi_fmul
    my_main.o(i.GetVelocity) refers to ffix.o(x$fpl$ffix) for __aeabi_f2iz
    my_main.o(i.GetVelocity) refers to my_main.o(.data) for Encoder_Left
    my_main.o(i.Gray_PID) refers to my_main.o(.data) for Gray_KP
    my_main.o(i.HAL_TIM_PeriodElapsedCallback) refers to inv_mpu.o(i.mpu_dmp_get_data) for mpu_dmp_get_data
[...]
    HAL_GPIO_ReadPin                         0x08001fcd   Thumb Code    16  stm32f1xx_hal_gpio.o(i.HAL_GPIO_ReadPin)
    HAL_GPIO_WritePin                        0x08001fdd   Thumb Code    12  stm32f1xx_hal_gpio.o(i.HAL_GPIO_WritePin)
    HAL_GetTick                              0x08001fe9   Thumb Code     6  stm32f1xx_hal.o(i.HAL_GetTick)
    HAL_I2C_Init                             0x08001ff5   Thumb Code   446  stm32f1xx_hal_i2c.o(i.HAL_I2C_Init)
    HAL_I2C_Mem_Read                         0x080021c5   Thumb Code   850  stm32f1xx_hal_i2c.o(i.HAL_I2C_Mem_Read)
    HAL_I2C_Mem_Write                        0x08002529   Thumb Code   348  stm32f1xx_hal_i2c.o(i.HAL_I2C_Mem_Write)
    HAL_I2C_MspInit                          0x0800268d   Thumb Code   106  i2c.o(i.HAL_I2C_MspInit)
    HAL_IncTick                              0x08002705   Thumb Code    16  stm32f1xx_hal.o(i.HAL_IncTick)
    HAL_Init                                 0x0800271d   Thumb Code    34  stm32f1xx_hal.o(i.HAL_Init)
    HAL_InitTick                             0x08002745   Thumb Code    64  stm32f1xx_hal.o(i.HAL_InitTick)
    HAL_MspInit                              0x08002791   Thumb Code    76  stm32f1xx_hal_msp.o(i.HAL_MspInit)
    HAL_NVIC_EnableIRQ                       0x080027e5   Thumb Code    32  stm32f1xx_hal_cortex.o(i.HAL_NVIC_EnableIRQ)
    HAL_NVIC_SetPriority                     0x08002805   Thumb Code   124  stm32f1xx_hal_cortex.o(i.HAL_NVIC_SetPriority)
    HAL_NVIC_SetPriorityGrouping             0x08002881   Thumb Code    32  stm32f1xx_hal_cortex.o(i.HAL_NVIC_SetPriorityGrouping)
    HAL_RCC_ClockConfig                      0x080028a9   Thumb Code   376  stm32f1xx_hal_rcc.o(i.HAL_RCC_ClockConfig)
    HAL_RCC_GetHCLKFreq                      0x08002a35   Thumb Code     6  stm32f1xx_hal_rcc.o(i.HAL_RCC_GetHCLKFreq)
    HAL_RCC_GetPCLK1Freq                     0x08002a41   Thumb Code    22  stm32f1xx_hal_rcc.o(i.HAL_RCC_GetPCLK1Freq)
    HAL_RCC_GetPCLK2Freq                     0x08002a61   Thumb Code    22  stm32f1xx_hal_rcc.o(i.HAL_RCC_GetPCLK2Freq)
    HAL_RCC_GetSysClockFreq                  0x08002a81   Thumb Code    92  stm32f1xx_hal_rcc.o(i.HAL_RCC_GetSysClockFreq)
    HAL_RCC_OscConfig                        0x08002af1   Thumb Code  1114  stm32f1xx_hal_rcc.o(i.HAL_RCC_OscConfig)
    HAL_SYSTICK_Config                       0x08002f55   Thumb Code    52  stm32f1xx_hal_cortex.o(i.HAL_SYSTICK_Config)
    HAL_TIMEx_BreakCallback                  0x08002f89   Thumb Code     2  stm32f1xx_hal_tim_ex.o(i.HAL_TIMEx_BreakCallback)
    HAL_TIMEx_CommutCallback                 0x08002f8b   Thumb Code     2  stm32f1xx_hal_tim_ex.o(i.HAL_TIMEx_CommutCallback)
    HAL_TIMEx_ConfigBreakDeadTime            0x08002f8d   Thumb Code   116  stm32f1xx_hal_tim_ex.o(i.HAL_TIMEx_ConfigBreakDeadTime)
    HAL_TIMEx_MasterConfigSynchronization    0x08003001   Thumb Code   134  stm32f1xx_hal_tim_ex.o(i.HAL_TIMEx_MasterConfigSynchronization)
    HAL_TIM_Base_Init                        0x0800309d   Thumb Code   102  stm32f1xx_hal_tim.o(i.HAL_TIM_Base_Init)
    HAL_TIM_Base_MspInit                     0x08003105   Thumb Code   240  tim.o(i.HAL_TIM_Base_MspInit)
    HAL_TIM_Base_Start_IT                    0x08003209   Thumb Code   122  stm32f1xx_hal_tim.o(i.HAL_TIM_Base_Start_IT)
    HAL_TIM_ConfigClockSource                0x08003299   Thumb Code   268  stm32f1xx_hal_tim.o(i.HAL_TIM_ConfigClockSource)
    HAL_TIM_Encoder_Init                     0x080033a5   Thumb Code   196  stm32f1xx_hal_tim.o(i.HAL_TIM_Encoder_Init)
    HAL_TIM_Encoder_MspInit                  0x08003469   Thumb Code   182  tim.o(i.HAL_TIM_Encoder_MspInit)
    HAL_TIM_Encoder_Start                    0x08003535   Thumb Code   204  stm32f1xx_hal_tim.o(i.HAL_TIM_Encoder_Start)
    HAL_TIM_IC_CaptureCallback               0x08003601   Thumb Code     2  stm32f1xx_hal_tim.o(i.HAL_TIM_IC_CaptureCallback)
    HAL_TIM_IRQHandler                       0x08003603   Thumb Code   406  stm32f1xx_hal_tim.o(i.HAL_TIM_IRQHandler)
    HAL_TIM_MspPostInit                      0x08003799   Thumb Code   130  tim.o(i.HAL_TIM_MspPostInit)
    HAL_TIM_OC_DelayElapsedCallback          0x08003831   Thumb Code     2  stm32f1xx_hal_tim.o(i.HAL_TIM_OC_DelayElapsedCallback)
    HAL_TIM_PWM_ConfigChannel                0x08003833   Thumb Code   260  stm32f1xx_hal_tim.o(i.HAL_TIM_PWM_ConfigChannel)
    HAL_TIM_PWM_Init                         0x08003937   Thumb Code   102  stm32f1xx_hal_tim.o(i.HAL_TIM_PWM_Init)
    HAL_TIM_PWM_MspInit                      0x0800399d   Thumb Code     2  stm32f1xx_hal_tim.o(i.HAL_TIM_PWM_MspInit)
    HAL_TIM_PWM_PulseFinishedCallback        0x0800399f   Thumb Code     2  stm32f1xx_hal_tim.o(i.HAL_TIM_PWM_PulseFinishedCallback)
    HAL_TIM_PWM_Start                        0x080039a1   Thumb Code   222  stm32f1xx_hal_tim.o(i.HAL_TIM_PWM_Start)
    HAL_TIM_PWM_Stop                         0x08003a95   Thumb Code   160  stm32f1xx_hal_tim.o(i.HAL_TIM_PWM_Stop)
    HAL_TIM_PeriodElapsedCallback            0x08003b3d   Thumb Code   338  my_main.o(i.HAL_TIM_PeriodElapsedCallback)
    HAL_TIM_TriggerCallback                  0x08003cfd   Thumb Code     2  stm32f1xx_hal_tim.o(i.HAL_TIM_TriggerCallback)
    HAL_UARTEx_ReceiveToIdle_IT              0x08003cff   Thumb Code   114  stm32f1xx_hal_uart.o(i.HAL_UARTEx_ReceiveToIdle_IT)
    HAL_UARTEx_RxEventCallback               0x08003d71   Thumb Code    76  my_main.o(i.HAL_UARTEx_RxEventCallback)
    HAL_UART_ErrorCallback                   0x08003ddd   Thumb Code     2  stm32f1xx_hal_uart.o(i.HAL_UART_ErrorCallback)
    HAL_UART_IRQHandler                      0x08003de1   Thumb Code   736  stm32f1xx_hal_uart.o(i.HAL_UART_IRQHandler)
    HAL_UART_Init                            0x080040c5   Thumb Code   118  stm32f1xx_hal_uart.o(i.HAL_UART_Init)
    HAL_UART_MspInit                         0x0800413d   Thumb Code   256  usart.o(i.HAL_UART_MspInit)
    HAL_UART_RxCpltCallback                  0x0800424d   Thumb Code     2  stm32f1xx_hal_uart.o(i.HAL_UART_RxCpltCallback)
    HAL_UART_Transmit                        0x0800424f   Thumb Code   178  stm32f1xx_hal_uart.o(i.HAL_UART_Transmit)
    HAL_UART_TxCpltCallback                  0x08004301   Thumb Code     2  stm32f1xx_hal_uart.o(i.HAL_UART_TxCpltCallback)
    HardFault_Handler                        0x08004303   Thumb Code     4  stm32f1xx_it.o(i.HardFault_Handler)
    I2CS_Init                                0x08004309   Thumb Code    60  i2cs.o(i.I2CS_Init)
    I2C_Start                                0x080045cd   Thumb Code    48  i2cs.o(i.I2C_Start)
    I2C_Stop                                 0x08004601   Thumb Code    36  i2cs.o(i.I2C_Stop)
    I2C_WaitAck                              0x08004629   Thumb Code    26  i2cs.o(i.I2C_WaitAck)
    Limit                                    0x08004959   Thumb Code    54  my_main.o(i.Limit)
    MPU_Get_Gyroscope                        0x08004995   Thumb Code    80  mpu6050.o(i.MPU_Get_Gyroscope)
    MPU_Init                                 0x080049e5   Thumb Code   134  mpu6050.o(i.MPU_Init)
    MPU_Read_Byte                            0x08004a6d   Thumb Code    40  mpu6050.o(i.MPU_Read_Byte)
    MPU_Read_Len                             0x08004a99   Thumb Code    42  mpu6050.o(i.MPU_Read_Len)
    MPU_Set_Accel_Fsr                        0x08004ac9   Thumb Code    18  mpu6050.o(i.MPU_Set_Accel_Fsr)
    MPU_Set_Gyro_Fsr                         0x08004adb   Thumb Code    18  mpu6050.o(i.MPU_Set_Gyro_Fsr)
    MPU_Set_LPF                              0x08004aed   Thumb Code    60  mpu6050.o(i.MPU_Set_LPF)
    MPU_Set_Rate                             0x08004b29   Thumb Code    60  mpu6050.o(i.MPU_Set_Rate)
    MPU_Write_Byte                           0x08004b65   Thumb Code    42  mpu6050.o(i.MPU_Write_Byte)
    MPU_Write_Len                            0x08004b95   Thumb Code    42  mpu6050.o(i.MPU_Write_Len)
    MX_GPIO_Init                             0x08004bc5   Thumb Code   394  gpio.o(i.MX_GPIO_Init)
    MX_I2C2_Init                             0x08004d65   Thumb Code    48  i2c.o(i.MX_I2C2_Init)
    MX_TIM1_Init                             0x08004da1   Thumb Code   208  tim.o(i.MX_TIM1_Init)
    MX_TIM2_Init                             0x08004e79   Thumb Code   102  tim.o(i.MX_TIM2_Init)
    MX_TIM3_Init                             0x08004ee5   Thumb Code   114  tim.o(i.MX_TIM3_Init)
    MX_TIM4_Init                             0x08004f61   Thumb Code   114  tim.o(i.MX_TIM4_Init)
    MX_TIM5_Init                             0x08004fdd   Thumb Code   102  tim.o(i.MX_TIM5_Init)
    MX_TIM6_Init                             0x0800504d   Thumb Code    66  tim.o(i.MX_TIM6_Init)
    MX_TIM8_Init                             0x08005099   Thumb Code   208  tim.o(i.MX_TIM8_Init)
    MX_USART1_UART_Init                      0x08005171   Thumb Code    46  usart.o(i.MX_USART1_UART_Init)
    MX_USART2_UART_Init                      0x080051a9   Thumb Code    46  usart.o(i.MX_USART2_UART_Init)
    MemManage_Handler                        0x080051e1   Thumb Code     4  stm32f1xx_it.o(i.MemManage_Handler)
    Motor_speed_process                      0x080051e5   Thumb Code   336  motor_speed_process.o(i.Motor_speed_process)
    NMI_Handler                              0x08005361   Thumb Code     4  stm32f1xx_it.o(i.NMI_Handler)
    OLED_Clear                               0x08005365   Thumb Code    42  oled.o(i.OLED_Clear)
    OLED_ClearPoint                          0x08005395   Thumb Code    90  oled.o(i.OLED_ClearPoint)
    OLED_DrawPoint                           0x080053f5   Thumb Code    54  oled.o(i.OLED_DrawPoint)
    OLED_Init                                0x08005431   Thumb Code   244  oled.o(i.OLED_Init)
    OLED_Pow                                 0x08005525   Thumb Code    22  oled.o(i.OLED_Pow)
    OLED_Refresh                             0x0800553d   Thumb Code    70  oled.o(i.OLED_Refresh)
    OLED_ShowChar                            0x08005589   Thumb Code   240  oled.o(i.OLED_ShowChar)
    OLED_ShowFNum                            0x08005685   Thumb Code    54  oled.o(i.OLED_ShowFNum)
    OLED_ShowNum                             0x080056c9   Thumb Code   116  oled.o(i.OLED_ShowNum)
    OLED_ShowSignedNum                       0x0800573d   Thumb Code   120  oled.o(i.OLED_ShowSignedNum)
    OLED_ShowString                          0x080057b5   Thumb Code    66  oled.o(i.OLED_ShowString)
    OLED_WR_Byte                             0x080057f7   Thumb Code    56  oled.o(i.OLED_WR_Byte)
    PendSV_Handler                           0x0800582f   Thumb Code     2  stm32f1xx_it.o(i.PendSV_Handler)
    ReadBlag                                 0x08005859   Thumb Code   742  readblackflag.o(i.ReadBlag)
    ReadCoins                                0x08005b79   Thumb Code    56  readblackflag.o(i.ReadCoins)
    ReadKey                                  0x08005bb9   Thumb Code   204  key.o(i.ReadKey)
    Read_8PIN                                0x08005c95   Thumb Code   114  grayscale.o(i.Read_8PIN)
    Read_Encoder                             0x08005d19   Thumb Code    56  tim.o(i.Read_Encoder)
    SVC_Handler                              0x08005d59   Thumb Code     2  stm32f1xx_it.o(i.SVC_Handler)
    Send_Byte                                0x08005d5d   Thumb Code    86  i2cs.o(i.Send_Byte)
    Set_Pwm                                  0x08005db9   Thumb Code   152  my_main.o(i.Set_Pwm)
    Stop                                     0x08005e75   Thumb Code    28  my_main.o(i.Stop)
    SysTick_Handler                          0x08005e99   Thumb Code     8  stm32f1xx_it.o(i.SysTick_Handler)
    SystemClock_Config                       0x08005ea1   Thumb Code   102  main.o(i.SystemClock_Config)
    SystemInit                               0x08005f07   Thumb Code     2  system_stm32f1xx.o(i.SystemInit)
    TIM2_IRQHandler                          0x08005f09   Thumb Code    10  stm32f1xx_it.o(i.TIM2_IRQHandler)
    TIM5_IRQHandler                          0x08005f19   Thumb Code    10  stm32f1xx_it.o(i.TIM5_IRQHandler)
    TIM6_IRQHandler                          0x08005f29   Thumb Code    10  stm32f1xx_it.o(i.TIM6_IRQHandler)
    TIM_Base_SetConfig                       0x08005f39   Thumb Code   134  stm32f1xx_hal_tim.o(i.TIM_Base_SetConfig)
    TIM_CCxChannelCmd                        0x08005fd5   Thumb Code    34  stm32f1xx_hal_tim.o(i.TIM_CCxChannelCmd)
    TIM_ETR_SetConfig                        0x08005ff7   Thumb Code    22  stm32f1xx_hal_tim.o(i.TIM_ETR_SetConfig)
    TIM_OC2_SetConfig                        0x08006091   Thumb Code   114  stm32f1xx_hal_tim.o(i.TIM_OC2_SetConfig)
    Timu_1                                   0x08006229   Thumb Code    92  timu.o(i.Timu_1)
    Timu_2                                   0x0800628d   Thumb Code   252  timu.o(i.Timu_2)
    Timu_3                                   0x08006395   Thumb Code   280  timu.o(i.Timu_3)
    UART_Proc                                0x08006555   Thumb Code   122  my_main.o(i.UART_Proc)
    UART_Start_Receive_IT                    0x080067fd   Thumb Code    64  stm32f1xx_hal_uart.o(i.UART_Start_Receive_IT)
    USART1_IRQHandler                        0x08006931   Thumb Code    10  stm32f1xx_it.o(i.USART1_IRQHandler)
    USART2_IRQHandler                        0x08006941   Thumb Code    20  stm32f1xx_it.o(i.USART2_IRQHandler)
    UsageFault_Handler                       0x0800695d   Thumb Code     4  stm32f1xx_it.o(i.UsageFault_Handler)
    Vertical                                 0x08006961   Thumb Code    82  my_main.o(i.Vertical)
    __ARM_fpclassify                         0x080069c9   Thumb Code    40  fpclassify.o(i.__ARM_fpclassify)
    __kernel_poly                            0x08006a29   Thumb Code   170  poly.o(i.__kernel_poly)
    __mathlib_dbl_infnan                     0x08006ad3   Thumb Code     6  dunder.o(i.__mathlib_dbl_infnan)
    __mathlib_dbl_infnan2                    0x08006ad9   Thumb Code     4  dunder.o(i.__mathlib_dbl_infnan2)
    __mathlib_dbl_invalid                    0x08006add   Thumb Code    12  dunder.o(i.__mathlib_dbl_invalid)
    __mathlib_dbl_underflow                  0x08006ae9   Thumb Code    10  dunder.o(i.__mathlib_dbl_underflow)
    _is_digit                                0x08006af9   Thumb Code    14  __printf_wp.o(i._is_digit)
    asin                                     0x08006bb1   Thumb Code   572  asin.o(i.asin)
    atan                                     0x08006e21   Thumb Code   474  atan.o(i.atan)
    atan2                                    0x08007041   Thumb Code   346  atan2.o(i.atan2)
    dmp_enable_6x_lp_quat                    0x08007225   Thumb Code    60  inv_mpu_dmp_motion_driver.o(i.dmp_enable_6x_lp_quat)
    dmp_enable_feature                       0x08007261   Thumb Code   530  inv_mpu_dmp_motion_driver.o(i.dmp_enable_feature)
    dmp_enable_gyro_cal                      0x0800747d   Thumb Code    62  inv_mpu_dmp_motion_driver.o(i.dmp_enable_gyro_cal)
    dmp_enable_lp_quat                       0x080074d5   Thumb Code    60  inv_mpu_dmp_motion_driver.o(i.dmp_enable_lp_quat)
    dmp_load_motion_driver_firmware          0x08007511   Thumb Code    20  inv_mpu_dmp_motion_driver.o(i.dmp_load_motion_driver_firmware)
    dmp_read_fifo                            0x08007529   Thumb Code   456  inv_mpu_dmp_motion_driver.o(i.dmp_read_fifo)
    dmp_set_accel_bias                       0x080076f5   Thumb Code   300  inv_mpu_dmp_motion_driver.o(i.dmp_set_accel_bias)
    dmp_set_fifo_rate                        0x08007825   Thumb Code    96  inv_mpu_dmp_motion_driver.o(i.dmp_set_fifo_rate)
    dmp_set_gyro_bias                        0x08007895   Thumb Code   294  inv_mpu_dmp_motion_driver.o(i.dmp_set_gyro_bias)
    dmp_set_orientation                      0x080079c5   Thumb Code   290  inv_mpu_dmp_motion_driver.o(i.dmp_set_orientation)
    dmp_set_shake_reject_thresh              0x08007afd   Thumb Code    56  inv_mpu_dmp_motion_driver.o(i.dmp_set_shake_reject_thresh)
    dmp_set_shake_reject_time                0x08007b35   Thumb Code    38  inv_mpu_dmp_motion_driver.o(i.dmp_set_shake_reject_time)
    dmp_set_shake_reject_timeout             0x08007b5b   Thumb Code    38  inv_mpu_dmp_motion_driver.o(i.dmp_set_shake_reject_timeout)
    dmp_set_tap_axes                         0x08007b81   Thumb Code    70  inv_mpu_dmp_motion_driver.o(i.dmp_set_tap_axes)
    dmp_set_tap_count                        0x08007bc7   Thumb Code    38  inv_mpu_dmp_motion_driver.o(i.dmp_set_tap_count)
    dmp_set_tap_thresh                       0x08007bed   Thumb Code   396  inv_mpu_dmp_motion_driver.o(i.dmp_set_tap_thresh)
    dmp_set_tap_time                         0x08007d8d   Thumb Code    38  inv_mpu_dmp_motion_driver.o(i.dmp_set_tap_time)
    dmp_set_tap_time_multi                   0x08007db3   Thumb Code    38  inv_mpu_dmp_motion_driver.o(i.dmp_set_tap_time_multi)
    inv_orientation_matrix_to_scalar         0x0800840d   Thumb Code    40  inv_mpu.o(i.inv_orientation_matrix_to_scalar)
    inv_row_2_scale                          0x08008435   Thumb Code    78  inv_mpu.o(i.inv_row_2_scale)
    key_process                              0x08008485   Thumb Code   552  my_main.o(i.key_process)
    loop                                     0x08008735   Thumb Code    16  my_main.o(i.loop)
    main                                     0x08008745   Thumb Code    64  main.o(i.main)
    mget_ms                                  0x08008785   Thumb Code     2  inv_mpu.o(i.mget_ms)
    mpu_configure_fifo                       0x08008789   Thumb Code   106  inv_mpu.o(i.mpu_configure_fifo)
    mpu_dmp_get_data                         0x080087f9   Thumb Code   544  inv_mpu.o(i.mpu_dmp_get_data)
    mpu_dmp_init                             0x08008a1d   Thumb Code   150  inv_mpu.o(i.mpu_dmp_init)
    mpu_get_accel_fsr                        0x08008ab9   Thumb Code    72  inv_mpu.o(i.mpu_get_accel_fsr)
    mpu_get_accel_sens                       0x08008b05   Thumb Code    78  inv_mpu.o(i.mpu_get_accel_sens)
    mpu_get_fifo_config                      0x08008b59   Thumb Code    12  inv_mpu.o(i.mpu_get_fifo_config)
    mpu_get_gyro_fsr                         0x08008b69   Thumb Code    64  inv_mpu.o(i.mpu_get_gyro_fsr)
    mpu_get_gyro_sens                        0x08008bad   Thumb Code    58  inv_mpu.o(i.mpu_get_gyro_sens)
    mpu_get_lpf                              0x08008bfd   Thumb Code    74  inv_mpu.o(i.mpu_get_lpf)
    mpu_get_sample_rate                      0x08008c4d   Thumb Code    26  inv_mpu.o(i.mpu_get_sample_rate)
    mpu_init                                 0x08008c6d   Thumb Code   396  inv_mpu.o(i.mpu_init)
    mpu_load_firmware                        0x08008dfd   Thumb Code   180  inv_mpu.o(i.mpu_load_firmware)
    mpu_lp_accel_mode                        0x08008eb5   Thumb Code   218  inv_mpu.o(i.mpu_lp_accel_mode)
    mpu_read_fifo_stream                     0x08008f95   Thumb Code   186  inv_mpu.o(i.mpu_read_fifo_stream)
    mpu_read_mem                             0x08009055   Thumb Code   122  inv_mpu.o(i.mpu_read_mem)
    mpu_reset_fifo                           0x080090d5   Thumb Code   450  inv_mpu.o(i.mpu_reset_fifo)
    mpu_run_self_test                        0x0800929d   Thumb Code   278  inv_mpu.o(i.mpu_run_self_test)
    mpu_set_accel_fsr                        0x080093b9   Thumb Code   126  inv_mpu.o(i.mpu_set_accel_fsr)
    mpu_set_bypass                           0x0800943d   Thumb Code   328  inv_mpu.o(i.mpu_set_bypass)
    mpu_set_dmp_state                        0x08009589   Thumb Code   138  inv_mpu.o(i.mpu_set_dmp_state)
    mpu_set_gyro_fsr                         0x08009619   Thumb Code   132  inv_mpu.o(i.mpu_set_gyro_fsr)
    mpu_set_int_latched                      0x080096a1   Thumb Code   102  inv_mpu.o(i.mpu_set_int_latched)
    mpu_set_lpf                              0x0800970d   Thumb Code   126  inv_mpu.o(i.mpu_set_lpf)
    mpu_set_sample_rate                      0x08009791   Thumb Code   152  inv_mpu.o(i.mpu_set_sample_rate)
    mpu_set_sensors                          0x0800982d   Thumb Code   202  inv_mpu.o(i.mpu_set_sensors)
    mpu_write_mem                            0x080098fd   Thumb Code   122  inv_mpu.o(i.mpu_write_mem)
    oled_proc                                0x0800997d   Thumb Code   760  my_main.o(i.oled_proc)
    run_self_test                            0x08009cf1   Thumb Code   148  inv_mpu.o(i.run_self_test)
    set_up                                   0x08009e15   Thumb Code   198  my_main.o(i.set_up)
    sqrt                                     0x08009f19   Thumb Code    76  sqrt.o(i.sqrt)
    _get_lc_numeric                          0x08009f65   Thumb Code    44  lc_numeric_c.o(locale$$code)
    __aeabi_d2f                              0x08009f91   Thumb Code     0  d2f.o(x$fpl$d2f)
    _d2f                                     0x08009f91   Thumb Code    98  d2f.o(x$fpl$d2f)
    __aeabi_dadd                             0x08009ff5   Thumb Code     0  daddsub_clz.o(x$fpl$dadd)
    _dadd                                    0x08009ff5   Thumb Code   332  daddsub_clz.o(x$fpl$dadd)
    __fpl_dcheck_NaN1                        0x0800a145   Thumb Code    10  dcheck1.o(x$fpl$dcheck1)
    __fpl_dcmp_Inf                           0x0800a155   Thumb Code    24  dcmpi.o(x$fpl$dcmpinf)
    __aeabi_ddiv                             0x0800a16d   Thumb Code     0  ddiv.o(x$fpl$ddiv)
    _ddiv                                    0x0800a16d   Thumb Code   552  ddiv.o(x$fpl$ddiv)
    __aeabi_cdcmpeq                          0x0800a41d   Thumb Code     0  deqf.o(x$fpl$deqf)
    _dcmpeq                                  0x0800a41d   Thumb Code   120  deqf.o(x$fpl$deqf)
    __aeabi_i2d                              0x0800a495   Thumb Code     0  dflt_clz.o(x$fpl$dflt)
    _dflt                                    0x0800a495   Thumb Code    46  dflt_clz.o(x$fpl$dflt)
    __aeabi_cdcmple                          0x0800a4c5   Thumb Code     0  dleqf.o(x$fpl$dleqf)
    _dcmple                                  0x0800a4c5   Thumb Code   120  dleqf.o(x$fpl$dleqf)
    __fpl_dcmple_InfNaN                      0x0800a527   Thumb Code     0  dleqf.o(x$fpl$dleqf)
    __aeabi_dmul                             0x0800a53d   Thumb Code     0  dmul.o(x$fpl$dmul)
    _dmul                                    0x0800a53d   Thumb Code   332  dmul.o(x$fpl$dmul)
    __fpl_dnaninf                            0x0800a691   Thumb Code   156  dnaninf.o(x$fpl$dnaninf)
    __fpl_dretinf                            0x0800a72d   Thumb Code    12  dretinf.o(x$fpl$dretinf)
    __aeabi_drsub                            0x0800a739   Thumb Code     0  daddsub_clz.o(x$fpl$drsb)
    _drsb                                    0x0800a739   Thumb Code    22  daddsub_clz.o(x$fpl$drsb)
    _dsqrt                                   0x0800a751   Thumb Code   456  dsqrt_noumaal.o(x$fpl$dsqrt)
    __aeabi_dsub                             0x0800a91d   Thumb Code     0  daddsub_clz.o(x$fpl$dsub)
    _dsub                                    0x0800a91d   Thumb Code   464  daddsub_clz.o(x$fpl$dsub)
    __aeabi_f2d                              0x0800aaf1   Thumb Code     0  f2d.o(x$fpl$f2d)
    _f2d                                     0x0800aaf1   Thumb Code    86  f2d.o(x$fpl$f2d)
    __aeabi_fadd                             0x0800ab49   Thumb Code     0  faddsub_clz.o(x$fpl$fadd)
    _fadd                                    0x0800ab49   Thumb Code   196  faddsub_clz.o(x$fpl$fadd)
    __fpl_fcmp_Inf                           0x0800ac0d   Thumb Code    24  fcmpi.o(x$fpl$fcmpinf)
    __aeabi_fdiv                             0x0800ac25   Thumb Code     0  fdiv.o(x$fpl$fdiv)
    _fdiv                                    0x0800ac25   Thumb Code   384  fdiv.o(x$fpl$fdiv)
    __aeabi_cfcmpeq                          0x0800ada9   Thumb Code     0  feqf.o(x$fpl$feqf)
    _fcmpeq                                  0x0800ada9   Thumb Code   104  feqf.o(x$fpl$feqf)
    __aeabi_f2iz                             0x0800ae11   Thumb Code     0  ffix.o(x$fpl$ffix)
    _ffix                                    0x0800ae11   Thumb Code    54  ffix.o(x$fpl$ffix)
    __aeabi_f2uiz                            0x0800ae49   Thumb Code     0  ffixu.o(x$fpl$ffixu)
    _ffixu                                   0x0800ae49   Thumb Code    62  ffixu.o(x$fpl$ffixu)
    __aeabi_i2f                              0x0800ae89   Thumb Code     0  fflt_clz.o(x$fpl$fflt)
    _fflt                                    0x0800ae89   Thumb Code    48  fflt_clz.o(x$fpl$fflt)
    __aeabi_ui2f                             0x0800aeb9   Thumb Code     0  fflt_clz.o(x$fpl$ffltu)
    _ffltu                                   0x0800aeb9   Thumb Code    38  fflt_clz.o(x$fpl$ffltu)
    __aeabi_cfcmple                          0x0800aee1   Thumb Code     0  fleqf.o(x$fpl$fleqf)
    _fcmple                                  0x0800aee1   Thumb Code   104  fleqf.o(x$fpl$fleqf)
    __fpl_fcmple_InfNaN                      0x0800af33   Thumb Code     0  fleqf.o(x$fpl$fleqf)
    __aeabi_fmul                             0x0800af49   Thumb Code     0  fmul.o(x$fpl$fmul)
    _fmul                                    0x0800af49   Thumb Code   258  fmul.o(x$fpl$fmul)
    __fpl_fnaninf                            0x0800b04b   Thumb Code   140  fnaninf.o(x$fpl$fnaninf)
    __fpl_fretinf                            0x0800b0d7   Thumb Code    10  fretinf.o(x$fpl$fretinf)
    __aeabi_cfrcmple                         0x0800b0e1   Thumb Code     0  frleqf.o(x$fpl$frleqf)
    _frcmple                                 0x0800b0e1   Thumb Code    98  frleqf.o(x$fpl$frleqf)
    __aeabi_frsub                            0x0800b143   Thumb Code     0  faddsub_clz.o(x$fpl$frsb)
    _frsb                                    0x0800b143   Thumb Code    20  faddsub_clz.o(x$fpl$frsb)
    __aeabi_fsub                             0x0800b159   Thumb Code     0  faddsub_clz.o(x$fpl$fsub)
    _fsub                                    0x0800b159   Thumb Code   234  faddsub_clz.o(x$fpl$fsub)
    _printf_fp_dec                           0x0800b243   Thumb Code     4  printf1.o(x$fpl$printf1)
    __fpl_return_NaN                         0x0800b247   Thumb Code   100  retnan.o(x$fpl$retnan)
    __ARM_scalbn                             0x0800b2ab   Thumb Code    92  scalbn.o(x$fpl$scalbn)
    __fpl_cmpreturn                          0x0800b307   Thumb Code    48  trapv.o(x$fpl$trapveneer)
    __I$use$fp                               0x0800b336   Number         0  usenofp.o(x$fpl$usenofp)
    asc2_1206                                0x0800b336   Data        1140  oled.o(.constdata)
    asc2_1608                                0x0800b7aa   Data        1520  oled.o(.constdata)
    asc2_2412                                0x0800bd9a   Data        3420  oled.o(.constdata)
    Dino_bmp                                 0x0800caf6   Data          64  oled.o(.constdata)
    JUMP_bmp                                 0x0800cb36   Data         384  oled.o(.constdata)
    C1_bmp                                   0x0800ccb6   Data          16  oled.o(.constdata)
    C2_bmp                                   0x0800ccc6   Data          32  oled.o(.constdata)
    C3_bmp                                   0x0800cce6   Data          48  oled.o(.constdata)
    C4_bmp                                   0x0800cd16   Data          48  oled.o(.constdata)
    GO_bmp                                   0x0800cd46   Data        1024  oled.o(.constdata)
    START_bmp                                0x0800d146   Data        1024  oled.o(.constdata)
    reg                                      0x0800d548   Data          27  inv_mpu.o(.constdata)
    hw                                       0x0800d564   Data          12  inv_mpu.o(.constdata)
    test                                     0x0800d570   Data          40  inv_mpu.o(.constdata)
    AHBPrescTable                            0x0800e1a0   Data          16  system_stm32f1xx.o(.constdata)
    APBPrescTable                            0x0800e1b0   Data           8  system_stm32f1xx.o(.constdata)
    __mathlib_zero                           0x0800e2b8   Data           8  qnan.o(.constdata)
    Region$$Table$$Base                      0x0800e354   Number         0  anon$$obj.o(Region$$Table)
    Region$$Table$$Limit                     0x0800e374   Number         0  anon$$obj.o(Region$$Table)
    xun                                      0x20000000   Data           8  grayscale.o(.data)
    arr_bit                                  0x20000008   Data           8  grayscale.o(.data)
    uwtick_key                               0x20000010   Data           4  my_main.o(.data)
    uwTick_UART                              0x20000014   Data           4  my_main.o(.data)
    Vertical_out                             0x20000018   Data           4  my_main.o(.data)
    Velocity_out                             0x2000001c   Data           4  my_main.o(.data)
    Turn_out                                 0x20000020   Data           4  my_main.o(.data)
    Encoder_Left                             0x20000024   Data           4  my_main.o(.data)
    Encoder_Right                            0x20000028   Data           4  my_main.o(.data)
    Balance_PWM                              0x2000002c   Data           4  my_main.o(.data)
    Moto1                                    0x20000030   Data           4  my_main.o(.data)
    Moto2                                    0x20000034   Data           4  my_main.o(.data)
    PWM_out                                  0x20000038   Data           4  my_main.o(.data)
    Turn_Pwm                                 0x2000003c   Data           4  my_main.o(.data)
    AIN1                                     0x20000040   Data           1  my_main.o(.data)
    AIN2                                     0x20000041   Data           1  my_main.o(.data)
    BIN1                                     0x20000042   Data           1  my_main.o(.data)
    BIN2                                     0x20000043   Data           1  my_main.o(.data)
    Moto_Flag                                0x20000044   Data           1  my_main.o(.data)
    Start_Flag                               0x20000045   Data           1  my_main.o(.data)
    Pitch                                    0x20000048   Data           4  my_main.o(.data)
    Roll                                     0x2000004c   Data           4  my_main.o(.data)
    Yaw                                      0x20000050   Data           4  my_main.o(.data)
    gyrox                                    0x20000054   Data           2  my_main.o(.data)
    gyroy                                    0x20000056   Data           2  my_main.o(.data)
    gyroz                                    0x20000058   Data           2  my_main.o(.data)
    aacx                                     0x2000005a   Data           2  my_main.o(.data)
    aacy                                     0x2000005c   Data           2  my_main.o(.data)
    aacz                                     0x2000005e   Data           2  my_main.o(.data)
    Med_Angle                                0x20000060   Data           4  my_main.o(.data)
    Scale                                    0x20000064   Data           1  my_main.o(.data)
    Flag_forward                             0x20000065   Data           1  my_main.o(.data)
    Flag_retreat                             0x20000066   Data           1  my_main.o(.data)
    Flag_left                                0x20000067   Data           1  my_main.o(.data)
    Flag_right                               0x20000068   Data           1  my_main.o(.data)
    Tiao_Who                                 0x20000069   Data           1  my_main.o(.data)
    test_num_VERp                            0x2000006c   Data           4  my_main.o(.data)
    test_num_VERd                            0x20000070   Data           4  my_main.o(.data)
    test_num_VELp                            0x20000074   Data           4  my_main.o(.data)
    test_num_GP                              0x20000078   Data           4  my_main.o(.data)
    test_num_GD                              0x2000007c   Data           4  my_main.o(.data)
    test_num_AIM                             0x20000080   Data           4  my_main.o(.data)
    Bias                                     0x20000084   Data           4  my_main.o(.data)
    Vertical_Kp                              0x20000088   Data           4  my_main.o(.data)
    Vertical_Kd                              0x2000008c   Data           4  my_main.o(.data)
    Med                                      0x20000090   Data           4  my_main.o(.data)
    Velocity                                 0x20000094   Data           4  my_main.o(.data)
    Encoder_Err                              0x20000098   Data           4  my_main.o(.data)
    Encoder                                  0x2000009c   Data           4  my_main.o(.data)
    Encoder_last                             0x200000a0   Data           4  my_main.o(.data)
    Movement                                 0x200000a4   Data           4  my_main.o(.data)
    Encoder_Integral                         0x200000a8   Data           4  my_main.o(.data)
    kp                                       0x200000ac   Data           4  my_main.o(.data)
    ki                                       0x200000b0   Data           4  my_main.o(.data)
    jiasu_flag                               0x200000b4   Data           4  my_main.o(.data)
    AimVelocity                              0x200000b8   Data           4  my_main.o(.data)
    SpeedMode                                0x200000bc   Data           1  my_main.o(.data)
    Black_miss_flag                          0x200000bd   Data           1  my_main.o(.data)
    last_bias                                0x200000c0   Data           4  my_main.o(.data)
    Gray_KP                                  0x200000c4   Data           4  my_main.o(.data)
    Gray_KD                                  0x200000c8   Data           4  my_main.o(.data)
    motorA_speed                             0x200000d0   Data           8  my_main.o(.data)
    motorB_speed                             0x200000d8   Data           8  my_main.o(.data)
    total_time                               0x200000e0   Data           8  my_main.o(.data)
    distance                                 0x200000e8   Data           8  my_main.o(.data)
    tem                                      0x200000f0   Data           4  my_main.o(.data)
    test111                                  0x200000f4   Data           1  my_main.o(.data)
    page                                     0x200000f5   Data           1  my_main.o(.data)
    select_key                               0x200000f6   Data           1  my_main.o(.data)
    ABCDE_flag                               0x2000012d   Data           1  readblackflag.o(.data)
    Buzzer_flag00                            0x2000012e   Data           1  readblackflag.o(.data)
    Buzzer_flag0                             0x2000012f   Data           1  readblackflag.o(.data)
    Buzzer_flag1                             0x20000130   Data           1  readblackflag.o(.data)
    Buzzer_flag2                             0x20000131   Data           1  readblackflag.o(.data)
    Buzzer_flag3                             0x20000132   Data           1  readblackflag.o(.data)
    Buzzer_flag4                             0x20000133   Data           1  readblackflag.o(.data)
    Buzzer_flag5                             0x20000134   Data           1  readblackflag.o(.data)
    Buzzer_flag6                             0x20000135   Data           1  readblackflag.o(.data)
    Buzzer_flag7                             0x20000136   Data           1  readblackflag.o(.data)
    Buzzer_flag8                             0x20000137   Data           1  readblackflag.o(.data)
    Buzzer_flag9                             0x20000138   Data           1  readblackflag.o(.data)
    Buzzer_flag10                            0x20000139   Data           1  readblackflag.o(.data)
    coin_flag                                0x2000013a   Data           1  readblackflag.o(.data)
    MotorA_Direction                         0x2000013c   Data           1  motor_speed_process.o(.data)
    MotorA_Capture_Count                     0x20000140   Data           4  motor_speed_process.o(.data)
    MotorB_Direction                         0x20000144   Data           1  motor_speed_process.o(.data)
    MotorB_Capture_Count                     0x20000148   Data           4  motor_speed_process.o(.data)
    uwtick_Motor_speedService                0x2000014c   Data           4  motor_speed_process.o(.data)
    uwTick                                   0x20000150   Data           4  stm32f1xx_hal.o(.data)
    uwTickPrio                               0x20000154   Data           4  stm32f1xx_hal.o(.data)
    uwTickFreq                               0x20000158   Data           1  stm32f1xx_hal.o(.data)
    SystemCoreClock                          0x2000015c   Data           4  system_stm32f1xx.o(.data)
    bkey                                     0x20000160   Data          40  key.o(.bss)
    key_data1                                0x20000188   Data          12  key.o(.bss)
    Usart2_RX_Buf                            0x20000194   Data          50  my_main.o(.bss)
    Usart3_TX_Buf                            0x200001c6   Data          50  my_main.o(.bss)
    temp                                     0x200001f8   Data          50  my_main.o(.bss)
    OLED_GRAM                                0x2000022a   Data        1152  oled.o(.bss)
    hi2c2                                    0x200006bc   Data          84  i2c.o(.bss)
    htim1                                    0x20000710   Data          72  tim.o(.bss)
    htim2                                    0x20000758   Data          72  tim.o(.bss)
    htim3                                    0x200007a0   Data          72  tim.o(.bss)
    htim4                                    0x200007e8   Data          72  tim.o(.bss)
    htim5                                    0x20000830   Data          72  tim.o(.bss)
    htim6                                    0x20000878   Data          72  tim.o(.bss)
    htim8                                    0x200008c0   Data          72  tim.o(.bss)
    huart1                                   0x20000908   Data          72  usart.o(.bss)
    huart2                                   0x20000950   Data          72  usart.o(.bss)
    __libspace_start                         0x20000998   Data          96  libspace.o(.bss)
    __temporary_stack_top$libspace           0x200009f8   Data           0  libspace.o(.bss)



==============================================================================

Memory Map of the image

  Image Entry point : 0x08000131

  Load Region LR_IROM1 (Base: 0x08000000, Size: 0x0000e4f0, Max: 0x00040000, ABSOLUTE, COMPRESSED[0x0000e3ec])

    Execution Region ER_IROM1 (Exec base: 0x08000000, Load base: 0x08000000, Size: 0x0000e390, Max: 0x00040000, ABSOLUTE)

    Exec Addr    Load Addr    Size         Type   Attr      Idx    E Section Name        Object

    0x08000000   0x08000000   0x00000130   Data   RO            3    RESET               startup_stm32f103xe.o
    0x08000130   0x08000130   0x00000008   Code   RO         4803  * !!!main             c_w.l(__main.o)
    0x08000138   0x08000138   0x00000034   Code   RO         5349    !!!scatter          c_w.l(__scatter.o)
    0x0800016c   0x0800016c   0x0000005a   Code   RO         5347    !!dczerorl2         c_w.l(__dczerorl2.o)
    0x080001c6   0x080001c6   0x00000002   PAD
    0x080001c8   0x080001c8   0x0000001c   Code   RO         5351    !!handler_zi        c_w.l(__scatter_zi.o)
    0x080001e4   0x080001e4   0x00000000   Code   RO         4785    .ARM.Collect$$_printf_percent$$00000000  c_w.l(_printf_percent.o)
    0x080001e4   0x080001e4   0x00000006   Code   RO         4784    .ARM.Collect$$_printf_percent$$00000003  c_w.l(_printf_f.o)
    0x080001ea   0x080001ea   0x00000006   Code   RO         4783    .ARM.Collect$$_printf_percent$$00000009  c_w.l(_printf_d.o)
    0x080001f0   0x080001f0   0x00000004   Code   RO         4898    .ARM.Collect$$_printf_percent$$00000017  c_w.l(_printf_percent_end.o)
    0x080001f4   0x080001f4   0x00000002   Code   RO         5189    .ARM.Collect$$libinit$$00000000  c_w.l(libinit.o)
    0x080001f6   0x080001f6   0x00000000   Code   RO         4908    .ARM.Collect$$libinit$$00000002  c_w.l(libinit2.o)
    0x080001f6   0x080001f6   0x00000000   Code   RO         4910    .ARM.Collect$$libinit$$00000004  c_w.l(libinit2.o)
    0x080001f6   0x080001f6   0x00000000   Code   RO         4913    .ARM.Collect$$libinit$$0000000A  c_w.l(libinit2.o)
    0x080001f6   0x080001f6   0x00000000   Code   RO         4915    .ARM.Collect$$libinit$$0000000C  c_w.l(libinit2.o)
    0x080001f6   0x080001f6   0x00000000   Code   RO         4917    .ARM.Collect$$libinit$$0000000E  c_w.l(libinit2.o)
    0x080001f6   0x080001f6   0x00000006   Code   RO         4918    .ARM.Collect$$libinit$$0000000F  c_w.l(libinit2.o)
    0x080001fc   0x080001fc   0x00000000   Code   RO         4920    .ARM.Collect$$libinit$$00000011  c_w.l(libinit2.o)
    0x080001fc   0x080001fc   0x00000000   Code   RO         4922    .ARM.Collect$$libinit$$00000013  c_w.l(libinit2.o)
    0x080001fc   0x080001fc   0x00000000   Code   RO         4924    .ARM.Collect$$libinit$$00000015  c_w.l(libinit2.o)
    0x080001fc   0x080001fc   0x0000000a   Code   RO         4925    .ARM.Collect$$libinit$$00000016  c_w.l(libinit2.o)
    0x08000206   0x08000206   0x00000000   Code   RO         4926    .ARM.Collect$$libinit$$00000017  c_w.l(libinit2.o)
    0x08000206   0x08000206   0x00000000   Code   RO         4928    .ARM.Collect$$libinit$$00000019  c_w.l(libinit2.o)
    0x08000206   0x08000206   0x00000000   Code   RO         4930    .ARM.Collect$$libinit$$0000001B  c_w.l(libinit2.o)
    0x08000206   0x08000206   0x00000000   Code   RO         4932    .ARM.Collect$$libinit$$0000001D  c_w.l(libinit2.o)
    0x08000206   0x08000206   0x00000000   Code   RO         4934    .ARM.Collect$$libinit$$0000001F  c_w.l(libinit2.o)
    0x08000206   0x08000206   0x00000000   Code   RO         4936    .ARM.Collect$$libinit$$00000021  c_w.l(libinit2.o)
    0x08000206   0x08000206   0x00000000   Code   RO         4938    .ARM.Collect$$libinit$$00000023  c_w.l(libinit2.o)
    0x08000206   0x08000206   0x00000000   Code   RO         4940    .ARM.Collect$$libinit$$00000025  c_w.l(libinit2.o)
    0x08000206   0x08000206   0x00000000   Code   RO         4944    .ARM.Collect$$libinit$$0000002C  c_w.l(libinit2.o)
    0x08000206   0x08000206   0x00000000   Code   RO         4946    .ARM.Collect$$libinit$$0000002E  c_w.l(libinit2.o)
    0x08000206   0x08000206   0x00000000   Code   RO         4948    .ARM.Collect$$libinit$$00000030  c_w.l(libinit2.o)
    0x08000206   0x08000206   0x00000000   Code   RO         4950    .ARM.Collect$$libinit$$00000032  c_w.l(libinit2.o)
    0x08000206   0x08000206   0x00000002   Code   RO         4951    .ARM.Collect$$libinit$$00000033  c_w.l(libinit2.o)
    0x08000208   0x08000208   0x00000002   Code   RO         5328    .ARM.Collect$$libshutdown$$00000000  c_w.l(libshutdown.o)
    0x0800020a   0x0800020a   0x00000000   Code   RO         5191    .ARM.Collect$$libshutdown$$00000002  c_w.l(libshutdown2.o)
    0x0800020a   0x0800020a   0x00000000   Code   RO         5193    .ARM.Collect$$libshutdown$$00000004  c_w.l(libshutdown2.o)
    0x0800020a   0x0800020a   0x00000000   Code   RO         5196    .ARM.Collect$$libshutdown$$00000007  c_w.l(libshutdown2.o)
    0x0800020a   0x0800020a   0x00000000   Code   RO         5199    .ARM.Collect$$libshutdown$$0000000A  c_w.l(libshutdown2.o)
    0x0800020a   0x0800020a   0x00000000   Code   RO         5201    .ARM.Collect$$libshutdown$$0000000C  c_w.l(libshutdown2.o)
    0x0800020a   0x0800020a   0x00000000   Code   RO         5204    .ARM.Collect$$libshutdown$$0000000F  c_w.l(libshutdown2.o)
    0x0800020a   0x0800020a   0x00000002   Code   RO         5205    .ARM.Collect$$libshutdown$$00000010  c_w.l(libshutdown2.o)
    0x0800020c   0x0800020c   0x00000000   Code   RO         4883    .ARM.Collect$$rtentry$$00000000  c_w.l(__rtentry.o)
    0x0800020c   0x0800020c   0x00000000   Code   RO         5005    .ARM.Collect$$rtentry$$00000002  c_w.l(__rtentry2.o)
    0x0800020c   0x0800020c   0x00000006   Code   RO         5017    .ARM.Collect$$rtentry$$00000004  c_w.l(__rtentry4.o)
    0x08000212   0x08000212   0x00000000   Code   RO         5007    .ARM.Collect$$rtentry$$00000009  c_w.l(__rtentry2.o)
    0x08000212   0x08000212   0x00000004   Code   RO         5008    .ARM.Collect$$rtentry$$0000000A  c_w.l(__rtentry2.o)
    0x08000216   0x08000216   0x00000000   Code   RO         5010    .ARM.Collect$$rtentry$$0000000C  c_w.l(__rtentry2.o)
    0x08000216   0x08000216   0x00000008   Code   RO         5011    .ARM.Collect$$rtentry$$0000000D  c_w.l(__rtentry2.o)
    0x0800021e   0x0800021e   0x00000002   Code   RO         5215    .ARM.Collect$$rtexit$$00000000  c_w.l(rtexit.o)
    0x08000220   0x08000220   0x00000000   Code   RO         5279    .ARM.Collect$$rtexit$$00000002  c_w.l(rtexit2.o)
    0x08000220   0x08000220   0x00000004   Code   RO         5280    .ARM.Collect$$rtexit$$00000003  c_w.l(rtexit2.o)
    0x08000224   0x08000224   0x00000006   Code   RO         5281    .ARM.Collect$$rtexit$$00000004  c_w.l(rtexit2.o)
    0x0800022a   0x0800022a   0x00000002   PAD
    0x0800022c   0x0800022c   0x00000040   Code   RO            4    .text               startup_stm32f103xe.o
    0x0800026c   0x0800026c   0x00000048   Code   RO         4725    .text               c_w.l(llsdiv.o)
    0x080002b4   0x080002b4   0x00000028   Code   RO         4733    .text               c_w.l(noretval__2sprintf.o)
    0x080002dc   0x080002dc   0x00000078   Code   RO         4739    .text               c_w.l(_printf_dec.o)
    0x08000354   0x08000354   0x00000138   Code   RO         4774    .text               c_w.l(__printf_flags_wp.o)
    0x0800048c   0x0800048c   0x00000058   Code   RO         4791    .text               c_w.l(memcmp.o)
    0x080004e4   0x080004e4   0x0000003e   Code   RO         4793    .text               c_w.l(strlen.o)
    0x08000522   0x08000522   0x00000010   Code   RO         4795    .text               c_w.l(aeabi_memset.o)
    0x08000532   0x08000532   0x0000004e   Code   RO         4797    .text               c_w.l(rt_memclr_w.o)
    0x08000580   0x08000580   0x00000080   Code   RO         4799    .text               c_w.l(strcmpv7m.o)
    0x08000600   0x08000600   0x00000006   Code   RO         4801    .text               c_w.l(heapauxi.o)
    0x08000606   0x08000606   0x000000ee   Code   RO         4884    .text               c_w.l(lludivv7m.o)
    0x080006f4   0x080006f4   0x00000016   Code   RO         4886    .text               c_w.l(_rserrno.o)
    0x0800070a   0x0800070a   0x000000b2   Code   RO         4888    .text               c_w.l(_printf_intcommon.o)
    0x080007bc   0x080007bc   0x0000041e   Code   RO         4890    .text               c_w.l(_printf_fp_dec.o)
    0x08000bda   0x08000bda   0x00000002   PAD
    0x08000bdc   0x08000bdc   0x00000030   Code   RO         4892    .text               c_w.l(_printf_char_common.o)
    0x08000c0c   0x08000c0c   0x0000000a   Code   RO         4894    .text               c_w.l(_sputc.o)
    0x08000c16   0x08000c16   0x00000044   Code   RO         4905    .text               c_w.l(rt_memclr.o)
    0x08000c5a   0x08000c5a   0x00000002   PAD
    0x08000c5c   0x08000c5c   0x00000008   Code   RO         5026    .text               c_w.l(rt_locale_intlibspace.o)
    0x08000c64   0x08000c64   0x00000008   Code   RO         5031    .text               c_w.l(rt_errno_addr_intlibspace.o)
    0x08000c6c   0x08000c6c   0x0000008a   Code   RO         5033    .text               c_w.l(lludiv10.o)
    0x08000cf6   0x08000cf6   0x00000002   PAD
    0x08000cf8   0x08000cf8   0x00000080   Code   RO         5035    .text               c_w.l(_printf_fp_infnan.o)
    0x08000d78   0x08000d78   0x000000e4   Code   RO         5039    .text               c_w.l(bigflt0.o)
    0x08000e5c   0x08000e5c   0x00000008   Code   RO         5096    .text               c_w.l(libspace.o)
    0x08000e64   0x08000e64   0x0000004a   Code   RO         5101    .text               c_w.l(sys_stackheap_outer.o)
    0x08000eae   0x08000eae   0x00000012   Code   RO         5174    .text               c_w.l(exit.o)
    0x08000ec0   0x08000ec0   0x00000002   Code   RO         5212    .text               c_w.l(use_no_semi.o)
    0x08000ec2   0x08000ec2   0x00000000   Code   RO         5214    .text               c_w.l(indicate_semi.o)
    0x08000ec2   0x08000ec2   0x00000002   PAD
    0x08000ec4   0x08000ec4   0x0000000c   Code   RO         5276    .text               c_w.l(sys_exit.o)
    0x08000ed0   0x08000ed0   0x0000003e   Code   RO         5042    CL$$btod_d2e        c_w.l(btod.o)
    0x08000f0e   0x08000f0e   0x00000046   Code   RO         5044    CL$$btod_d2e_denorm_low  c_w.l(btod.o)
    0x08000f54   0x08000f54   0x00000060   Code   RO         5043    CL$$btod_d2e_norm_op1  c_w.l(btod.o)
    0x08000fb4   0x08000fb4   0x00000338   Code   RO         5052    CL$$btod_div_common  c_w.l(btod.o)
    0x080012ec   0x080012ec   0x000000dc   Code   RO         5049    CL$$btod_e2e        c_w.l(btod.o)
    0x080013c8   0x080013c8   0x0000002a   Code   RO         5046    CL$$btod_ediv       c_w.l(btod.o)
    0x080013f2   0x080013f2   0x0000002a   Code   RO         5045    CL$$btod_emul       c_w.l(btod.o)
    0x0800141c   0x0800141c   0x00000244   Code   RO         5051    CL$$btod_mult_common  c_w.l(btod.o)
    0x08001660   0x08001660   0x00000004   Code   RO         1679    i.BusFault_Handler  stm32f1xx_it.o
    0x08001664   0x08001664   0x00000014   Code   RO         1249    i.Buzzer_Off        buzzerset.o
    0x08001678   0x08001678   0x00000014   Code   RO         1250    i.Buzzer_On         buzzerset.o
    0x0800168c   0x0800168c   0x000001a8   Code   RO         1279    i.Coin              readblackflag.o
    0x08001834   0x08001834   0x0000004c   Code   RO          296    i.Contrl            my_main.o
    0x08001880   0x08001880   0x00000002   Code   RO         1680    i.DebugMon_Handler  stm32f1xx_it.o
    0x08001882   0x08001882   0x00000002   PAD
    0x08001884   0x08001884   0x0000007c   Code   RO           13    i.ERR               grayscale.o
    0x08001900   0x08001900   0x00000006   Code   RO         1387    i.Error_Handler     main.o
    0x08001906   0x08001906   0x00000002   PAD
    0x08001908   0x08001908   0x00000130   Code   RO          297    i.GetVelocity       my_main.o
    0x08001a38   0x08001a38   0x0000002c   Code   RO          298    i.Gray_PID          my_main.o
    0x08001a64   0x08001a64   0x00000056   Code   RO         2708    i.HAL_DMA_Abort     stm32f1xx_hal_dma.o
    0x08001aba   0x08001aba   0x00000002   PAD
    0x08001abc   0x08001abc   0x000001a8   Code   RO         2709    i.HAL_DMA_Abort_IT  stm32f1xx_hal_dma.o
    0x08001c64   0x08001c64   0x00000028   Code   RO         2329    i.HAL_Delay         stm32f1xx_hal.o
    0x08001c8c   0x08001c8c   0x00000340   Code   RO         2644    i.HAL_GPIO_Init     stm32f1xx_hal_gpio.o
    0x08001fcc   0x08001fcc   0x00000010   Code   RO         2646    i.HAL_GPIO_ReadPin  stm32f1xx_hal_gpio.o
    0x08001fdc   0x08001fdc   0x0000000c   Code   RO         2648    i.HAL_GPIO_WritePin  stm32f1xx_hal_gpio.o
    0x08001fe8   0x08001fe8   0x0000000c   Code   RO         2333    i.HAL_GetTick       stm32f1xx_hal.o
    0x08001ff4   0x08001ff4   0x000001d0   Code   RO         1856    i.HAL_I2C_Init      stm32f1xx_hal_i2c.o
    0x080021c4   0x080021c4   0x00000364   Code   RO         1874    i.HAL_I2C_Mem_Read  stm32f1xx_hal_i2c.o
    0x08002528   0x08002528   0x00000164   Code   RO         1877    i.HAL_I2C_Mem_Write  stm32f1xx_hal_i2c.o
    0x0800268c   0x0800268c   0x00000078   Code   RO         1482    i.HAL_I2C_MspInit   i2c.o
    0x08002704   0x08002704   0x00000018   Code   RO         2339    i.HAL_IncTick       stm32f1xx_hal.o
    0x0800271c   0x0800271c   0x00000028   Code   RO         2340    i.HAL_Init          stm32f1xx_hal.o
    0x08002744   0x08002744   0x0000004c   Code   RO         2341    i.HAL_InitTick      stm32f1xx_hal.o
    0x08002790   0x08002790   0x00000054   Code   RO         1785    i.HAL_MspInit       stm32f1xx_hal_msp.o
    0x080027e4   0x080027e4   0x00000020   Code   RO         2804    i.HAL_NVIC_EnableIRQ  stm32f1xx_hal_cortex.o
    0x08002804   0x08002804   0x0000007c   Code   RO         2810    i.HAL_NVIC_SetPriority  stm32f1xx_hal_cortex.o
    0x08002880   0x08002880   0x00000028   Code   RO         2811    i.HAL_NVIC_SetPriorityGrouping  stm32f1xx_hal_cortex.o
    0x080028a8   0x080028a8   0x0000018c   Code   RO         2497    i.HAL_RCC_ClockConfig  stm32f1xx_hal_rcc.o
    0x08002a34   0x08002a34   0x0000000c   Code   RO         2502    i.HAL_RCC_GetHCLKFreq  stm32f1xx_hal_rcc.o
    0x08002a40   0x08002a40   0x00000020   Code   RO         2504    i.HAL_RCC_GetPCLK1Freq  stm32f1xx_hal_rcc.o
    0x08002a60   0x08002a60   0x00000020   Code   RO         2505    i.HAL_RCC_GetPCLK2Freq  stm32f1xx_hal_rcc.o
    0x08002a80   0x08002a80   0x00000070   Code   RO         2506    i.HAL_RCC_GetSysClockFreq  stm32f1xx_hal_rcc.o
    0x08002af0   0x08002af0   0x00000464   Code   RO         2509    i.HAL_RCC_OscConfig  stm32f1xx_hal_rcc.o
    0x08002f54   0x08002f54   0x00000034   Code   RO         2815    i.HAL_SYSTICK_Config  stm32f1xx_hal_cortex.o
    0x08002f88   0x08002f88   0x00000002   Code   RO         4047    i.HAL_TIMEx_BreakCallback  stm32f1xx_hal_tim_ex.o
    0x08002f8a   0x08002f8a   0x00000002   Code   RO         4048    i.HAL_TIMEx_CommutCallback  stm32f1xx_hal_tim_ex.o
    0x08002f8c   0x08002f8c   0x00000074   Code   RO         4050    i.HAL_TIMEx_ConfigBreakDeadTime  stm32f1xx_hal_tim_ex.o
    0x08003000   0x08003000   0x0000009c   Code   RO         4066    i.HAL_TIMEx_MasterConfigSynchronization  stm32f1xx_hal_tim_ex.o
    0x0800309c   0x0800309c   0x00000066   Code   RO         3332    i.HAL_TIM_Base_Init  stm32f1xx_hal_tim.o
    0x08003102   0x08003102   0x00000002   PAD
    0x08003104   0x08003104   0x00000104   Code   RO         1524    i.HAL_TIM_Base_MspInit  tim.o
    0x08003208   0x08003208   0x00000090   Code   RO         3337    i.HAL_TIM_Base_Start_IT  stm32f1xx_hal_tim.o
    0x08003298   0x08003298   0x0000010c   Code   RO         3341    i.HAL_TIM_ConfigClockSource  stm32f1xx_hal_tim.o
    0x080033a4   0x080033a4   0x000000c4   Code   RO         3353    i.HAL_TIM_Encoder_Init  stm32f1xx_hal_tim.o
    0x08003468   0x08003468   0x000000cc   Code   RO         1526    i.HAL_TIM_Encoder_MspInit  tim.o
    0x08003534   0x08003534   0x000000cc   Code   RO         3356    i.HAL_TIM_Encoder_Start  stm32f1xx_hal_tim.o
    0x08003600   0x08003600   0x00000002   Code   RO         3366    i.HAL_TIM_IC_CaptureCallback  stm32f1xx_hal_tim.o
    0x08003602   0x08003602   0x00000196   Code   RO         3380    i.HAL_TIM_IRQHandler  stm32f1xx_hal_tim.o
    0x08003798   0x08003798   0x00000098   Code   RO         1527    i.HAL_TIM_MspPostInit  tim.o
    0x08003830   0x08003830   0x00000002   Code   RO         3383    i.HAL_TIM_OC_DelayElapsedCallback  stm32f1xx_hal_tim.o
    0x08003832   0x08003832   0x00000104   Code   RO         3404    i.HAL_TIM_PWM_ConfigChannel  stm32f1xx_hal_tim.o
    0x08003936   0x08003936   0x00000066   Code   RO         3407    i.HAL_TIM_PWM_Init  stm32f1xx_hal_tim.o
    0x0800399c   0x0800399c   0x00000002   Code   RO         3409    i.HAL_TIM_PWM_MspInit  stm32f1xx_hal_tim.o
    0x0800399e   0x0800399e   0x00000002   Code   RO         3410    i.HAL_TIM_PWM_PulseFinishedCallback  stm32f1xx_hal_tim.o
    0x080039a0   0x080039a0   0x000000f4   Code   RO         3412    i.HAL_TIM_PWM_Start  stm32f1xx_hal_tim.o
    0x08003a94   0x08003a94   0x000000a8   Code   RO         3415    i.HAL_TIM_PWM_Stop  stm32f1xx_hal_tim.o
    0x08003b3c   0x08003b3c   0x000001c0   Code   RO          299    i.HAL_TIM_PeriodElapsedCallback  my_main.o
    0x08003cfc   0x08003cfc   0x00000002   Code   RO         3423    i.HAL_TIM_TriggerCallback  stm32f1xx_hal_tim.o
    0x08003cfe   0x08003cfe   0x00000072   Code   RO         4325    i.HAL_UARTEx_ReceiveToIdle_IT  stm32f1xx_hal_uart.o
    0x08003d70   0x08003d70   0x0000006c   Code   RO          300    i.HAL_UARTEx_RxEventCallback  my_main.o
    0x08003ddc   0x08003ddc   0x00000002   Code   RO         4340    i.HAL_UART_ErrorCallback  stm32f1xx_hal_uart.o
    0x08003dde   0x08003dde   0x00000002   PAD
    0x08003de0   0x08003de0   0x000002e4   Code   RO         4343    i.HAL_UART_IRQHandler  stm32f1xx_hal_uart.o
    0x080040c4   0x080040c4   0x00000076   Code   RO         4344    i.HAL_UART_Init     stm32f1xx_hal_uart.o
    0x0800413a   0x0800413a   0x00000002   PAD
    0x0800413c   0x0800413c   0x00000110   Code   RO         1632    i.HAL_UART_MspInit  usart.o
    0x0800424c   0x0800424c   0x00000002   Code   RO         4350    i.HAL_UART_RxCpltCallback  stm32f1xx_hal_uart.o
    0x0800424e   0x0800424e   0x000000b2   Code   RO         4352    i.HAL_UART_Transmit  stm32f1xx_hal_uart.o
    0x08004300   0x08004300   0x00000002   Code   RO         4355    i.HAL_UART_TxCpltCallback  stm32f1xx_hal_uart.o
    0x08004302   0x08004302   0x00000004   Code   RO         1681    i.HardFault_Handler  stm32f1xx_it.o
    0x08004306   0x08004306   0x00000002   PAD
    0x08004308   0x08004308   0x00000044   Code   RO          248    i.I2CS_Init         i2cs.o
    0x0800434c   0x0800434c   0x0000003e   Code   RO         1900    i.I2C_IsAcknowledgeFailed  stm32f1xx_hal_i2c.o
    0x0800438a   0x0800438a   0x00000002   PAD
    0x0800438c   0x0800438c   0x00000160   Code   RO         1911    i.I2C_RequestMemoryRead  stm32f1xx_hal_i2c.o
    0x080044ec   0x080044ec   0x000000e0   Code   RO         1912    i.I2C_RequestMemoryWrite  stm32f1xx_hal_i2c.o
    0x080045cc   0x080045cc   0x00000034   Code   RO          249    i.I2C_Start         i2cs.o
    0x08004600   0x08004600   0x00000028   Code   RO          250    i.I2C_Stop          i2cs.o
    0x08004628   0x08004628   0x00000020   Code   RO          251    i.I2C_WaitAck       i2cs.o
    0x08004648   0x08004648   0x00000066   Code   RO         1920    i.I2C_WaitOnBTFFlagUntilTimeout  stm32f1xx_hal_i2c.o
    0x080046ae   0x080046ae   0x000000be   Code   RO         1921    i.I2C_WaitOnFlagUntilTimeout  stm32f1xx_hal_i2c.o
    0x0800476c   0x0800476c   0x000000fa   Code   RO         1922    i.I2C_WaitOnMasterAddressFlagUntilTimeout  stm32f1xx_hal_i2c.o
    0x08004866   0x08004866   0x0000008a   Code   RO         1923    i.I2C_WaitOnRXNEFlagUntilTimeout  stm32f1xx_hal_i2c.o
    0x080048f0   0x080048f0   0x00000066   Code   RO         1926    i.I2C_WaitOnTXEFlagUntilTimeout  stm32f1xx_hal_i2c.o
    0x08004956   0x08004956   0x00000002   PAD
    0x08004958   0x08004958   0x0000003c   Code   RO          301    i.Limit             my_main.o
    0x08004994   0x08004994   0x00000050   Code   RO         1160    i.MPU_Get_Gyroscope  mpu6050.o
    0x080049e4   0x080049e4   0x00000086   Code   RO         1162    i.MPU_Init          mpu6050.o
    0x08004a6a   0x08004a6a   0x00000002   PAD
    0x08004a6c   0x08004a6c   0x0000002c   Code   RO         1163    i.MPU_Read_Byte     mpu6050.o
    0x08004a98   0x08004a98   0x00000030   Code   RO         1164    i.MPU_Read_Len      mpu6050.o
    0x08004ac8   0x08004ac8   0x00000012   Code   RO         1165    i.MPU_Set_Accel_Fsr  mpu6050.o
    0x08004ada   0x08004ada   0x00000012   Code   RO         1166    i.MPU_Set_Gyro_Fsr  mpu6050.o
    0x08004aec   0x08004aec   0x0000003c   Code   RO         1167    i.MPU_Set_LPF       mpu6050.o
    0x08004b28   0x08004b28   0x0000003c   Code   RO         1168    i.MPU_Set_Rate      mpu6050.o
    0x08004b64   0x08004b64   0x00000030   Code   RO         1169    i.MPU_Write_Byte    mpu6050.o
    0x08004b94   0x08004b94   0x00000030   Code   RO         1170    i.MPU_Write_Len     mpu6050.o
    0x08004bc4   0x08004bc4   0x000001a0   Code   RO         1457    i.MX_GPIO_Init      gpio.o
    0x08004d64   0x08004d64   0x0000003c   Code   RO         1483    i.MX_I2C2_Init      i2c.o
    0x08004da0   0x08004da0   0x000000d8   Code   RO         1528    i.MX_TIM1_Init      tim.o
    0x08004e78   0x08004e78   0x0000006c   Code   RO         1529    i.MX_TIM2_Init      tim.o
    0x08004ee4   0x08004ee4   0x0000007c   Code   RO         1530    i.MX_TIM3_Init      tim.o
    0x08004f60   0x08004f60   0x0000007c   Code   RO         1531    i.MX_TIM4_Init      tim.o
    0x08004fdc   0x08004fdc   0x00000070   Code   RO         1532    i.MX_TIM5_Init      tim.o
    0x0800504c   0x0800504c   0x0000004c   Code   RO         1533    i.MX_TIM6_Init      tim.o
    0x08005098   0x08005098   0x000000d8   Code   RO         1534    i.MX_TIM8_Init      tim.o
    0x08005170   0x08005170   0x00000038   Code   RO         1633    i.MX_USART1_UART_Init  usart.o
    0x080051a8   0x080051a8   0x00000038   Code   RO         1634    i.MX_USART2_UART_Init  usart.o
    0x080051e0   0x080051e0   0x00000004   Code   RO         1682    i.MemManage_Handler  stm32f1xx_it.o
    0x080051e4   0x080051e4   0x0000017c   Code   RO         1323    i.Motor_speed_process  motor_speed_process.o
    0x08005360   0x08005360   0x00000004   Code   RO         1683    i.NMI_Handler       stm32f1xx_it.o
    0x08005364   0x08005364   0x00000030   Code   RO          408    i.OLED_Clear        oled.o
    0x08005394   0x08005394   0x00000060   Code   RO          409    i.OLED_ClearPoint   oled.o
    0x080053f4   0x080053f4   0x0000003c   Code   RO          414    i.OLED_DrawPoint    oled.o
    0x08005430   0x08005430   0x000000f4   Code   RO          416    i.OLED_Init         oled.o
    0x08005524   0x08005524   0x00000016   Code   RO          418    i.OLED_Pow          oled.o
    0x0800553a   0x0800553a   0x00000002   PAD
    0x0800553c   0x0800553c   0x0000004c   Code   RO          419    i.OLED_Refresh      oled.o
    0x08005588   0x08005588   0x000000fc   Code   RO          423    i.OLED_ShowChar     oled.o
    0x08005684   0x08005684   0x00000044   Code   RO          426    i.OLED_ShowFNum     oled.o
    0x080056c8   0x080056c8   0x00000074   Code   RO          428    i.OLED_ShowNum      oled.o
    0x0800573c   0x0800573c   0x00000078   Code   RO          430    i.OLED_ShowSignedNum  oled.o
    0x080057b4   0x080057b4   0x00000042   Code   RO          432    i.OLED_ShowString   oled.o
    0x080057f6   0x080057f6   0x00000038   Code   RO          434    i.OLED_WR_Byte      oled.o
    0x0800582e   0x0800582e   0x00000002   Code   RO         1684    i.PendSV_Handler    stm32f1xx_it.o
    0x08005830   0x08005830   0x00000028   Code   RO         2510    i.RCC_Delay         stm32f1xx_hal_rcc.o
    0x08005858   0x08005858   0x00000320   Code   RO         1280    i.ReadBlag          readblackflag.o
    0x08005b78   0x08005b78   0x00000040   Code   RO         1281    i.ReadCoins         readblackflag.o
    0x08005bb8   0x08005bb8   0x000000dc   Code   RO          140    i.ReadKey           key.o
    0x08005c94   0x08005c94   0x00000084   Code   RO           14    i.Read_8PIN         grayscale.o
    0x08005d18   0x08005d18   0x00000040   Code   RO         1535    i.Read_Encoder      tim.o
    0x08005d58   0x08005d58   0x00000002   Code   RO         1685    i.SVC_Handler       stm32f1xx_it.o
    0x08005d5a   0x08005d5a   0x00000002   PAD
    0x08005d5c   0x08005d5c   0x0000005c   Code   RO          252    i.Send_Byte         i2cs.o
    0x08005db8   0x08005db8   0x000000bc   Code   RO          302    i.Set_Pwm           my_main.o
    0x08005e74   0x08005e74   0x00000024   Code   RO          303    i.Stop              my_main.o
    0x08005e98   0x08005e98   0x00000008   Code   RO         1686    i.SysTick_Handler   stm32f1xx_it.o
    0x08005ea0   0x08005ea0   0x00000066   Code   RO         1388    i.SystemClock_Config  main.o
    0x08005f06   0x08005f06   0x00000002   Code   RO         4688    i.SystemInit        system_stm32f1xx.o
    0x08005f08   0x08005f08   0x00000010   Code   RO         1687    i.TIM2_IRQHandler   stm32f1xx_it.o
    0x08005f18   0x08005f18   0x00000010   Code   RO         1688    i.TIM5_IRQHandler   stm32f1xx_it.o
    0x08005f28   0x08005f28   0x00000010   Code   RO         1689    i.TIM6_IRQHandler   stm32f1xx_it.o
    0x08005f38   0x08005f38   0x0000009c   Code   RO         3425    i.TIM_Base_SetConfig  stm32f1xx_hal_tim.o
    0x08005fd4   0x08005fd4   0x00000022   Code   RO         3426    i.TIM_CCxChannelCmd  stm32f1xx_hal_tim.o
    0x08005ff6   0x08005ff6   0x00000016   Code   RO         3436    i.TIM_ETR_SetConfig  stm32f1xx_hal_tim.o
    0x0800600c   0x0800600c   0x00000012   Code   RO         3437    i.TIM_ITRx_SetConfig  stm32f1xx_hal_tim.o
    0x0800601e   0x0800601e   0x00000002   PAD
    0x08006020   0x08006020   0x00000070   Code   RO         3438    i.TIM_OC1_SetConfig  stm32f1xx_hal_tim.o
    0x08006090   0x08006090   0x0000007c   Code   RO         3439    i.TIM_OC2_SetConfig  stm32f1xx_hal_tim.o
    0x0800610c   0x0800610c   0x00000078   Code   RO         3440    i.TIM_OC3_SetConfig  stm32f1xx_hal_tim.o
    0x08006184   0x08006184   0x00000054   Code   RO         3441    i.TIM_OC4_SetConfig  stm32f1xx_hal_tim.o
    0x080061d8   0x080061d8   0x00000026   Code   RO         3443    i.TIM_TI1_ConfigInputStage  stm32f1xx_hal_tim.o
    0x080061fe   0x080061fe   0x00000028   Code   RO         3445    i.TIM_TI2_ConfigInputStage  stm32f1xx_hal_tim.o
    0x08006226   0x08006226   0x00000002   PAD
    0x08006228   0x08006228   0x00000064   Code   RO         1350    i.Timu_1            timu.o
    0x0800628c   0x0800628c   0x00000108   Code   RO         1351    i.Timu_2            timu.o
    0x08006394   0x08006394   0x00000120   Code   RO         1352    i.Timu_3            timu.o
    0x080064b4   0x080064b4   0x00000014   Code   RO         4357    i.UART_DMAAbortOnError  stm32f1xx_hal_uart.o
    0x080064c8   0x080064c8   0x0000006c   Code   RO         4367    i.UART_EndRxTransfer  stm32f1xx_hal_uart.o
    0x08006534   0x08006534   0x00000020   Code   RO         4368    i.UART_EndTransmit_IT  stm32f1xx_hal_uart.o
    0x08006554   0x08006554   0x000000b0   Code   RO          304    i.UART_Proc         my_main.o
    0x08006604   0x08006604   0x000000fc   Code   RO         4370    i.UART_Receive_IT   stm32f1xx_hal_uart.o
    0x08006700   0x08006700   0x000000fc   Code   RO         4371    i.UART_SetConfig    stm32f1xx_hal_uart.o
    0x080067fc   0x080067fc   0x00000040   Code   RO         4373    i.UART_Start_Receive_IT  stm32f1xx_hal_uart.o
    0x0800683c   0x0800683c   0x00000060   Code   RO         4374    i.UART_Transmit_IT  stm32f1xx_hal_uart.o
    0x0800689c   0x0800689c   0x00000092   Code   RO         4375    i.UART_WaitOnFlagUntilTimeout  stm32f1xx_hal_uart.o
    0x0800692e   0x0800692e   0x00000002   PAD
    0x08006930   0x08006930   0x00000010   Code   RO         1690    i.USART1_IRQHandler  stm32f1xx_it.o
    0x08006940   0x08006940   0x0000001c   Code   RO         1691    i.USART2_IRQHandler  stm32f1xx_it.o
    0x0800695c   0x0800695c   0x00000004   Code   RO         1692    i.UsageFault_Handler  stm32f1xx_it.o
    0x08006960   0x08006960   0x00000068   Code   RO          305    i.Vertical          my_main.o
    0x080069c8   0x080069c8   0x00000028   Code   RO         4991    i.__ARM_fpclassify  m_ws.l(fpclassify.o)
    0x080069f0   0x080069f0   0x00000010   Code   RO         2817    i.__NVIC_GetPriorityGrouping  stm32f1xx_hal_cortex.o
    0x08006a00   0x08006a00   0x00000028   Code   RO         2818    i.__NVIC_SetPriority  stm32f1xx_hal_cortex.o
    0x08006a28   0x08006a28   0x000000aa   Code   RO         4993    i.__kernel_poly     m_ws.l(poly.o)
    0x08006ad2   0x08006ad2   0x00000006   Code   RO         4978    i.__mathlib_dbl_infnan  m_ws.l(dunder.o)
    0x08006ad8   0x08006ad8   0x00000004   Code   RO         4979    i.__mathlib_dbl_infnan2  m_ws.l(dunder.o)
    0x08006adc   0x08006adc   0x0000000c   Code   RO         4980    i.__mathlib_dbl_invalid  m_ws.l(dunder.o)
    0x08006ae8   0x08006ae8   0x00000010   Code   RO         4983    i.__mathlib_dbl_underflow  m_ws.l(dunder.o)
    0x08006af8   0x08006af8   0x0000000e   Code   RO         4772    i._is_digit         c_w.l(__printf_wp.o)
    0x08006b06   0x08006b06   0x00000002   PAD
    0x08006b08   0x08006b08   0x000000a8   Code   RO          610    i.accel_self_test   inv_mpu.o
    0x08006bb0   0x08006bb0   0x00000270   Code   RO         4866    i.asin              m_ws.l(asin.o)
    0x08006e20   0x08006e20   0x00000220   Code   RO         4968    i.atan              m_ws.l(atan.o)
    0x08007040   0x08007040   0x00000180   Code   RO         4876    i.atan2             m_ws.l(atan2.o)
    0x080071c0   0x080071c0   0x00000064   Code   RO          965    i.decode_gesture    inv_mpu_dmp_motion_driver.o
    0x08007224   0x08007224   0x0000003c   Code   RO          966    i.dmp_enable_6x_lp_quat  inv_mpu_dmp_motion_driver.o
    0x08007260   0x08007260   0x0000021c   Code   RO          967    i.dmp_enable_feature  inv_mpu_dmp_motion_driver.o
    0x0800747c   0x0800747c   0x00000058   Code   RO          968    i.dmp_enable_gyro_cal  inv_mpu_dmp_motion_driver.o
    0x080074d4   0x080074d4   0x0000003c   Code   RO          969    i.dmp_enable_lp_quat  inv_mpu_dmp_motion_driver.o
    0x08007510   0x08007510   0x00000018   Code   RO          974    i.dmp_load_motion_driver_firmware  inv_mpu_dmp_motion_driver.o
    0x08007528   0x08007528   0x000001cc   Code   RO          975    i.dmp_read_fifo     inv_mpu_dmp_motion_driver.o
    0x080076f4   0x080076f4   0x00000130   Code   RO          978    i.dmp_set_accel_bias  inv_mpu_dmp_motion_driver.o
    0x08007824   0x08007824   0x00000070   Code   RO          979    i.dmp_set_fifo_rate  inv_mpu_dmp_motion_driver.o
    0x08007894   0x08007894   0x00000130   Code   RO          980    i.dmp_set_gyro_bias  inv_mpu_dmp_motion_driver.o
    0x080079c4   0x080079c4   0x00000138   Code   RO          982    i.dmp_set_orientation  inv_mpu_dmp_motion_driver.o
    0x08007afc   0x08007afc   0x00000038   Code   RO          985    i.dmp_set_shake_reject_thresh  inv_mpu_dmp_motion_driver.o
    0x08007b34   0x08007b34   0x00000026   Code   RO          986    i.dmp_set_shake_reject_time  inv_mpu_dmp_motion_driver.o
    0x08007b5a   0x08007b5a   0x00000026   Code   RO          987    i.dmp_set_shake_reject_timeout  inv_mpu_dmp_motion_driver.o
    0x08007b80   0x08007b80   0x00000046   Code   RO          988    i.dmp_set_tap_axes  inv_mpu_dmp_motion_driver.o
    0x08007bc6   0x08007bc6   0x00000026   Code   RO          989    i.dmp_set_tap_count  inv_mpu_dmp_motion_driver.o
    0x08007bec   0x08007bec   0x000001a0   Code   RO          990    i.dmp_set_tap_thresh  inv_mpu_dmp_motion_driver.o
    0x08007d8c   0x08007d8c   0x00000026   Code   RO          991    i.dmp_set_tap_time  inv_mpu_dmp_motion_driver.o
    0x08007db2   0x08007db2   0x00000026   Code   RO          992    i.dmp_set_tap_time_multi  inv_mpu_dmp_motion_driver.o
    0x08007dd8   0x08007dd8   0x000000b4   Code   RO          611    i.get_accel_prod_shift  inv_mpu.o
    0x08007e8c   0x08007e8c   0x00000470   Code   RO          612    i.get_st_biases     inv_mpu.o
    0x080082fc   0x080082fc   0x00000110   Code   RO          613    i.gyro_self_test    inv_mpu.o
    0x0800840c   0x0800840c   0x00000028   Code   RO          614    i.inv_orientation_matrix_to_scalar  inv_mpu.o
    0x08008434   0x08008434   0x0000004e   Code   RO          615    i.inv_row_2_scale   inv_mpu.o
    0x08008482   0x08008482   0x00000002   PAD
    0x08008484   0x08008484   0x000002b0   Code   RO          306    i.key_process       my_main.o
    0x08008734   0x08008734   0x00000010   Code   RO          307    i.loop              my_main.o
    0x08008744   0x08008744   0x00000040   Code   RO         1389    i.main              main.o
    0x08008784   0x08008784   0x00000002   Code   RO          616    i.mget_ms           inv_mpu.o
    0x08008786   0x08008786   0x00000002   PAD
    0x08008788   0x08008788   0x00000070   Code   RO          617    i.mpu_configure_fifo  inv_mpu.o
    0x080087f8   0x080087f8   0x00000224   Code   RO          618    i.mpu_dmp_get_data  inv_mpu.o
    0x08008a1c   0x08008a1c   0x0000009c   Code   RO          619    i.mpu_dmp_init      inv_mpu.o
    0x08008ab8   0x08008ab8   0x0000004c   Code   RO          620    i.mpu_get_accel_fsr  inv_mpu.o
    0x08008b04   0x08008b04   0x00000054   Code   RO          622    i.mpu_get_accel_sens  inv_mpu.o
    0x08008b58   0x08008b58   0x00000010   Code   RO          627    i.mpu_get_fifo_config  inv_mpu.o
    0x08008b68   0x08008b68   0x00000044   Code   RO          628    i.mpu_get_gyro_fsr  inv_mpu.o
    0x08008bac   0x08008bac   0x00000050   Code   RO          630    i.mpu_get_gyro_sens  inv_mpu.o
    0x08008bfc   0x08008bfc   0x00000050   Code   RO          632    i.mpu_get_lpf       inv_mpu.o
    0x08008c4c   0x08008c4c   0x00000020   Code   RO          634    i.mpu_get_sample_rate  inv_mpu.o
    0x08008c6c   0x08008c6c   0x00000190   Code   RO          636    i.mpu_init          inv_mpu.o
    0x08008dfc   0x08008dfc   0x000000b8   Code   RO          637    i.mpu_load_firmware  inv_mpu.o
    0x08008eb4   0x08008eb4   0x000000e0   Code   RO          638    i.mpu_lp_accel_mode  inv_mpu.o
    0x08008f94   0x08008f94   0x000000c0   Code   RO          641    i.mpu_read_fifo_stream  inv_mpu.o
    0x08009054   0x08009054   0x00000080   Code   RO          642    i.mpu_read_mem      inv_mpu.o
    0x080090d4   0x080090d4   0x000001c8   Code   RO          645    i.mpu_reset_fifo    inv_mpu.o
    0x0800929c   0x0800929c   0x0000011c   Code   RO          646    i.mpu_run_self_test  inv_mpu.o
    0x080093b8   0x080093b8   0x00000084   Code   RO          648    i.mpu_set_accel_fsr  inv_mpu.o
    0x0800943c   0x0800943c   0x0000014c   Code   RO          649    i.mpu_set_bypass    inv_mpu.o
    0x08009588   0x08009588   0x00000090   Code   RO          651    i.mpu_set_dmp_state  inv_mpu.o
    0x08009618   0x08009618   0x00000088   Code   RO          652    i.mpu_set_gyro_fsr  inv_mpu.o
    0x080096a0   0x080096a0   0x0000006c   Code   RO          653    i.mpu_set_int_latched  inv_mpu.o
    0x0800970c   0x0800970c   0x00000084   Code   RO          655    i.mpu_set_lpf       inv_mpu.o
    0x08009790   0x08009790   0x0000009c   Code   RO          656    i.mpu_set_sample_rate  inv_mpu.o
    0x0800982c   0x0800982c   0x000000d0   Code   RO          657    i.mpu_set_sensors   inv_mpu.o
    0x080098fc   0x080098fc   0x00000080   Code   RO          658    i.mpu_write_mem     inv_mpu.o
    0x0800997c   0x0800997c   0x00000374   Code   RO          308    i.oled_proc         my_main.o
    0x08009cf0   0x08009cf0   0x00000094   Code   RO          659    i.run_self_test     inv_mpu.o
    0x08009d84   0x08009d84   0x00000090   Code   RO          660    i.set_int_enable    inv_mpu.o
    0x08009e14   0x08009e14   0x00000104   Code   RO          309    i.set_up            my_main.o
    0x08009f18   0x08009f18   0x0000004c   Code   RO         4997    i.sqrt              m_ws.l(sqrt.o)
    0x08009f64   0x08009f64   0x0000002c   Code   RO         5079    locale$$code        c_w.l(lc_numeric_c.o)
    0x08009f90   0x08009f90   0x00000062   Code   RO         4805    x$fpl$d2f           fz_ws.l(d2f.o)
    0x08009ff2   0x08009ff2   0x00000002   PAD
    0x08009ff4   0x08009ff4   0x00000150   Code   RO         4807    x$fpl$dadd          fz_ws.l(daddsub_clz.o)
    0x0800a144   0x0800a144   0x00000010   Code   RO         5083    x$fpl$dcheck1       fz_ws.l(dcheck1.o)
    0x0800a154   0x0800a154   0x00000018   Code   RO         4952    x$fpl$dcmpinf       fz_ws.l(dcmpi.o)
    0x0800a16c   0x0800a16c   0x000002b0   Code   RO         4814    x$fpl$ddiv          fz_ws.l(ddiv.o)
    0x0800a41c   0x0800a41c   0x00000078   Code   RO         4817    x$fpl$deqf          fz_ws.l(deqf.o)
    0x0800a494   0x0800a494   0x0000002e   Code   RO         4820    x$fpl$dflt          fz_ws.l(dflt_clz.o)
    0x0800a4c2   0x0800a4c2   0x00000002   PAD
    0x0800a4c4   0x0800a4c4   0x00000078   Code   RO         4825    x$fpl$dleqf         fz_ws.l(dleqf.o)
    0x0800a53c   0x0800a53c   0x00000154   Code   RO         4827    x$fpl$dmul          fz_ws.l(dmul.o)
    0x0800a690   0x0800a690   0x0000009c   Code   RO         4954    x$fpl$dnaninf       fz_ws.l(dnaninf.o)
    0x0800a72c   0x0800a72c   0x0000000c   Code   RO         4956    x$fpl$dretinf       fz_ws.l(dretinf.o)
    0x0800a738   0x0800a738   0x00000016   Code   RO         4808    x$fpl$drsb          fz_ws.l(daddsub_clz.o)
    0x0800a74e   0x0800a74e   0x00000002   PAD
    0x0800a750   0x0800a750   0x000001cc   Code   RO         5085    x$fpl$dsqrt         fz_ws.l(dsqrt_noumaal.o)
    0x0800a91c   0x0800a91c   0x000001d4   Code   RO         4809    x$fpl$dsub          fz_ws.l(daddsub_clz.o)
    0x0800aaf0   0x0800aaf0   0x00000056   Code   RO         4829    x$fpl$f2d           fz_ws.l(f2d.o)
    0x0800ab46   0x0800ab46   0x00000002   PAD
    0x0800ab48   0x0800ab48   0x000000c4   Code   RO         4831    x$fpl$fadd          fz_ws.l(faddsub_clz.o)
    0x0800ac0c   0x0800ac0c   0x00000018   Code   RO         4958    x$fpl$fcmpinf       fz_ws.l(fcmpi.o)
    0x0800ac24   0x0800ac24   0x00000184   Code   RO         4838    x$fpl$fdiv          fz_ws.l(fdiv.o)
    0x0800ada8   0x0800ada8   0x00000068   Code   RO         4841    x$fpl$feqf          fz_ws.l(feqf.o)
    0x0800ae10   0x0800ae10   0x00000036   Code   RO         4843    x$fpl$ffix          fz_ws.l(ffix.o)
    0x0800ae46   0x0800ae46   0x00000002   PAD
    0x0800ae48   0x0800ae48   0x0000003e   Code   RO         4847    x$fpl$ffixu         fz_ws.l(ffixu.o)
    0x0800ae86   0x0800ae86   0x00000002   PAD
    0x0800ae88   0x0800ae88   0x00000030   Code   RO         4852    x$fpl$fflt          fz_ws.l(fflt_clz.o)
    0x0800aeb8   0x0800aeb8   0x00000026   Code   RO         4851    x$fpl$ffltu         fz_ws.l(fflt_clz.o)
    0x0800aede   0x0800aede   0x00000002   PAD
    0x0800aee0   0x0800aee0   0x00000068   Code   RO         4857    x$fpl$fleqf         fz_ws.l(fleqf.o)
    0x0800af48   0x0800af48   0x00000102   Code   RO         4859    x$fpl$fmul          fz_ws.l(fmul.o)
    0x0800b04a   0x0800b04a   0x0000008c   Code   RO         4960    x$fpl$fnaninf       fz_ws.l(fnaninf.o)
    0x0800b0d6   0x0800b0d6   0x0000000a   Code   RO         4962    x$fpl$fretinf       fz_ws.l(fretinf.o)
    0x0800b0e0   0x0800b0e0   0x00000062   Code   RO         4861    x$fpl$frleqf        fz_ws.l(frleqf.o)
    0x0800b142   0x0800b142   0x00000014   Code   RO         4832    x$fpl$frsb          fz_ws.l(faddsub_clz.o)
    0x0800b156   0x0800b156   0x00000002   PAD
    0x0800b158   0x0800b158   0x000000ea   Code   RO         4833    x$fpl$fsub          fz_ws.l(faddsub_clz.o)
    0x0800b242   0x0800b242   0x00000004   Code   RO         4863    x$fpl$printf1       fz_ws.l(printf1.o)
    0x0800b246   0x0800b246   0x00000064   Code   RO         5208    x$fpl$retnan        fz_ws.l(retnan.o)
    0x0800b2aa   0x0800b2aa   0x0000005c   Code   RO         4964    x$fpl$scalbn        fz_ws.l(scalbn.o)
    0x0800b306   0x0800b306   0x00000030   Code   RO         5274    x$fpl$trapveneer    fz_ws.l(trapv.o)
    0x0800b336   0x0800b336   0x00000000   Code   RO         4966    x$fpl$usenofp       fz_ws.l(usenofp.o)
    0x0800b336   0x0800b336   0x00002210   Data   RO          437    .constdata          oled.o
    0x0800d546   0x0800d546   0x00000002   PAD
    0x0800d548   0x0800d548   0x00000050   Data   RO          662    .constdata          inv_mpu.o
    0x0800d598   0x0800d598   0x00000bf6   Data   RO          994    .constdata          inv_mpu_dmp_motion_driver.o
    0x0800e18e   0x0800e18e   0x00000012   Data   RO         2511    .constdata          stm32f1xx_hal_rcc.o
    0x0800e1a0   0x0800e1a0   0x00000018   Data   RO         4689    .constdata          system_stm32f1xx.o
    0x0800e1b8   0x0800e1b8   0x00000011   Data   RO         4775    .constdata          c_w.l(__printf_flags_wp.o)
    0x0800e1c9   0x0800e1c9   0x00000007   PAD
    0x0800e1d0   0x0800e1d0   0x00000050   Data   RO         4867    .constdata          m_ws.l(asin.o)
    0x0800e220   0x0800e220   0x00000098   Data   RO         4969    .constdata          m_ws.l(atan.o)
    0x0800e2b8   0x0800e2b8   0x00000008   Data   RO         4995    .constdata          m_ws.l(qnan.o)
    0x0800e2c0   0x0800e2c0   0x00000094   Data   RO         5040    .constdata          c_w.l(bigflt0.o)
    0x0800e354   0x0800e354   0x00000020   Data   RO         5345    Region$$Table       anon$$obj.o
    0x0800e374   0x0800e374   0x0000001c   Data   RO         5078    locale$$data        c_w.l(lc_numeric_c.o)


    Execution Region RW_IRAM1 (Exec base: 0x20000000, Load base: 0x0800e390, Size: 0x00000ff8, Max: 0x0000c000, ABSOLUTE, COMPRESSED[0x0000005c])

    Exec Addr    Load Addr    Size         Type   Attr      Idx    E Section Name        Object

    0x20000000   COMPRESSED   0x00000010   Data   RW           15    .data               grayscale.o
    0x20000010   COMPRESSED   0x000000e7   Data   RW          311    .data               my_main.o
    0x200000f7   COMPRESSED   0x00000001   PAD
    0x200000f8   COMPRESSED   0x00000035   Data   RW          663    .data               inv_mpu.o
    0x2000012d   COMPRESSED   0x0000000e   Data   RW         1282    .data               readblackflag.o
    0x2000013b   COMPRESSED   0x00000001   PAD
    0x2000013c   COMPRESSED   0x00000014   Data   RW         1324    .data               motor_speed_process.o
    0x20000150   COMPRESSED   0x00000009   Data   RW         2347    .data               stm32f1xx_hal.o
    0x20000159   COMPRESSED   0x00000003   PAD
    0x2000015c   COMPRESSED   0x00000004   Data   RW         4690    .data               system_stm32f1xx.o
    0x20000160        -       0x00000034   Zero   RW          144    .bss                key.o
    0x20000194        -       0x00000096   Zero   RW          310    .bss                my_main.o
    0x2000022a        -       0x00000480   Zero   RW          436    .bss                oled.o
    0x200006aa   COMPRESSED   0x00000002   PAD
    0x200006ac        -       0x00000010   Zero   RW          993    .bss                inv_mpu_dmp_motion_driver.o
    0x200006bc        -       0x00000054   Zero   RW         1484    .bss                i2c.o
    0x20000710        -       0x000001f8   Zero   RW         1537    .bss                tim.o
    0x20000908        -       0x00000090   Zero   RW         1635    .bss                usart.o
    0x20000998        -       0x00000060   Zero   RW         5097    .bss                c_w.l(libspace.o)
    0x200009f8        -       0x00000200   Zero   RW            2    HEAP                startup_stm32f103xe.o
    0x20000bf8        -       0x00000400   Zero   RW            1    STACK               startup_stm32f103xe.o


==============================================================================

Image component sizes


      Code (inc. data)   RO Data    RW Data    ZI Data      Debug   Object Name

        40         12          0          0          0        817   buzzerset.o
       416         22          0          0          0       1063   gpio.o
       256         28          0         16          0     494896   grayscale.o
       180         26          0          0         84       1521   i2c.o
       284         28          0          0          0       2477   i2cs.o
      6764        214         80         53          0      29912   inv_mpu.o
      3096        122       3062          0         16      19418   inv_mpu_dmp_motion_driver.o
       220         16          0          0         52       3311   key.o
       172          0          0          0          0       1456   main.o
       380         44          0         20          0       1478   motor_speed_process.o
       558         22          0          0          0       6103   mpu6050.o
      3392        722          0        231        150      11387   my_main.o
      1224         50       8720          0       1152       9422   oled.o
      1288        134          0         14          0       2799   readblackflag.o
        64         26        304          0       1536        788   startup_stm32f103xe.o
       192         36          0          9          0       6321   stm32f1xx_hal.o
       304         22          0          0          0      29263   stm32f1xx_hal_cortex.o
       510         10          0          0          0       1823   stm32f1xx_hal_dma.o
       860         40          0          0          0       3243   stm32f1xx_hal_gpio.o
      3108         52          0          0          0      11322   stm32f1xx_hal_i2c.o
        84          8          0          0          0        850   stm32f1xx_hal_msp.o
      1748         98         18          0          0       5792   stm32f1xx_hal_rcc.o
      2852        110          0          0          0      17834   stm32f1xx_hal_tim.o
       276         22          0          0          0       3121   stm32f1xx_hal_tim_ex.o
      2126          8          0          0          0      11817   stm32f1xx_hal_uart.o
       126         32          0          0          0       5936   stm32f1xx_it.o
         2          0         24          4          0       1055   system_stm32f1xx.o
      1656        134          0          0        504       7551   tim.o
       652         28          0          0          0       1591   timu.o
       384         36          0          0        144       2195   usart.o

    ----------------------------------------------------------------------
     33248       2102      12242        352       3640     696562   Object Totals
         0          0         32          0          0          0   (incl. Generated)
        34          0          2          5          2          0   (incl. Padding)

    ----------------------------------------------------------------------

      Code (inc. data)   RO Data    RW Data    ZI Data      Debug   Library Member Name

        90          0          0          0          0          0   __dczerorl2.o
         8          0          0          0          0         68   __main.o
       312          4         17          0          0         92   __printf_flags_wp.o
        14          0          0          0          0         68   __printf_wp.o
         0          0          0          0          0          0   __rtentry.o
        12          0          0          0          0          0   __rtentry2.o
         6          0          0          0          0          0   __rtentry4.o
        52          8          0          0          0          0   __scatter.o
        28          0          0          0          0          0   __scatter_zi.o
        48          6          0          0          0         96   _printf_char_common.o
         6          0          0          0          0          0   _printf_d.o
       120         16          0          0          0         92   _printf_dec.o
         6          0          0          0          0          0   _printf_f.o
      1054          0          0          0          0        216   _printf_fp_dec.o
       128         16          0          0          0         84   _printf_fp_infnan.o
       178          0          0          0          0         88   _printf_intcommon.o
         0          0          0          0          0          0   _printf_percent.o
         4          0          0          0          0          0   _printf_percent_end.o
        22          0          0          0          0        100   _rserrno.o
        10          0          0          0          0         68   _sputc.o
        16          0          0          0          0         68   aeabi_memset.o
       228          4        148          0          0         96   bigflt0.o
      1936        128          0          0          0        672   btod.o
        18          0          0          0          0         80   exit.o
         6          0          0          0          0        152   heapauxi.o
         0          0          0          0          0          0   indicate_semi.o
        44         10         28          0          0         76   lc_numeric_c.o
         2          0          0          0          0          0   libinit.o
        18          0          0          0          0          0   libinit2.o
         2          0          0          0          0          0   libshutdown.o
         2          0          0          0          0          0   libshutdown2.o
         8          4          0          0         96         68   libspace.o
        72          0          0          0          0         76   llsdiv.o
       138          0          0          0          0         80   lludiv10.o
       238          0          0          0          0        100   lludivv7m.o
        88          0          0          0          0         76   memcmp.o
        40          6          0          0          0         84   noretval__2sprintf.o
         8          4          0          0          0         68   rt_errno_addr_intlibspace.o
         8          4          0          0          0         68   rt_locale_intlibspace.o
        68          0          0          0          0         68   rt_memclr.o
        78          0          0          0          0         80   rt_memclr_w.o
         2          0          0          0          0          0   rtexit.o
        10          0          0          0          0          0   rtexit2.o
       128          0          0          0          0         68   strcmpv7m.o
        62          0          0          0          0         76   strlen.o
        12          4          0          0          0         68   sys_exit.o
        74          0          0          0          0         80   sys_stackheap_outer.o
         2          0          0          0          0         68   use_no_semi.o
        98          4          0          0          0         92   d2f.o
       826         16          0          0          0        348   daddsub_clz.o
        16          4          0          0          0         68   dcheck1.o
        24          0          0          0          0         68   dcmpi.o
       688        140          0          0          0        208   ddiv.o
       120          4          0          0          0         92   deqf.o
        46          0          0          0          0         68   dflt_clz.o
       120          4          0          0          0         92   dleqf.o
       340         12          0          0          0        104   dmul.o
       156          4          0          0          0         92   dnaninf.o
        12          0          0          0          0         68   dretinf.o
       460         56          0          0          0        120   dsqrt_noumaal.o
        86          4          0          0          0         84   f2d.o
       450          8          0          0          0        236   faddsub_clz.o
        24          0          0          0          0         68   fcmpi.o
       388         76          0          0          0         96   fdiv.o
       104          4          0          0          0         84   feqf.o
        54          4          0          0          0         84   ffix.o
        62          4          0          0          0         84   ffixu.o
        86          0          0          0          0        136   fflt_clz.o
       104          4          0          0          0         84   fleqf.o
       258          4          0          0          0         84   fmul.o
       140          4          0          0          0         84   fnaninf.o
        10          0          0          0          0         68   fretinf.o
        98          0          0          0          0         68   frleqf.o
         4          0          0          0          0         68   printf1.o
       100          0          0          0          0         68   retnan.o
        92          0          0          0          0         68   scalbn.o
        48          0          0          0          0         68   trapv.o
         0          0          0          0          0          0   usenofp.o
       624         52         80          0          0        168   asin.o
       544         70        152          0          0        124   atan.o
       384         38          0          0          0        144   atan2.o
        38          6          0          0          0        272   dunder.o
        40          0          0          0          0         68   fpclassify.o
       170          0          0          0          0         96   poly.o
         0          0          8          0          0          0   qnan.o
        76          0          0          0          0         84   sqrt.o

    ----------------------------------------------------------------------
     12326        736        440          0         96       7152   Library Totals
        30          0          7          0          0          0   (incl. Padding)

    ----------------------------------------------------------------------

      Code (inc. data)   RO Data    RW Data    ZI Data      Debug   Library Name

      5406        214        193          0         96       3244   c_w.l
      5014        356          0          0          0       2952   fz_ws.l
      1876        166        240          0          0        956   m_ws.l

    ----------------------------------------------------------------------
     12326        736        440          0         96       7152   Library Totals

    ----------------------------------------------------------------------

==============================================================================


      Code (inc. data)   RO Data    RW Data    ZI Data      Debug   

     45574       2838      12682        352       3736     688422   Grand Totals
     45574       2838      12682         92       3736     688422   ELF Image Totals (compressed)
     45574       2838      12682         92          0          0   ROM Totals

==============================================================================

    Total RO  Size (Code + RO Data)                58256 (  56.89kB)
    Total RW  Size (RW Data + ZI Data)              4088 (   3.99kB)
    Total ROM Size (Code + RO Data + RW Data)      58348 (  56.98kB)

==============================================================================

