Component: ARM Compiler 5.06 update 4 (build 422) Tool: armlink [4d35d2]

==============================================================================

Section Cross References

    startup_stm32f103xe.o(STACK) refers (Special) to heapauxi.o(.text) for __use_two_region_memory
    startup_stm32f103xe.o(HEAP) refers (Special) to heapauxi.o(.text) for __use_two_region_memory
    startup_stm32f103xe.o(RESET) refers (Special) to heapauxi.o(.text) for __use_two_region_memory
    startup_stm32f103xe.o(RESET) refers to startup_stm32f103xe.o(STACK) for __initial_sp
    startup_stm32f103xe.o(RESET) refers to startup_stm32f103xe.o(.text) for Reset_Handler
    startup_stm32f103xe.o(RESET) refers to stm32f1xx_it.o(i.NMI_Handler) for NMI_Handler
    startup_stm32f103xe.o(RESET) refers to stm32f1xx_it.o(i.HardFault_Handler) for HardFault_Handler
    startup_stm32f103xe.o(RESET) refers to stm32f1xx_it.o(i.MemManage_Handler) for MemManage_Handler
    startup_stm32f103xe.o(RESET) refers to stm32f1xx_it.o(i.BusFault_Handler) for BusFault_Handler
    startup_stm32f103xe.o(RESET) refers to stm32f1xx_it.o(i.UsageFault_Handler) for UsageFault_Handler
    startup_stm32f103xe.o(RESET) refers to stm32f1xx_it.o(i.SVC_Handler) for SVC_Handler
    startup_stm32f103xe.o(RESET) refers to stm32f1xx_it.o(i.DebugMon_Handler) for DebugMon_Handler
    startup_stm32f103xe.o(RESET) refers to stm32f1xx_it.o(i.PendSV_Handler) for PendSV_Handler
    startup_stm32f103xe.o(RESET) refers to stm32f1xx_it.o(i.SysTick_Handler) for SysTick_Handler
    startup_stm32f103xe.o(RESET) refers to stm32f1xx_it.o(i.TIM2_IRQHandler) for TIM2_IRQHandler
    startup_stm32f103xe.o(RESET) refers to stm32f1xx_it.o(i.USART1_IRQHandler) for USART1_IRQHandler
    startup_stm32f103xe.o(RESET) refers to stm32f1xx_it.o(i.USART2_IRQHandler) for USART2_IRQHandler
    startup_stm32f103xe.o(RESET) refers to stm32f1xx_it.o(i.TIM5_IRQHandler) for TIM5_IRQHandler
    startup_stm32f103xe.o(RESET) refers to stm32f1xx_it.o(i.TIM6_IRQHandler) for TIM6_IRQHandler
    startup_stm32f103xe.o(.text) refers (Special) to heapauxi.o(.text) for __use_two_region_memory
    startup_stm32f103xe.o(.text) refers to system_stm32f1xx.o(i.SystemInit) for SystemInit
    startup_stm32f103xe.o(.text) refers to __main.o(!!!main) for __main
    startup_stm32f103xe.o(.text) refers to startup_stm32f103xe.o(HEAP) for Heap_Mem
    startup_stm32f103xe.o(.text) refers to startup_stm32f103xe.o(STACK) for Stack_Mem
    grayscale.o(i.ERR) refers to grayscale.o(.data) for arr_bit
    grayscale.o(i.Read_8PIN) refers to stm32f1xx_hal_gpio.o(i.HAL_GPIO_ReadPin) for HAL_GPIO_ReadPin
    grayscale.o(i.Read_8PIN) refers to grayscale.o(i.ERR) for ERR
    grayscale.o(i.Read_8PIN) refers to grayscale.o(.data) for xun
    key.o(i.ReadKey) refers to stm32f1xx_hal_gpio.o(i.HAL_GPIO_ReadPin) for HAL_GPIO_ReadPin
    key.o(i.ReadKey) refers to key.o(.bss) for key_data1
    key.o(i.key_read) refers to stm32f1xx_hal_gpio.o(i.HAL_GPIO_ReadPin) for HAL_GPIO_ReadPin
    key.o(i.key_serv) refers to key.o(i.key_read) for key_read
    key.o(i.key_serv) refers to key.o(.bss) for bkey
    key.o(i.key_serv_long) refers to key.o(i.key_read) for key_read
    key.o(i.key_serv_long) refers to key.o(.bss) for bkey
    i2cs.o(i.I2CS_Init) refers to stm32f1xx_hal_gpio.o(i.HAL_GPIO_Init) for HAL_GPIO_Init
    i2cs.o(i.I2C_Start) refers to stm32f1xx_hal_gpio.o(i.HAL_GPIO_WritePin) for HAL_GPIO_WritePin
    i2cs.o(i.I2C_Stop) refers to stm32f1xx_hal_gpio.o(i.HAL_GPIO_WritePin) for HAL_GPIO_WritePin
    i2cs.o(i.I2C_WaitAck) refers to stm32f1xx_hal_gpio.o(i.HAL_GPIO_WritePin) for HAL_GPIO_WritePin
    i2cs.o(i.Send_Byte) refers to stm32f1xx_hal_gpio.o(i.HAL_GPIO_WritePin) for HAL_GPIO_WritePin
    my_main.o(i.Contrl) refers to stm32f1xx_hal_gpio.o(i.HAL_GPIO_WritePin) for HAL_GPIO_WritePin
    my_main.o(i.Contrl) refers to my_main.o(.data) for BIN1
    my_main.o(i.FuctionBase1) refers to my_main.o(.data) for RRRXnum
    my_main.o(i.FuctionBase2) refers to my_main.o(.data) for RRRXnum
    my_main.o(i.FuctionBase3) refers to my_main.o(.data) for RRRXnum
    my_main.o(i.FuctionImprove1) refers to my_main.o(.data) for RRRXnum
    my_main.o(i.FuctionImprove2) refers to my_main.o(.data) for RRRXnum
    my_main.o(i.FuctionImprove3) refers to my_main.o(.data) for RRRXnum
    my_main.o(i.FuctionSelect) refers to my_main.o(i.FuctionBase1) for FuctionBase1
    my_main.o(i.FuctionSelect) refers to my_main.o(i.FuctionBase2) for FuctionBase2
    my_main.o(i.FuctionSelect) refers to my_main.o(i.FuctionBase3) for FuctionBase3
    my_main.o(i.FuctionSelect) refers to my_main.o(i.FuctionImprove1) for FuctionImprove1
    my_main.o(i.FuctionSelect) refers to my_main.o(i.FuctionImprove2) for FuctionImprove2
    my_main.o(i.FuctionSelect) refers to my_main.o(i.FuctionImprove3) for FuctionImprove3
    my_main.o(i.FuctionSelect) refers to my_main.o(.data) for whichFuction
    my_main.o(i.GetVelocity) refers to fflt_clz.o(x$fpl$fflt) for __aeabi_i2f
[...]
    i.HAL_MspInit                            0x08000dd8   Section        0  stm32f1xx_hal_msp.o(i.HAL_MspInit)
    i.HAL_NVIC_EnableIRQ                     0x08000e2c   Section        0  stm32f1xx_hal_cortex.o(i.HAL_NVIC_EnableIRQ)
    i.HAL_NVIC_SetPriority                   0x08000e4c   Section        0  stm32f1xx_hal_cortex.o(i.HAL_NVIC_SetPriority)
    i.HAL_NVIC_SetPriorityGrouping           0x08000ec8   Section        0  stm32f1xx_hal_cortex.o(i.HAL_NVIC_SetPriorityGrouping)
    i.HAL_RCC_ClockConfig                    0x08000ef0   Section        0  stm32f1xx_hal_rcc.o(i.HAL_RCC_ClockConfig)
    i.HAL_RCC_GetHCLKFreq                    0x0800107c   Section        0  stm32f1xx_hal_rcc.o(i.HAL_RCC_GetHCLKFreq)
    i.HAL_RCC_GetPCLK1Freq                   0x08001088   Section        0  stm32f1xx_hal_rcc.o(i.HAL_RCC_GetPCLK1Freq)
    i.HAL_RCC_GetPCLK2Freq                   0x080010a8   Section        0  stm32f1xx_hal_rcc.o(i.HAL_RCC_GetPCLK2Freq)
    i.HAL_RCC_GetSysClockFreq                0x080010c8   Section        0  stm32f1xx_hal_rcc.o(i.HAL_RCC_GetSysClockFreq)
    i.HAL_RCC_OscConfig                      0x08001138   Section        0  stm32f1xx_hal_rcc.o(i.HAL_RCC_OscConfig)
    i.HAL_SYSTICK_Config                     0x0800159c   Section        0  stm32f1xx_hal_cortex.o(i.HAL_SYSTICK_Config)
    i.HAL_TIMEx_BreakCallback                0x080015d0   Section        0  stm32f1xx_hal_tim_ex.o(i.HAL_TIMEx_BreakCallback)
    i.HAL_TIMEx_CommutCallback               0x080015d2   Section        0  stm32f1xx_hal_tim_ex.o(i.HAL_TIMEx_CommutCallback)
    i.HAL_TIMEx_ConfigBreakDeadTime          0x080015d4   Section        0  stm32f1xx_hal_tim_ex.o(i.HAL_TIMEx_ConfigBreakDeadTime)
    i.HAL_TIMEx_MasterConfigSynchronization  0x08001648   Section        0  stm32f1xx_hal_tim_ex.o(i.HAL_TIMEx_MasterConfigSynchronization)
    i.HAL_TIM_Base_Init                      0x080016e4   Section        0  stm32f1xx_hal_tim.o(i.HAL_TIM_Base_Init)
    i.HAL_TIM_Base_MspInit                   0x0800174c   Section        0  tim.o(i.HAL_TIM_Base_MspInit)
    i.HAL_TIM_Base_Start_IT                  0x08001850   Section        0  stm32f1xx_hal_tim.o(i.HAL_TIM_Base_Start_IT)
    i.HAL_TIM_ConfigClockSource              0x080018e0   Section        0  stm32f1xx_hal_tim.o(i.HAL_TIM_ConfigClockSource)
    i.HAL_TIM_Encoder_Init                   0x080019ec   Section        0  stm32f1xx_hal_tim.o(i.HAL_TIM_Encoder_Init)
    i.HAL_TIM_Encoder_MspInit                0x08001ab0   Section        0  tim.o(i.HAL_TIM_Encoder_MspInit)
    i.HAL_TIM_Encoder_Start                  0x08001b7c   Section        0  stm32f1xx_hal_tim.o(i.HAL_TIM_Encoder_Start)
    i.HAL_TIM_IC_CaptureCallback             0x08001c48   Section        0  stm32f1xx_hal_tim.o(i.HAL_TIM_IC_CaptureCallback)
    i.HAL_TIM_IRQHandler                     0x08001c4a   Section        0  stm32f1xx_hal_tim.o(i.HAL_TIM_IRQHandler)
    i.HAL_TIM_MspPostInit                    0x08001de0   Section        0  tim.o(i.HAL_TIM_MspPostInit)
    i.HAL_TIM_OC_DelayElapsedCallback        0x08001e78   Section        0  stm32f1xx_hal_tim.o(i.HAL_TIM_OC_DelayElapsedCallback)
    i.HAL_TIM_PWM_ConfigChannel              0x08001e7a   Section        0  stm32f1xx_hal_tim.o(i.HAL_TIM_PWM_ConfigChannel)
    i.HAL_TIM_PWM_Init                       0x08001f7e   Section        0  stm32f1xx_hal_tim.o(i.HAL_TIM_PWM_Init)
    i.HAL_TIM_PWM_MspInit                    0x08001fe4   Section        0  stm32f1xx_hal_tim.o(i.HAL_TIM_PWM_MspInit)
    i.HAL_TIM_PWM_PulseFinishedCallback      0x08001fe6   Section        0  stm32f1xx_hal_tim.o(i.HAL_TIM_PWM_PulseFinishedCallback)
    i.HAL_TIM_PWM_Start                      0x08001fe8   Section        0  stm32f1xx_hal_tim.o(i.HAL_TIM_PWM_Start)
    i.HAL_TIM_PWM_Stop                       0x080020dc   Section        0  stm32f1xx_hal_tim.o(i.HAL_TIM_PWM_Stop)
    i.HAL_TIM_PeriodElapsedCallback          0x08002184   Section        0  my_main.o(i.HAL_TIM_PeriodElapsedCallback)
    i.HAL_TIM_TriggerCallback                0x08002214   Section        0  stm32f1xx_hal_tim.o(i.HAL_TIM_TriggerCallback)
    i.HAL_UARTEx_ReceiveToIdle_IT            0x08002216   Section        0  stm32f1xx_hal_uart.o(i.HAL_UARTEx_ReceiveToIdle_IT)
    i.HAL_UARTEx_RxEventCallback             0x08002288   Section        0  my_main.o(i.HAL_UARTEx_RxEventCallback)
    i.HAL_UART_ErrorCallback                 0x080022f4   Section        0  stm32f1xx_hal_uart.o(i.HAL_UART_ErrorCallback)
    i.HAL_UART_IRQHandler                    0x080022f8   Section        0  stm32f1xx_hal_uart.o(i.HAL_UART_IRQHandler)
    i.HAL_UART_Init                          0x080025dc   Section        0  stm32f1xx_hal_uart.o(i.HAL_UART_Init)
    i.HAL_UART_MspInit                       0x08002654   Section        0  usart.o(i.HAL_UART_MspInit)
    i.HAL_UART_RxCpltCallback                0x08002764   Section        0  stm32f1xx_hal_uart.o(i.HAL_UART_RxCpltCallback)
    i.HAL_UART_TxCpltCallback                0x08002766   Section        0  stm32f1xx_hal_uart.o(i.HAL_UART_TxCpltCallback)
    i.HardFault_Handler                      0x08002768   Section        0  stm32f1xx_it.o(i.HardFault_Handler)
    i.I2CS_Init                              0x0800276c   Section        0  i2cs.o(i.I2CS_Init)
    i.I2C_Start                              0x080027b0   Section        0  i2cs.o(i.I2C_Start)
    i.I2C_Stop                               0x080027e4   Section        0  i2cs.o(i.I2C_Stop)
    i.I2C_WaitAck                            0x0800280c   Section        0  i2cs.o(i.I2C_WaitAck)
    i.Limit                                  0x0800282c   Section        0  my_main.o(i.Limit)
    i.MX_GPIO_Init                           0x08002868   Section        0  gpio.o(i.MX_GPIO_Init)
    i.MX_I2C2_Init                           0x08002a08   Section        0  i2c.o(i.MX_I2C2_Init)
    i.MX_TIM1_Init                           0x08002a44   Section        0  tim.o(i.MX_TIM1_Init)
    i.MX_TIM2_Init                           0x08002b1c   Section        0  tim.o(i.MX_TIM2_Init)
    i.MX_TIM3_Init                           0x08002b88   Section        0  tim.o(i.MX_TIM3_Init)
    i.MX_TIM4_Init                           0x08002c04   Section        0  tim.o(i.MX_TIM4_Init)
    i.MX_TIM5_Init                           0x08002c80   Section        0  tim.o(i.MX_TIM5_Init)
    i.MX_TIM6_Init                           0x08002cf0   Section        0  tim.o(i.MX_TIM6_Init)
    i.MX_TIM8_Init                           0x08002d3c   Section        0  tim.o(i.MX_TIM8_Init)
    i.MX_USART1_UART_Init                    0x08002e14   Section        0  usart.o(i.MX_USART1_UART_Init)
    i.MX_USART2_UART_Init                    0x08002e4c   Section        0  usart.o(i.MX_USART2_UART_Init)
    i.MemManage_Handler                      0x08002e84   Section        0  stm32f1xx_it.o(i.MemManage_Handler)
    i.NMI_Handler                            0x08002e88   Section        0  stm32f1xx_it.o(i.NMI_Handler)
    i.OLED_Clear                             0x08002e8c   Section        0  oled.o(i.OLED_Clear)
    i.OLED_ClearPoint                        0x08002ebc   Section        0  oled.o(i.OLED_ClearPoint)
    i.OLED_DrawPoint                         0x08002f1c   Section        0  oled.o(i.OLED_DrawPoint)
    i.OLED_Init                              0x08002f58   Section        0  oled.o(i.OLED_Init)
    i.OLED_Pow                               0x0800304c   Section        0  oled.o(i.OLED_Pow)
    i.OLED_Refresh                           0x08003064   Section        0  oled.o(i.OLED_Refresh)
    i.OLED_ShowChar                          0x080030b0   Section        0  oled.o(i.OLED_ShowChar)
    i.OLED_ShowSignedNum                     0x080031ac   Section        0  oled.o(i.OLED_ShowSignedNum)
    i.OLED_ShowString                        0x08003224   Section        0  oled.o(i.OLED_ShowString)
    i.OLED_WR_Byte                           0x08003266   Section        0  oled.o(i.OLED_WR_Byte)
    i.PendSV_Handler                         0x0800329e   Section        0  stm32f1xx_it.o(i.PendSV_Handler)
    i.RCC_Delay                              0x080032a0   Section        0  stm32f1xx_hal_rcc.o(i.RCC_Delay)
    RCC_Delay                                0x080032a1   Thumb Code    36  stm32f1xx_hal_rcc.o(i.RCC_Delay)
    i.ReadKey                                0x080032c8   Section        0  key.o(i.ReadKey)
    i.Read_8PIN                              0x080033a4   Section        0  grayscale.o(i.Read_8PIN)
    i.Read_Encoder                           0x08003428   Section        0  tim.o(i.Read_Encoder)
    i.SVC_Handler                            0x08003474   Section        0  stm32f1xx_it.o(i.SVC_Handler)
    i.Send_Byte                              0x08003478   Section        0  i2cs.o(i.Send_Byte)
    i.Set_Pwm                                0x080034d4   Section        0  my_main.o(i.Set_Pwm)
    i.SysTick_Handler                        0x08003554   Section        0  stm32f1xx_it.o(i.SysTick_Handler)
    i.SystemClock_Config                     0x0800355c   Section        0  main.o(i.SystemClock_Config)
    i.SystemInit                             0x080035c2   Section        0  system_stm32f1xx.o(i.SystemInit)
    i.TIM2_IRQHandler                        0x080035c4   Section        0  stm32f1xx_it.o(i.TIM2_IRQHandler)
    i.TIM5_IRQHandler                        0x080035d4   Section        0  stm32f1xx_it.o(i.TIM5_IRQHandler)
    i.TIM6_IRQHandler                        0x080035e4   Section        0  stm32f1xx_it.o(i.TIM6_IRQHandler)
    i.TIM_Base_SetConfig                     0x080035f4   Section        0  stm32f1xx_hal_tim.o(i.TIM_Base_SetConfig)
    i.TIM_CCxChannelCmd                      0x08003690   Section        0  stm32f1xx_hal_tim.o(i.TIM_CCxChannelCmd)
    i.TIM_ETR_SetConfig                      0x080036b2   Section        0  stm32f1xx_hal_tim.o(i.TIM_ETR_SetConfig)
    i.TIM_ITRx_SetConfig                     0x080036c8   Section        0  stm32f1xx_hal_tim.o(i.TIM_ITRx_SetConfig)
    TIM_ITRx_SetConfig                       0x080036c9   Thumb Code    18  stm32f1xx_hal_tim.o(i.TIM_ITRx_SetConfig)
    i.TIM_OC1_SetConfig                      0x080036dc   Section        0  stm32f1xx_hal_tim.o(i.TIM_OC1_SetConfig)
    TIM_OC1_SetConfig                        0x080036dd   Thumb Code   104  stm32f1xx_hal_tim.o(i.TIM_OC1_SetConfig)
    i.TIM_OC2_SetConfig                      0x0800374c   Section        0  stm32f1xx_hal_tim.o(i.TIM_OC2_SetConfig)
    i.TIM_OC3_SetConfig                      0x080037c8   Section        0  stm32f1xx_hal_tim.o(i.TIM_OC3_SetConfig)
    TIM_OC3_SetConfig                        0x080037c9   Thumb Code   112  stm32f1xx_hal_tim.o(i.TIM_OC3_SetConfig)
    i.TIM_OC4_SetConfig                      0x08003840   Section        0  stm32f1xx_hal_tim.o(i.TIM_OC4_SetConfig)
    TIM_OC4_SetConfig                        0x08003841   Thumb Code    74  stm32f1xx_hal_tim.o(i.TIM_OC4_SetConfig)
    i.TIM_TI1_ConfigInputStage               0x08003894   Section        0  stm32f1xx_hal_tim.o(i.TIM_TI1_ConfigInputStage)
    TIM_TI1_ConfigInputStage                 0x08003895   Thumb Code    38  stm32f1xx_hal_tim.o(i.TIM_TI1_ConfigInputStage)
    i.TIM_TI2_ConfigInputStage               0x080038ba   Section        0  stm32f1xx_hal_tim.o(i.TIM_TI2_ConfigInputStage)
    TIM_TI2_ConfigInputStage                 0x080038bb   Thumb Code    40  stm32f1xx_hal_tim.o(i.TIM_TI2_ConfigInputStage)
    i.UART_DMAAbortOnError                   0x080038e2   Section        0  stm32f1xx_hal_uart.o(i.UART_DMAAbortOnError)
    UART_DMAAbortOnError                     0x080038e3   Thumb Code    20  stm32f1xx_hal_uart.o(i.UART_DMAAbortOnError)
    i.UART_EndRxTransfer                     0x080038f6   Section        0  stm32f1xx_hal_uart.o(i.UART_EndRxTransfer)
    UART_EndRxTransfer                       0x080038f7   Thumb Code   108  stm32f1xx_hal_uart.o(i.UART_EndRxTransfer)
    i.UART_EndTransmit_IT                    0x08003962   Section        0  stm32f1xx_hal_uart.o(i.UART_EndTransmit_IT)
    UART_EndTransmit_IT                      0x08003963   Thumb Code    32  stm32f1xx_hal_uart.o(i.UART_EndTransmit_IT)
    i.UART_Proc                              0x08003984   Section        0  my_main.o(i.UART_Proc)
    i.UART_Receive_IT                        0x080039f8   Section        0  stm32f1xx_hal_uart.o(i.UART_Receive_IT)
    UART_Receive_IT                          0x080039f9   Thumb Code   252  stm32f1xx_hal_uart.o(i.UART_Receive_IT)
    i.UART_SetConfig                         0x08003af4   Section        0  stm32f1xx_hal_uart.o(i.UART_SetConfig)
    UART_SetConfig                           0x08003af5   Thumb Code   248  stm32f1xx_hal_uart.o(i.UART_SetConfig)
    i.UART_Start_Receive_IT                  0x08003bf0   Section        0  stm32f1xx_hal_uart.o(i.UART_Start_Receive_IT)
    i.UART_Transmit_IT                       0x08003c30   Section        0  stm32f1xx_hal_uart.o(i.UART_Transmit_IT)
    UART_Transmit_IT                         0x08003c31   Thumb Code    96  stm32f1xx_hal_uart.o(i.UART_Transmit_IT)
    i.USART1_IRQHandler                      0x08003c90   Section        0  stm32f1xx_it.o(i.USART1_IRQHandler)
    i.USART2_IRQHandler                      0x08003ca0   Section        0  stm32f1xx_it.o(i.USART2_IRQHandler)
    i.UsageFault_Handler                     0x08003cbc   Section        0  stm32f1xx_it.o(i.UsageFault_Handler)
    i.__NVIC_GetPriorityGrouping             0x08003cc0   Section        0  stm32f1xx_hal_cortex.o(i.__NVIC_GetPriorityGrouping)
    __NVIC_GetPriorityGrouping               0x08003cc1   Thumb Code    10  stm32f1xx_hal_cortex.o(i.__NVIC_GetPriorityGrouping)
    i.__NVIC_SetPriority                     0x08003cd0   Section        0  stm32f1xx_hal_cortex.o(i.__NVIC_SetPriority)
    __NVIC_SetPriority                       0x08003cd1   Thumb Code    32  stm32f1xx_hal_cortex.o(i.__NVIC_SetPriority)
    i.key_process                            0x08003cf8   Section        0  my_main.o(i.key_process)
    i.loop                                   0x08003eb8   Section        0  my_main.o(i.loop)
    i.main                                   0x08003ec8   Section        0  main.o(i.main)
    i.oled_proc                              0x08003f08   Section        0  my_main.o(i.oled_proc)
    i.set_up                                 0x08004144   Section        0  my_main.o(i.set_up)
    x$fpl$d2f                                0x080041c4   Section       98  d2f.o(x$fpl$d2f)
    x$fpl$dadd                               0x08004228   Section      336  daddsub_clz.o(x$fpl$dadd)
    _dadd1                                   0x08004239   Thumb Code     0  daddsub_clz.o(x$fpl$dadd)
    x$fpl$dcmpinf                            0x08004378   Section       24  dcmpi.o(x$fpl$dcmpinf)
    x$fpl$deqf                               0x08004390   Section      120  deqf.o(x$fpl$deqf)
    x$fpl$dmul                               0x08004408   Section      340  dmul.o(x$fpl$dmul)
    x$fpl$dnaninf                            0x0800455c   Section      156  dnaninf.o(x$fpl$dnaninf)
    x$fpl$dretinf                            0x080045f8   Section       12  dretinf.o(x$fpl$dretinf)
    x$fpl$dsub                               0x08004604   Section      468  daddsub_clz.o(x$fpl$dsub)
    _dsub1                                   0x08004615   Thumb Code     0  daddsub_clz.o(x$fpl$dsub)
    x$fpl$f2d                                0x080047d8   Section       86  f2d.o(x$fpl$f2d)
    x$fpl$fadd                               0x08004830   Section      196  faddsub_clz.o(x$fpl$fadd)
    _fadd1                                   0x0800483f   Thumb Code     0  faddsub_clz.o(x$fpl$fadd)
    x$fpl$fcmpinf                            0x080048f4   Section       24  fcmpi.o(x$fpl$fcmpinf)
    x$fpl$fdiv                               0x0800490c   Section      388  fdiv.o(x$fpl$fdiv)
    _fdiv1                                   0x0800490d   Thumb Code     0  fdiv.o(x$fpl$fdiv)
    x$fpl$feqf                               0x08004a90   Section      104  feqf.o(x$fpl$feqf)
    x$fpl$ffix                               0x08004af8   Section       54  ffix.o(x$fpl$ffix)
    x$fpl$fflt                               0x08004b30   Section       48  fflt_clz.o(x$fpl$fflt)
    x$fpl$fleqf                              0x08004b60   Section      104  fleqf.o(x$fpl$fleqf)
    x$fpl$fmul                               0x08004bc8   Section      258  fmul.o(x$fpl$fmul)
    x$fpl$fnaninf                            0x08004cca   Section      140  fnaninf.o(x$fpl$fnaninf)
    x$fpl$fretinf                            0x08004d56   Section       10  fretinf.o(x$fpl$fretinf)
    x$fpl$frleqf                             0x08004d60   Section       98  frleqf.o(x$fpl$frleqf)
    x$fpl$fsub                               0x08004dc4   Section      234  faddsub_clz.o(x$fpl$fsub)
    _fsub1                                   0x08004dd3   Thumb Code     0  faddsub_clz.o(x$fpl$fsub)
    .constdata                               0x08004eae   Section     8720  oled.o(.constdata)
    x$fpl$usenofp                            0x08004eae   Section        0  usenofp.o(x$fpl$usenofp)
    .constdata                               0x080070be   Section       18  stm32f1xx_hal_rcc.o(.constdata)
    aPLLMULFactorTable                       0x080070be   Data          16  stm32f1xx_hal_rcc.o(.constdata)
    aPredivFactorTable                       0x080070ce   Data           2  stm32f1xx_hal_rcc.o(.constdata)
    .constdata                               0x080070d0   Section       24  system_stm32f1xx.o(.constdata)
    .data                                    0x20000000   Section       16  grayscale.o(.data)
    .data                                    0x20000010   Section      178  my_main.o(.data)
    .data                                    0x200000c4   Section        9  stm32f1xx_hal.o(.data)
    .data                                    0x200000d0   Section        4  system_stm32f1xx.o(.data)
    .bss                                     0x200000d4   Section       52  key.o(.bss)
    .bss                                     0x20000108   Section      100  my_main.o(.bss)
    .bss                                     0x2000016c   Section     1152  oled.o(.bss)
    .bss                                     0x200005ec   Section       84  i2c.o(.bss)
    .bss                                     0x20000640   Section      504  tim.o(.bss)
    .bss                                     0x20000838   Section      144  usart.o(.bss)
    .bss                                     0x200008c8   Section       96  libspace.o(.bss)
    HEAP                                     0x20000928   Section      512  startup_stm32f103xe.o(HEAP)
    Heap_Mem                                 0x20000928   Data         512  startup_stm32f103xe.o(HEAP)
    STACK                                    0x20000b28   Section     1024  startup_stm32f103xe.o(STACK)
    Stack_Mem                                0x20000b28   Data        1024  startup_stm32f103xe.o(STACK)
    __initial_sp                             0x20000f28   Data           0  startup_stm32f103xe.o(STACK)

    Global Symbols

    Symbol Name                              Value     Ov Type        Size  Object(Section)

    BuildAttributes$$THM_ISAv4$P$D$K$B$S$PE$A:L22UL41UL21$X:L11$S22US41US21$IEEE1$IW$USESV6$~STKCKD$USESV7$~SHL$OTIME$ROPI$IEEEX$EBA8$UX$STANDARDLIB$REQ8$PRES8$EABIv2 0x00000000   Number         0  anon$$obj.o ABSOLUTE
    __ARM_use_no_argv                        0x00000000   Number         0  main.o ABSOLUTE
    _printf_flags                            0x00000000   Number         0  printf_stubs.o ABSOLUTE
    _printf_return_value                     0x00000000   Number         0  printf_stubs.o ABSOLUTE
    _printf_sizespec                         0x00000000   Number         0  printf_stubs.o ABSOLUTE
    _printf_widthprec                        0x00000000   Number         0  printf_stubs.o ABSOLUTE
    __ARM_exceptions_init                     - Undefined Weak Reference
    __alloca_initialize                       - Undefined Weak Reference
    __arm_preinit_                            - Undefined Weak Reference
    __cpp_initialize__aeabi_                  - Undefined Weak Reference
    __cxa_finalize                            - Undefined Weak Reference
    __sigvec_lookup                           - Undefined Weak Reference
    __user_heap_extent                        - Undefined Weak Reference
    _atexit_init                              - Undefined Weak Reference
    _call_atexit_fns                          - Undefined Weak Reference
    _clock_init                               - Undefined Weak Reference
    _fp_trap_init                             - Undefined Weak Reference
    _fp_trap_shutdown                         - Undefined Weak Reference
    _get_lc_collate                           - Undefined Weak Reference
    _get_lc_ctype                             - Undefined Weak Reference
    _get_lc_monetary                          - Undefined Weak Reference
    _get_lc_time                              - Undefined Weak Reference
    _getenv_init                              - Undefined Weak Reference
    _handle_redirection                       - Undefined Weak Reference
    _mutex_acquire                            - Undefined Weak Reference
    _mutex_free                               - Undefined Weak Reference
    _mutex_release                            - Undefined Weak Reference
    _printf_truncate_unsigned                 - Undefined Weak Reference
    _signal_finish                            - Undefined Weak Reference
    _signal_init                              - Undefined Weak Reference
    __Vectors_Size                           0x00000130   Number         0  startup_stm32f103xe.o ABSOLUTE
    __Vectors                                0x08000000   Data           4  startup_stm32f103xe.o(RESET)
    __Vectors_End                            0x08000130   Data           0  startup_stm32f103xe.o(RESET)
    __main                                   0x08000131   Thumb Code     8  __main.o(!!!main)
    __scatterload                            0x08000139   Thumb Code     0  __scatter.o(!!!scatter)
    __scatterload_rt2                        0x08000139   Thumb Code    44  __scatter.o(!!!scatter)
    __scatterload_rt2_thumb_only             0x08000139   Thumb Code     0  __scatter.o(!!!scatter)
    __scatterload_null                       0x08000147   Thumb Code     0  __scatter.o(!!!scatter)
    __scatterload_copy                       0x0800016d   Thumb Code    26  __scatter_copy.o(!!handler_copy)
    __scatterload_zeroinit                   0x08000189   Thumb Code    28  __scatter_zi.o(!!handler_zi)
    __rt_lib_init                            0x080001a5   Thumb Code     0  libinit.o(.ARM.Collect$$libinit$$00000000)
    __rt_lib_init_alloca_1                   0x080001a7   Thumb Code     0  libinit2.o(.ARM.Collect$$libinit$$0000002E)
    __rt_lib_init_argv_1                     0x080001a7   Thumb Code     0  libinit2.o(.ARM.Collect$$libinit$$0000002C)
    __rt_lib_init_atexit_1                   0x080001a7   Thumb Code     0  libinit2.o(.ARM.Collect$$libinit$$0000001B)
    __rt_lib_init_clock_1                    0x080001a7   Thumb Code     0  libinit2.o(.ARM.Collect$$libinit$$00000021)
    __rt_lib_init_cpp_1                      0x080001a7   Thumb Code     0  libinit2.o(.ARM.Collect$$libinit$$00000032)
    __rt_lib_init_exceptions_1               0x080001a7   Thumb Code     0  libinit2.o(.ARM.Collect$$libinit$$00000030)
    __rt_lib_init_fp_1                       0x080001a7   Thumb Code     0  libinit2.o(.ARM.Collect$$libinit$$00000002)
    __rt_lib_init_fp_trap_1                  0x080001a7   Thumb Code     0  libinit2.o(.ARM.Collect$$libinit$$0000001F)
    __rt_lib_init_getenv_1                   0x080001a7   Thumb Code     0  libinit2.o(.ARM.Collect$$libinit$$00000023)
    __rt_lib_init_heap_1                     0x080001a7   Thumb Code     0  libinit2.o(.ARM.Collect$$libinit$$0000000A)
    __rt_lib_init_lc_collate_1               0x080001a7   Thumb Code     0  libinit2.o(.ARM.Collect$$libinit$$00000011)
    __rt_lib_init_lc_ctype_1                 0x080001a7   Thumb Code     0  libinit2.o(.ARM.Collect$$libinit$$00000013)
    __rt_lib_init_lc_monetary_1              0x080001a7   Thumb Code     0  libinit2.o(.ARM.Collect$$libinit$$00000015)
    __rt_lib_init_lc_numeric_1               0x080001a7   Thumb Code     0  libinit2.o(.ARM.Collect$$libinit$$00000017)
    __rt_lib_init_lc_time_1                  0x080001a7   Thumb Code     0  libinit2.o(.ARM.Collect$$libinit$$00000019)
    __rt_lib_init_preinit_1                  0x080001a7   Thumb Code     0  libinit2.o(.ARM.Collect$$libinit$$00000004)
    __rt_lib_init_rand_1                     0x080001a7   Thumb Code     0  libinit2.o(.ARM.Collect$$libinit$$0000000E)
    __rt_lib_init_return                     0x080001a7   Thumb Code     0  libinit2.o(.ARM.Collect$$libinit$$00000033)
    __rt_lib_init_signal_1                   0x080001a7   Thumb Code     0  libinit2.o(.ARM.Collect$$libinit$$0000001D)
    __rt_lib_init_stdio_1                    0x080001a7   Thumb Code     0  libinit2.o(.ARM.Collect$$libinit$$00000025)
    __rt_lib_init_user_alloc_1               0x080001a7   Thumb Code     0  libinit2.o(.ARM.Collect$$libinit$$0000000C)
    __rt_lib_shutdown                        0x080001a9   Thumb Code     0  libshutdown.o(.ARM.Collect$$libshutdown$$00000000)
    __rt_lib_shutdown_cpp_1                  0x080001ab   Thumb Code     0  libshutdown2.o(.ARM.Collect$$libshutdown$$00000002)
    __rt_lib_shutdown_fp_trap_1              0x080001ab   Thumb Code     0  libshutdown2.o(.ARM.Collect$$libshutdown$$00000007)
    __rt_lib_shutdown_heap_1                 0x080001ab   Thumb Code     0  libshutdown2.o(.ARM.Collect$$libshutdown$$0000000F)
    __rt_lib_shutdown_return                 0x080001ab   Thumb Code     0  libshutdown2.o(.ARM.Collect$$libshutdown$$00000010)
    __rt_lib_shutdown_signal_1               0x080001ab   Thumb Code     0  libshutdown2.o(.ARM.Collect$$libshutdown$$0000000A)
    __rt_lib_shutdown_stdio_1                0x080001ab   Thumb Code     0  libshutdown2.o(.ARM.Collect$$libshutdown$$00000004)
    __rt_lib_shutdown_user_alloc_1           0x080001ab   Thumb Code     0  libshutdown2.o(.ARM.Collect$$libshutdown$$0000000C)
    __rt_entry                               0x080001ad   Thumb Code     0  __rtentry.o(.ARM.Collect$$rtentry$$00000000)
    __rt_entry_presh_1                       0x080001ad   Thumb Code     0  __rtentry2.o(.ARM.Collect$$rtentry$$00000002)
    __rt_entry_sh                            0x080001ad   Thumb Code     0  __rtentry4.o(.ARM.Collect$$rtentry$$00000004)
    __rt_entry_li                            0x080001b3   Thumb Code     0  __rtentry2.o(.ARM.Collect$$rtentry$$0000000A)
    __rt_entry_postsh_1                      0x080001b3   Thumb Code     0  __rtentry2.o(.ARM.Collect$$rtentry$$00000009)
    __rt_entry_main                          0x080001b7   Thumb Code     0  __rtentry2.o(.ARM.Collect$$rtentry$$0000000D)
    __rt_entry_postli_1                      0x080001b7   Thumb Code     0  __rtentry2.o(.ARM.Collect$$rtentry$$0000000C)
    __rt_exit                                0x080001bf   Thumb Code     0  rtexit.o(.ARM.Collect$$rtexit$$00000000)
    __rt_exit_ls                             0x080001c1   Thumb Code     0  rtexit2.o(.ARM.Collect$$rtexit$$00000003)
    __rt_exit_prels_1                        0x080001c1   Thumb Code     0  rtexit2.o(.ARM.Collect$$rtexit$$00000002)
    __rt_exit_exit                           0x080001c5   Thumb Code     0  rtexit2.o(.ARM.Collect$$rtexit$$00000004)
    Reset_Handler                            0x080001cd   Thumb Code     8  startup_stm32f103xe.o(.text)
    ADC1_2_IRQHandler                        0x080001e7   Thumb Code     0  startup_stm32f103xe.o(.text)
    ADC3_IRQHandler                          0x080001e7   Thumb Code     0  startup_stm32f103xe.o(.text)
    CAN1_RX1_IRQHandler                      0x080001e7   Thumb Code     0  startup_stm32f103xe.o(.text)
    CAN1_SCE_IRQHandler                      0x080001e7   Thumb Code     0  startup_stm32f103xe.o(.text)
    DMA1_Channel1_IRQHandler                 0x080001e7   Thumb Code     0  startup_stm32f103xe.o(.text)
    DMA1_Channel2_IRQHandler                 0x080001e7   Thumb Code     0  startup_stm32f103xe.o(.text)
    DMA1_Channel3_IRQHandler                 0x080001e7   Thumb Code     0  startup_stm32f103xe.o(.text)
    DMA1_Channel4_IRQHandler                 0x080001e7   Thumb Code     0  startup_stm32f103xe.o(.text)
    DMA1_Channel5_IRQHandler                 0x080001e7   Thumb Code     0  startup_stm32f103xe.o(.text)
    DMA1_Channel6_IRQHandler                 0x080001e7   Thumb Code     0  startup_stm32f103xe.o(.text)
    DMA1_Channel7_IRQHandler                 0x080001e7   Thumb Code     0  startup_stm32f103xe.o(.text)
    DMA2_Channel1_IRQHandler                 0x080001e7   Thumb Code     0  startup_stm32f103xe.o(.text)
    DMA2_Channel2_IRQHandler                 0x080001e7   Thumb Code     0  startup_stm32f103xe.o(.text)
    DMA2_Channel3_IRQHandler                 0x080001e7   Thumb Code     0  startup_stm32f103xe.o(.text)
    DMA2_Channel4_5_IRQHandler               0x080001e7   Thumb Code     0  startup_stm32f103xe.o(.text)
    EXTI0_IRQHandler                         0x080001e7   Thumb Code     0  startup_stm32f103xe.o(.text)
    EXTI15_10_IRQHandler                     0x080001e7   Thumb Code     0  startup_stm32f103xe.o(.text)
    EXTI1_IRQHandler                         0x080001e7   Thumb Code     0  startup_stm32f103xe.o(.text)
    EXTI2_IRQHandler                         0x080001e7   Thumb Code     0  startup_stm32f103xe.o(.text)
    EXTI3_IRQHandler                         0x080001e7   Thumb Code     0  startup_stm32f103xe.o(.text)
    EXTI4_IRQHandler                         0x080001e7   Thumb Code     0  startup_stm32f103xe.o(.text)
    EXTI9_5_IRQHandler                       0x080001e7   Thumb Code     0  startup_stm32f103xe.o(.text)
    FLASH_IRQHandler                         0x080001e7   Thumb Code     0  startup_stm32f103xe.o(.text)
    FSMC_IRQHandler                          0x080001e7   Thumb Code     0  startup_stm32f103xe.o(.text)
    I2C1_ER_IRQHandler                       0x080001e7   Thumb Code     0  startup_stm32f103xe.o(.text)
    I2C1_EV_IRQHandler                       0x080001e7   Thumb Code     0  startup_stm32f103xe.o(.text)
    I2C2_ER_IRQHandler                       0x080001e7   Thumb Code     0  startup_stm32f103xe.o(.text)
    I2C2_EV_IRQHandler                       0x080001e7   Thumb Code     0  startup_stm32f103xe.o(.text)
    PVD_IRQHandler                           0x080001e7   Thumb Code     0  startup_stm32f103xe.o(.text)
    RCC_IRQHandler                           0x080001e7   Thumb Code     0  startup_stm32f103xe.o(.text)
    RTC_Alarm_IRQHandler                     0x080001e7   Thumb Code     0  startup_stm32f103xe.o(.text)
    RTC_IRQHandler                           0x080001e7   Thumb Code     0  startup_stm32f103xe.o(.text)
    SDIO_IRQHandler                          0x080001e7   Thumb Code     0  startup_stm32f103xe.o(.text)
    SPI1_IRQHandler                          0x080001e7   Thumb Code     0  startup_stm32f103xe.o(.text)
    SPI2_IRQHandler                          0x080001e7   Thumb Code     0  startup_stm32f103xe.o(.text)
    SPI3_IRQHandler                          0x080001e7   Thumb Code     0  startup_stm32f103xe.o(.text)
    TAMPER_IRQHandler                        0x080001e7   Thumb Code     0  startup_stm32f103xe.o(.text)
    TIM1_BRK_IRQHandler                      0x080001e7   Thumb Code     0  startup_stm32f103xe.o(.text)
    TIM1_CC_IRQHandler                       0x080001e7   Thumb Code     0  startup_stm32f103xe.o(.text)
    TIM1_TRG_COM_IRQHandler                  0x080001e7   Thumb Code     0  startup_stm32f103xe.o(.text)
    TIM1_UP_IRQHandler                       0x080001e7   Thumb Code     0  startup_stm32f103xe.o(.text)
    TIM3_IRQHandler                          0x080001e7   Thumb Code     0  startup_stm32f103xe.o(.text)
    TIM4_IRQHandler                          0x080001e7   Thumb Code     0  startup_stm32f103xe.o(.text)
    TIM7_IRQHandler                          0x080001e7   Thumb Code     0  startup_stm32f103xe.o(.text)
    TIM8_BRK_IRQHandler                      0x080001e7   Thumb Code     0  startup_stm32f103xe.o(.text)
    TIM8_CC_IRQHandler                       0x080001e7   Thumb Code     0  startup_stm32f103xe.o(.text)
    TIM8_TRG_COM_IRQHandler                  0x080001e7   Thumb Code     0  startup_stm32f103xe.o(.text)
    TIM8_UP_IRQHandler                       0x080001e7   Thumb Code     0  startup_stm32f103xe.o(.text)
    UART4_IRQHandler                         0x080001e7   Thumb Code     0  startup_stm32f103xe.o(.text)
    UART5_IRQHandler                         0x080001e7   Thumb Code     0  startup_stm32f103xe.o(.text)
    USART3_IRQHandler                        0x080001e7   Thumb Code     0  startup_stm32f103xe.o(.text)
    USBWakeUp_IRQHandler                     0x080001e7   Thumb Code     0  startup_stm32f103xe.o(.text)
    USB_HP_CAN1_TX_IRQHandler                0x080001e7   Thumb Code     0  startup_stm32f103xe.o(.text)
    USB_LP_CAN1_RX0_IRQHandler               0x080001e7   Thumb Code     0  startup_stm32f103xe.o(.text)
    WWDG_IRQHandler                          0x080001e7   Thumb Code     0  startup_stm32f103xe.o(.text)
    __user_initial_stackheap                 0x080001e9   Thumb Code     0  startup_stm32f103xe.o(.text)
    __aeabi_memclr4                          0x0800020d   Thumb Code     0  rt_memclr_w.o(.text)
    __aeabi_memclr8                          0x0800020d   Thumb Code     0  rt_memclr_w.o(.text)
    __rt_memclr_w                            0x0800020d   Thumb Code    78  rt_memclr_w.o(.text)
    _memset_w                                0x08000211   Thumb Code     0  rt_memclr_w.o(.text)
    strcmp                                   0x0800025d   Thumb Code   128  strcmpv7m.o(.text)
    __use_two_region_memory                  0x080002dd   Thumb Code     2  heapauxi.o(.text)
    __rt_heap_escrow                         0x080002df   Thumb Code     2  heapauxi.o(.text)
    __rt_heap_expand                         0x080002e1   Thumb Code     2  heapauxi.o(.text)
    __user_libspace                          0x080002e5   Thumb Code     8  libspace.o(.text)
    __user_perproc_libspace                  0x080002e5   Thumb Code     0  libspace.o(.text)
    __user_perthread_libspace                0x080002e5   Thumb Code     0  libspace.o(.text)
    __user_setup_stackheap                   0x080002ed   Thumb Code    74  sys_stackheap_outer.o(.text)
    exit                                     0x08000337   Thumb Code    18  exit.o(.text)
    __I$use$semihosting                      0x08000349   Thumb Code     0  use_no_semi.o(.text)
    __use_no_semihosting_swi                 0x08000349   Thumb Code     2  use_no_semi.o(.text)
    __semihosting_library_function           0x0800034b   Thumb Code     0  indicate_semi.o(.text)
    _sys_exit                                0x0800034d   Thumb Code     8  sys_exit.o(.text)
    BusFault_Handler                         0x08000359   Thumb Code     4  stm32f1xx_it.o(i.BusFault_Handler)
    Buzzer_Off                               0x0800035d   Thumb Code    14  buzzerset.o(i.Buzzer_Off)
    Contrl                                   0x08000371   Thumb Code    52  my_main.o(i.Contrl)
    DebugMon_Handler                         0x080003bd   Thumb Code     2  stm32f1xx_it.o(i.DebugMon_Handler)
    ERR                                      0x080003c1   Thumb Code   114  grayscale.o(i.ERR)
    Error_Handler                            0x0800043d   Thumb Code     6  main.o(i.Error_Handler)
    GetVelocity                              0x08000445   Thumb Code   234  my_main.o(i.GetVelocity)
    HAL_DMA_Abort                            0x08000575   Thumb Code    86  stm32f1xx_hal_dma.o(i.HAL_DMA_Abort)
    HAL_DMA_Abort_IT                         0x080005cd   Thumb Code   414  stm32f1xx_hal_dma.o(i.HAL_DMA_Abort_IT)
    HAL_Delay                                0x08000775   Thumb Code    36  stm32f1xx_hal.o(i.HAL_Delay)
    HAL_GPIO_Init                            0x0800079d   Thumb Code   792  stm32f1xx_hal_gpio.o(i.HAL_GPIO_Init)
    HAL_GPIO_ReadPin                         0x08000add   Thumb Code    16  stm32f1xx_hal_gpio.o(i.HAL_GPIO_ReadPin)
    HAL_GPIO_WritePin                        0x08000aed   Thumb Code    12  stm32f1xx_hal_gpio.o(i.HAL_GPIO_WritePin)
    HAL_GetTick                              0x08000af9   Thumb Code     6  stm32f1xx_hal.o(i.HAL_GetTick)
    HAL_I2C_Init                             0x08000b05   Thumb Code   446  stm32f1xx_hal_i2c.o(i.HAL_I2C_Init)
    HAL_I2C_MspInit                          0x08000cd5   Thumb Code   106  i2c.o(i.HAL_I2C_MspInit)
    HAL_IncTick                              0x08000d4d   Thumb Code    16  stm32f1xx_hal.o(i.HAL_IncTick)
    HAL_Init                                 0x08000d65   Thumb Code    34  stm32f1xx_hal.o(i.HAL_Init)
    HAL_InitTick                             0x08000d8d   Thumb Code    64  stm32f1xx_hal.o(i.HAL_InitTick)
    HAL_MspInit                              0x08000dd9   Thumb Code    76  stm32f1xx_hal_msp.o(i.HAL_MspInit)
    HAL_NVIC_EnableIRQ                       0x08000e2d   Thumb Code    32  stm32f1xx_hal_cortex.o(i.HAL_NVIC_EnableIRQ)
    HAL_NVIC_SetPriority                     0x08000e4d   Thumb Code   124  stm32f1xx_hal_cortex.o(i.HAL_NVIC_SetPriority)
    HAL_NVIC_SetPriorityGrouping             0x08000ec9   Thumb Code    32  stm32f1xx_hal_cortex.o(i.HAL_NVIC_SetPriorityGrouping)
    HAL_RCC_ClockConfig                      0x08000ef1   Thumb Code   376  stm32f1xx_hal_rcc.o(i.HAL_RCC_ClockConfig)
    HAL_RCC_GetHCLKFreq                      0x0800107d   Thumb Code     6  stm32f1xx_hal_rcc.o(i.HAL_RCC_GetHCLKFreq)
    HAL_RCC_GetPCLK1Freq                     0x08001089   Thumb Code    22  stm32f1xx_hal_rcc.o(i.HAL_RCC_GetPCLK1Freq)
    HAL_RCC_GetPCLK2Freq                     0x080010a9   Thumb Code    22  stm32f1xx_hal_rcc.o(i.HAL_RCC_GetPCLK2Freq)
    HAL_RCC_GetSysClockFreq                  0x080010c9   Thumb Code    92  stm32f1xx_hal_rcc.o(i.HAL_RCC_GetSysClockFreq)
    HAL_RCC_OscConfig                        0x08001139   Thumb Code  1114  stm32f1xx_hal_rcc.o(i.HAL_RCC_OscConfig)
    HAL_SYSTICK_Config                       0x0800159d   Thumb Code    52  stm32f1xx_hal_cortex.o(i.HAL_SYSTICK_Config)
    HAL_TIMEx_BreakCallback                  0x080015d1   Thumb Code     2  stm32f1xx_hal_tim_ex.o(i.HAL_TIMEx_BreakCallback)
    HAL_TIMEx_CommutCallback                 0x080015d3   Thumb Code     2  stm32f1xx_hal_tim_ex.o(i.HAL_TIMEx_CommutCallback)
    HAL_TIMEx_ConfigBreakDeadTime            0x080015d5   Thumb Code   116  stm32f1xx_hal_tim_ex.o(i.HAL_TIMEx_ConfigBreakDeadTime)
    HAL_TIMEx_MasterConfigSynchronization    0x08001649   Thumb Code   134  stm32f1xx_hal_tim_ex.o(i.HAL_TIMEx_MasterConfigSynchronization)
    HAL_TIM_Base_Init                        0x080016e5   Thumb Code   102  stm32f1xx_hal_tim.o(i.HAL_TIM_Base_Init)
    HAL_TIM_Base_MspInit                     0x0800174d   Thumb Code   240  tim.o(i.HAL_TIM_Base_MspInit)
    HAL_TIM_Base_Start_IT                    0x08001851   Thumb Code   122  stm32f1xx_hal_tim.o(i.HAL_TIM_Base_Start_IT)
    HAL_TIM_ConfigClockSource                0x080018e1   Thumb Code   268  stm32f1xx_hal_tim.o(i.HAL_TIM_ConfigClockSource)
    HAL_TIM_Encoder_Init                     0x080019ed   Thumb Code   196  stm32f1xx_hal_tim.o(i.HAL_TIM_Encoder_Init)
    HAL_TIM_Encoder_MspInit                  0x08001ab1   Thumb Code   182  tim.o(i.HAL_TIM_Encoder_MspInit)
    HAL_TIM_Encoder_Start                    0x08001b7d   Thumb Code   204  stm32f1xx_hal_tim.o(i.HAL_TIM_Encoder_Start)
    HAL_TIM_IC_CaptureCallback               0x08001c49   Thumb Code     2  stm32f1xx_hal_tim.o(i.HAL_TIM_IC_CaptureCallback)
    HAL_TIM_IRQHandler                       0x08001c4b   Thumb Code   406  stm32f1xx_hal_tim.o(i.HAL_TIM_IRQHandler)
    HAL_TIM_MspPostInit                      0x08001de1   Thumb Code   130  tim.o(i.HAL_TIM_MspPostInit)
    HAL_TIM_OC_DelayElapsedCallback          0x08001e79   Thumb Code     2  stm32f1xx_hal_tim.o(i.HAL_TIM_OC_DelayElapsedCallback)
    HAL_TIM_PWM_ConfigChannel                0x08001e7b   Thumb Code   260  stm32f1xx_hal_tim.o(i.HAL_TIM_PWM_ConfigChannel)
    HAL_TIM_PWM_Init                         0x08001f7f   Thumb Code   102  stm32f1xx_hal_tim.o(i.HAL_TIM_PWM_Init)
    HAL_TIM_PWM_MspInit                      0x08001fe5   Thumb Code     2  stm32f1xx_hal_tim.o(i.HAL_TIM_PWM_MspInit)
    HAL_TIM_PWM_PulseFinishedCallback        0x08001fe7   Thumb Code     2  stm32f1xx_hal_tim.o(i.HAL_TIM_PWM_PulseFinishedCallback)
    HAL_TIM_PWM_Start                        0x08001fe9   Thumb Code   222  stm32f1xx_hal_tim.o(i.HAL_TIM_PWM_Start)
    HAL_TIM_PWM_Stop                         0x080020dd   Thumb Code   160  stm32f1xx_hal_tim.o(i.HAL_TIM_PWM_Stop)
    HAL_TIM_PeriodElapsedCallback            0x08002185   Thumb Code   112  my_main.o(i.HAL_TIM_PeriodElapsedCallback)
    HAL_TIM_TriggerCallback                  0x08002215   Thumb Code     2  stm32f1xx_hal_tim.o(i.HAL_TIM_TriggerCallback)
    HAL_UARTEx_ReceiveToIdle_IT              0x08002217   Thumb Code   114  stm32f1xx_hal_uart.o(i.HAL_UARTEx_ReceiveToIdle_IT)
    HAL_UARTEx_RxEventCallback               0x08002289   Thumb Code    76  my_main.o(i.HAL_UARTEx_RxEventCallback)
    HAL_UART_ErrorCallback                   0x080022f5   Thumb Code     2  stm32f1xx_hal_uart.o(i.HAL_UART_ErrorCallback)
    HAL_UART_IRQHandler                      0x080022f9   Thumb Code   736  stm32f1xx_hal_uart.o(i.HAL_UART_IRQHandler)
    HAL_UART_Init                            0x080025dd   Thumb Code   118  stm32f1xx_hal_uart.o(i.HAL_UART_Init)
    HAL_UART_MspInit                         0x08002655   Thumb Code   256  usart.o(i.HAL_UART_MspInit)
    HAL_UART_RxCpltCallback                  0x08002765   Thumb Code     2  stm32f1xx_hal_uart.o(i.HAL_UART_RxCpltCallback)
    HAL_UART_TxCpltCallback                  0x08002767   Thumb Code     2  stm32f1xx_hal_uart.o(i.HAL_UART_TxCpltCallback)
    HardFault_Handler                        0x08002769   Thumb Code     4  stm32f1xx_it.o(i.HardFault_Handler)
    I2CS_Init                                0x0800276d   Thumb Code    60  i2cs.o(i.I2CS_Init)
    I2C_Start                                0x080027b1   Thumb Code    48  i2cs.o(i.I2C_Start)
    I2C_Stop                                 0x080027e5   Thumb Code    36  i2cs.o(i.I2C_Stop)
    I2C_WaitAck                              0x0800280d   Thumb Code    26  i2cs.o(i.I2C_WaitAck)
    Limit                                    0x0800282d   Thumb Code    54  my_main.o(i.Limit)
    MX_GPIO_Init                             0x08002869   Thumb Code   394  gpio.o(i.MX_GPIO_Init)
    MX_I2C2_Init                             0x08002a09   Thumb Code    48  i2c.o(i.MX_I2C2_Init)
    MX_TIM1_Init                             0x08002a45   Thumb Code   208  tim.o(i.MX_TIM1_Init)
    MX_TIM2_Init                             0x08002b1d   Thumb Code   102  tim.o(i.MX_TIM2_Init)
    MX_TIM3_Init                             0x08002b89   Thumb Code   114  tim.o(i.MX_TIM3_Init)
    MX_TIM4_Init                             0x08002c05   Thumb Code   114  tim.o(i.MX_TIM4_Init)
    MX_TIM5_Init                             0x08002c81   Thumb Code   102  tim.o(i.MX_TIM5_Init)
    MX_TIM6_Init                             0x08002cf1   Thumb Code    66  tim.o(i.MX_TIM6_Init)
    MX_TIM8_Init                             0x08002d3d   Thumb Code   208  tim.o(i.MX_TIM8_Init)
    MX_USART1_UART_Init                      0x08002e15   Thumb Code    46  usart.o(i.MX_USART1_UART_Init)
    MX_USART2_UART_Init                      0x08002e4d   Thumb Code    46  usart.o(i.MX_USART2_UART_Init)
    MemManage_Handler                        0x08002e85   Thumb Code     4  stm32f1xx_it.o(i.MemManage_Handler)
    NMI_Handler                              0x08002e89   Thumb Code     4  stm32f1xx_it.o(i.NMI_Handler)
    OLED_Clear                               0x08002e8d   Thumb Code    42  oled.o(i.OLED_Clear)
    OLED_ClearPoint                          0x08002ebd   Thumb Code    90  oled.o(i.OLED_ClearPoint)
    OLED_DrawPoint                           0x08002f1d   Thumb Code    54  oled.o(i.OLED_DrawPoint)
    OLED_Init                                0x08002f59   Thumb Code   244  oled.o(i.OLED_Init)
    OLED_Pow                                 0x0800304d   Thumb Code    22  oled.o(i.OLED_Pow)
    OLED_Refresh                             0x08003065   Thumb Code    70  oled.o(i.OLED_Refresh)
    OLED_ShowChar                            0x080030b1   Thumb Code   240  oled.o(i.OLED_ShowChar)
    OLED_ShowSignedNum                       0x080031ad   Thumb Code   120  oled.o(i.OLED_ShowSignedNum)
    OLED_ShowString                          0x08003225   Thumb Code    66  oled.o(i.OLED_ShowString)
    OLED_WR_Byte                             0x08003267   Thumb Code    56  oled.o(i.OLED_WR_Byte)
    PendSV_Handler                           0x0800329f   Thumb Code     2  stm32f1xx_it.o(i.PendSV_Handler)
    ReadKey                                  0x080032c9   Thumb Code   204  key.o(i.ReadKey)
    Read_8PIN                                0x080033a5   Thumb Code   114  grayscale.o(i.Read_8PIN)
    Read_Encoder                             0x08003429   Thumb Code    68  tim.o(i.Read_Encoder)
    SVC_Handler                              0x08003475   Thumb Code     2  stm32f1xx_it.o(i.SVC_Handler)
    Send_Byte                                0x08003479   Thumb Code    86  i2cs.o(i.Send_Byte)
    Set_Pwm                                  0x080034d5   Thumb Code   104  my_main.o(i.Set_Pwm)
    SysTick_Handler                          0x08003555   Thumb Code     8  stm32f1xx_it.o(i.SysTick_Handler)
    SystemClock_Config                       0x0800355d   Thumb Code   102  main.o(i.SystemClock_Config)
    SystemInit                               0x080035c3   Thumb Code     2  system_stm32f1xx.o(i.SystemInit)
    TIM2_IRQHandler                          0x080035c5   Thumb Code    10  stm32f1xx_it.o(i.TIM2_IRQHandler)
    TIM5_IRQHandler                          0x080035d5   Thumb Code    10  stm32f1xx_it.o(i.TIM5_IRQHandler)
    TIM6_IRQHandler                          0x080035e5   Thumb Code    10  stm32f1xx_it.o(i.TIM6_IRQHandler)
    TIM_Base_SetConfig                       0x080035f5   Thumb Code   134  stm32f1xx_hal_tim.o(i.TIM_Base_SetConfig)
    TIM_CCxChannelCmd                        0x08003691   Thumb Code    34  stm32f1xx_hal_tim.o(i.TIM_CCxChannelCmd)
    TIM_ETR_SetConfig                        0x080036b3   Thumb Code    22  stm32f1xx_hal_tim.o(i.TIM_ETR_SetConfig)
    TIM_OC2_SetConfig                        0x0800374d   Thumb Code   114  stm32f1xx_hal_tim.o(i.TIM_OC2_SetConfig)
    UART_Proc                                0x08003985   Thumb Code    90  my_main.o(i.UART_Proc)
    UART_Start_Receive_IT                    0x08003bf1   Thumb Code    64  stm32f1xx_hal_uart.o(i.UART_Start_Receive_IT)
    USART1_IRQHandler                        0x08003c91   Thumb Code    10  stm32f1xx_it.o(i.USART1_IRQHandler)
    USART2_IRQHandler                        0x08003ca1   Thumb Code    20  stm32f1xx_it.o(i.USART2_IRQHandler)
    UsageFault_Handler                       0x08003cbd   Thumb Code     4  stm32f1xx_it.o(i.UsageFault_Handler)
    key_process                              0x08003cf9   Thumb Code   388  my_main.o(i.key_process)
    loop                                     0x08003eb9   Thumb Code    16  my_main.o(i.loop)
    main                                     0x08003ec9   Thumb Code    64  main.o(i.main)
    oled_proc                                0x08003f09   Thumb Code   506  my_main.o(i.oled_proc)
    set_up                                   0x08004145   Thumb Code    92  my_main.o(i.set_up)
    __aeabi_d2f                              0x080041c5   Thumb Code     0  d2f.o(x$fpl$d2f)
    _d2f                                     0x080041c5   Thumb Code    98  d2f.o(x$fpl$d2f)
    __aeabi_dadd                             0x08004229   Thumb Code     0  daddsub_clz.o(x$fpl$dadd)
    _dadd                                    0x08004229   Thumb Code   332  daddsub_clz.o(x$fpl$dadd)
    __fpl_dcmp_Inf                           0x08004379   Thumb Code    24  dcmpi.o(x$fpl$dcmpinf)
    __aeabi_cdcmpeq                          0x08004391   Thumb Code     0  deqf.o(x$fpl$deqf)
    _dcmpeq                                  0x08004391   Thumb Code   120  deqf.o(x$fpl$deqf)
    __aeabi_dmul                             0x08004409   Thumb Code     0  dmul.o(x$fpl$dmul)
    _dmul                                    0x08004409   Thumb Code   332  dmul.o(x$fpl$dmul)
    __fpl_dnaninf                            0x0800455d   Thumb Code   156  dnaninf.o(x$fpl$dnaninf)
    __fpl_dretinf                            0x080045f9   Thumb Code    12  dretinf.o(x$fpl$dretinf)
    __aeabi_dsub                             0x08004605   Thumb Code     0  daddsub_clz.o(x$fpl$dsub)
    _dsub                                    0x08004605   Thumb Code   464  daddsub_clz.o(x$fpl$dsub)
    __aeabi_f2d                              0x080047d9   Thumb Code     0  f2d.o(x$fpl$f2d)
    _f2d                                     0x080047d9   Thumb Code    86  f2d.o(x$fpl$f2d)
    __aeabi_fadd                             0x08004831   Thumb Code     0  faddsub_clz.o(x$fpl$fadd)
    _fadd                                    0x08004831   Thumb Code   196  faddsub_clz.o(x$fpl$fadd)
    __fpl_fcmp_Inf                           0x080048f5   Thumb Code    24  fcmpi.o(x$fpl$fcmpinf)
    __aeabi_fdiv                             0x0800490d   Thumb Code     0  fdiv.o(x$fpl$fdiv)
    _fdiv                                    0x0800490d   Thumb Code   384  fdiv.o(x$fpl$fdiv)
    __aeabi_cfcmpeq                          0x08004a91   Thumb Code     0  feqf.o(x$fpl$feqf)
    _fcmpeq                                  0x08004a91   Thumb Code   104  feqf.o(x$fpl$feqf)
    __aeabi_f2iz                             0x08004af9   Thumb Code     0  ffix.o(x$fpl$ffix)
    _ffix                                    0x08004af9   Thumb Code    54  ffix.o(x$fpl$ffix)
    __aeabi_i2f                              0x08004b31   Thumb Code     0  fflt_clz.o(x$fpl$fflt)
    _fflt                                    0x08004b31   Thumb Code    48  fflt_clz.o(x$fpl$fflt)
    __aeabi_cfcmple                          0x08004b61   Thumb Code     0  fleqf.o(x$fpl$fleqf)
    _fcmple                                  0x08004b61   Thumb Code   104  fleqf.o(x$fpl$fleqf)
    __fpl_fcmple_InfNaN                      0x08004bb3   Thumb Code     0  fleqf.o(x$fpl$fleqf)
    __aeabi_fmul                             0x08004bc9   Thumb Code     0  fmul.o(x$fpl$fmul)
    _fmul                                    0x08004bc9   Thumb Code   258  fmul.o(x$fpl$fmul)
    __fpl_fnaninf                            0x08004ccb   Thumb Code   140  fnaninf.o(x$fpl$fnaninf)
    __fpl_fretinf                            0x08004d57   Thumb Code    10  fretinf.o(x$fpl$fretinf)
    __aeabi_cfrcmple                         0x08004d61   Thumb Code     0  frleqf.o(x$fpl$frleqf)
    _frcmple                                 0x08004d61   Thumb Code    98  frleqf.o(x$fpl$frleqf)
    __aeabi_fsub                             0x08004dc5   Thumb Code     0  faddsub_clz.o(x$fpl$fsub)
    _fsub                                    0x08004dc5   Thumb Code   234  faddsub_clz.o(x$fpl$fsub)
    __I$use$fp                               0x08004eae   Number         0  usenofp.o(x$fpl$usenofp)
    asc2_1206                                0x08004eae   Data        1140  oled.o(.constdata)
    asc2_1608                                0x08005322   Data        1520  oled.o(.constdata)
    asc2_2412                                0x08005912   Data        3420  oled.o(.constdata)
    Dino_bmp                                 0x0800666e   Data          64  oled.o(.constdata)
    JUMP_bmp                                 0x080066ae   Data         384  oled.o(.constdata)
    C1_bmp                                   0x0800682e   Data          16  oled.o(.constdata)
    C2_bmp                                   0x0800683e   Data          32  oled.o(.constdata)
    C3_bmp                                   0x0800685e   Data          48  oled.o(.constdata)
    C4_bmp                                   0x0800688e   Data          48  oled.o(.constdata)
    GO_bmp                                   0x080068be   Data        1024  oled.o(.constdata)
    START_bmp                                0x08006cbe   Data        1024  oled.o(.constdata)
    AHBPrescTable                            0x080070d0   Data          16  system_stm32f1xx.o(.constdata)
    APBPrescTable                            0x080070e0   Data           8  system_stm32f1xx.o(.constdata)
    Region$$Table$$Base                      0x080070e8   Number         0  anon$$obj.o(Region$$Table)
    Region$$Table$$Limit                     0x08007108   Number         0  anon$$obj.o(Region$$Table)
    xun                                      0x20000000   Data           8  grayscale.o(.data)
    arr_bit                                  0x20000008   Data           8  grayscale.o(.data)
    uwtick_key                               0x20000010   Data           4  my_main.o(.data)
    uwTick_UART                              0x20000014   Data           4  my_main.o(.data)
    Vertical_out                             0x20000018   Data           4  my_main.o(.data)
    Velocity_out                             0x2000001c   Data           4  my_main.o(.data)
    Turn_out                                 0x20000020   Data           4  my_main.o(.data)
    Encoder_Left                             0x20000024   Data           4  my_main.o(.data)
    Encoder_Right                            0x20000028   Data           4  my_main.o(.data)
    Balance_PWM                              0x2000002c   Data           4  my_main.o(.data)
    Moto1                                    0x20000030   Data           4  my_main.o(.data)
    Moto2                                    0x20000034   Data           4  my_main.o(.data)
    PWM_out                                  0x20000038   Data           4  my_main.o(.data)
    Turn_Pwm                                 0x2000003c   Data           4  my_main.o(.data)
    AIN1                                     0x20000040   Data           1  my_main.o(.data)
    AIN2                                     0x20000041   Data           1  my_main.o(.data)
    BIN1                                     0x20000042   Data           1  my_main.o(.data)
    BIN2                                     0x20000043   Data           1  my_main.o(.data)
    Moto_Flag                                0x20000044   Data           1  my_main.o(.data)
    Start_Flag                               0x20000045   Data           1  my_main.o(.data)
    Tiao_Who                                 0x20000046   Data           1  my_main.o(.data)
    test_num_VELp                            0x20000048   Data           4  my_main.o(.data)
    test_num_GP                              0x2000004c   Data           4  my_main.o(.data)
    test_num_GD                              0x20000050   Data           4  my_main.o(.data)
    Velocity                                 0x20000054   Data           4  my_main.o(.data)
    Encoder_Err                              0x20000058   Data           4  my_main.o(.data)
    Encoder                                  0x2000005c   Data           4  my_main.o(.data)
    Encoder_last                             0x20000060   Data           4  my_main.o(.data)
    Movement                                 0x20000064   Data           4  my_main.o(.data)
    Encoder_Integral                         0x20000068   Data           4  my_main.o(.data)
    kp                                       0x2000006c   Data           4  my_main.o(.data)
    ki                                       0x20000070   Data           4  my_main.o(.data)
    AimVelocity                              0x20000074   Data           4  my_main.o(.data)
    SpeedMode                                0x20000078   Data           1  my_main.o(.data)
    Black_miss_flag                          0x20000079   Data           1  my_main.o(.data)
    last_bias                                0x2000007c   Data           4  my_main.o(.data)
    Scale                                    0x20000080   Data           1  my_main.o(.data)
    Gray_KP                                  0x20000084   Data           4  my_main.o(.data)
    Gray_KD                                  0x20000088   Data           4  my_main.o(.data)
    motorA_speed                             0x20000090   Data           8  my_main.o(.data)
    motorB_speed                             0x20000098   Data           8  my_main.o(.data)
    total_time                               0x200000a0   Data           8  my_main.o(.data)
    distance                                 0x200000a8   Data           8  my_main.o(.data)
    RRRXnum                                  0x200000b0   Data           1  my_main.o(.data)
    countLongline                            0x200000b1   Data           1  my_main.o(.data)
    countShortline                           0x200000b2   Data           1  my_main.o(.data)
    stopEN                                   0x200000b3   Data           1  my_main.o(.data)
    CarVelocity                              0x200000b4   Data           1  my_main.o(.data)
    whichFuction                             0x200000b5   Data           1  my_main.o(.data)
    blueCircleEN                             0x200000b6   Data           1  my_main.o(.data)
    yellowTriEN                              0x200000b7   Data           1  my_main.o(.data)
    VelocitySel                              0x200000b8   Data           1  my_main.o(.data)
    FindBlueyellowTriEN                      0x200000b9   Data           1  my_main.o(.data)
    stop_10sEN                               0x200000ba   Data           1  my_main.o(.data)
    tx_lcd                                   0x200000bb   Data           1  my_main.o(.data)
    BaseCarVelocity                          0x200000bc   Data           1  my_main.o(.data)
    RatioCarVelocity                         0x200000bd   Data           1  my_main.o(.data)
    turnEN                                   0x200000be   Data           1  my_main.o(.data)
    test111                                  0x200000bf   Data           1  my_main.o(.data)
    page                                     0x200000c0   Data           1  my_main.o(.data)
    select_key                               0x200000c1   Data           1  my_main.o(.data)
    uwTick                                   0x200000c4   Data           4  stm32f1xx_hal.o(.data)
    uwTickPrio                               0x200000c8   Data           4  stm32f1xx_hal.o(.data)
    uwTickFreq                               0x200000cc   Data           1  stm32f1xx_hal.o(.data)
    SystemCoreClock                          0x200000d0   Data           4  system_stm32f1xx.o(.data)
    bkey                                     0x200000d4   Data          40  key.o(.bss)
    key_data1                                0x200000fc   Data          12  key.o(.bss)
    Usart2_RRRX_Buf                          0x20000108   Data          50  my_main.o(.bss)
    Usart2_TTTX_Buf                          0x2000013a   Data          50  my_main.o(.bss)
    OLED_GRAM                                0x2000016c   Data        1152  oled.o(.bss)
    hi2c2                                    0x200005ec   Data          84  i2c.o(.bss)
    htim1                                    0x20000640   Data          72  tim.o(.bss)
    htim2                                    0x20000688   Data          72  tim.o(.bss)
    htim3                                    0x200006d0   Data          72  tim.o(.bss)
    htim4                                    0x20000718   Data          72  tim.o(.bss)
    htim5                                    0x20000760   Data          72  tim.o(.bss)
    htim6                                    0x200007a8   Data          72  tim.o(.bss)
    htim8                                    0x200007f0   Data          72  tim.o(.bss)
    huart1                                   0x20000838   Data          72  usart.o(.bss)
    huart2                                   0x20000880   Data          72  usart.o(.bss)
    __libspace_start                         0x200008c8   Data          96  libspace.o(.bss)
    __temporary_stack_top$libspace           0x20000928   Data           0  libspace.o(.bss)



==============================================================================

Memory Map of the image

  Image Entry point : 0x08000131

  Load Region LR_IROM1 (Base: 0x08000000, Size: 0x000071dc, Max: 0x00040000, ABSOLUTE)

    Execution Region ER_IROM1 (Exec base: 0x08000000, Load base: 0x08000000, Size: 0x00007108, Max: 0x00040000, ABSOLUTE)

    Exec Addr    Load Addr    Size         Type   Attr      Idx    E Section Name        Object

    0x08000000   0x08000000   0x00000130   Data   RO            3    RESET               startup_stm32f103xe.o
    0x08000130   0x08000130   0x00000008   Code   RO         4885  * !!!main             c_w.l(__main.o)
    0x08000138   0x08000138   0x00000034   Code   RO         5431    !!!scatter          c_w.l(__scatter.o)
    0x0800016c   0x0800016c   0x0000001a   Code   RO         5433    !!handler_copy      c_w.l(__scatter_copy.o)
    0x08000186   0x08000186   0x00000002   PAD
    0x08000188   0x08000188   0x0000001c   Code   RO         5435    !!handler_zi        c_w.l(__scatter_zi.o)
    0x080001a4   0x080001a4   0x00000002   Code   RO         5271    .ARM.Collect$$libinit$$00000000  c_w.l(libinit.o)
    0x080001a6   0x080001a6   0x00000000   Code   RO         4988    .ARM.Collect$$libinit$$00000002  c_w.l(libinit2.o)
    0x080001a6   0x080001a6   0x00000000   Code   RO         4990    .ARM.Collect$$libinit$$00000004  c_w.l(libinit2.o)
    0x080001a6   0x080001a6   0x00000000   Code   RO         4993    .ARM.Collect$$libinit$$0000000A  c_w.l(libinit2.o)
    0x080001a6   0x080001a6   0x00000000   Code   RO         4995    .ARM.Collect$$libinit$$0000000C  c_w.l(libinit2.o)
    0x080001a6   0x080001a6   0x00000000   Code   RO         4997    .ARM.Collect$$libinit$$0000000E  c_w.l(libinit2.o)
    0x080001a6   0x080001a6   0x00000000   Code   RO         5000    .ARM.Collect$$libinit$$00000011  c_w.l(libinit2.o)
    0x080001a6   0x080001a6   0x00000000   Code   RO         5002    .ARM.Collect$$libinit$$00000013  c_w.l(libinit2.o)
    0x080001a6   0x080001a6   0x00000000   Code   RO         5004    .ARM.Collect$$libinit$$00000015  c_w.l(libinit2.o)
    0x080001a6   0x080001a6   0x00000000   Code   RO         5006    .ARM.Collect$$libinit$$00000017  c_w.l(libinit2.o)
    0x080001a6   0x080001a6   0x00000000   Code   RO         5008    .ARM.Collect$$libinit$$00000019  c_w.l(libinit2.o)
    0x080001a6   0x080001a6   0x00000000   Code   RO         5010    .ARM.Collect$$libinit$$0000001B  c_w.l(libinit2.o)
    0x080001a6   0x080001a6   0x00000000   Code   RO         5012    .ARM.Collect$$libinit$$0000001D  c_w.l(libinit2.o)
    0x080001a6   0x080001a6   0x00000000   Code   RO         5014    .ARM.Collect$$libinit$$0000001F  c_w.l(libinit2.o)
    0x080001a6   0x080001a6   0x00000000   Code   RO         5016    .ARM.Collect$$libinit$$00000021  c_w.l(libinit2.o)
    0x080001a6   0x080001a6   0x00000000   Code   RO         5018    .ARM.Collect$$libinit$$00000023  c_w.l(libinit2.o)
    0x080001a6   0x080001a6   0x00000000   Code   RO         5020    .ARM.Collect$$libinit$$00000025  c_w.l(libinit2.o)
    0x080001a6   0x080001a6   0x00000000   Code   RO         5024    .ARM.Collect$$libinit$$0000002C  c_w.l(libinit2.o)
    0x080001a6   0x080001a6   0x00000000   Code   RO         5026    .ARM.Collect$$libinit$$0000002E  c_w.l(libinit2.o)
    0x080001a6   0x080001a6   0x00000000   Code   RO         5028    .ARM.Collect$$libinit$$00000030  c_w.l(libinit2.o)
    0x080001a6   0x080001a6   0x00000000   Code   RO         5030    .ARM.Collect$$libinit$$00000032  c_w.l(libinit2.o)
    0x080001a6   0x080001a6   0x00000002   Code   RO         5031    .ARM.Collect$$libinit$$00000033  c_w.l(libinit2.o)
    0x080001a8   0x080001a8   0x00000002   Code   RO         5412    .ARM.Collect$$libshutdown$$00000000  c_w.l(libshutdown.o)
    0x080001aa   0x080001aa   0x00000000   Code   RO         5273    .ARM.Collect$$libshutdown$$00000002  c_w.l(libshutdown2.o)
    0x080001aa   0x080001aa   0x00000000   Code   RO         5275    .ARM.Collect$$libshutdown$$00000004  c_w.l(libshutdown2.o)
    0x080001aa   0x080001aa   0x00000000   Code   RO         5278    .ARM.Collect$$libshutdown$$00000007  c_w.l(libshutdown2.o)
    0x080001aa   0x080001aa   0x00000000   Code   RO         5281    .ARM.Collect$$libshutdown$$0000000A  c_w.l(libshutdown2.o)
    0x080001aa   0x080001aa   0x00000000   Code   RO         5283    .ARM.Collect$$libshutdown$$0000000C  c_w.l(libshutdown2.o)
    0x080001aa   0x080001aa   0x00000000   Code   RO         5286    .ARM.Collect$$libshutdown$$0000000F  c_w.l(libshutdown2.o)
    0x080001aa   0x080001aa   0x00000002   Code   RO         5287    .ARM.Collect$$libshutdown$$00000010  c_w.l(libshutdown2.o)
    0x080001ac   0x080001ac   0x00000000   Code   RO         4963    .ARM.Collect$$rtentry$$00000000  c_w.l(__rtentry.o)
    0x080001ac   0x080001ac   0x00000000   Code   RO         5085    .ARM.Collect$$rtentry$$00000002  c_w.l(__rtentry2.o)
    0x080001ac   0x080001ac   0x00000006   Code   RO         5097    .ARM.Collect$$rtentry$$00000004  c_w.l(__rtentry4.o)
    0x080001b2   0x080001b2   0x00000000   Code   RO         5087    .ARM.Collect$$rtentry$$00000009  c_w.l(__rtentry2.o)
    0x080001b2   0x080001b2   0x00000004   Code   RO         5088    .ARM.Collect$$rtentry$$0000000A  c_w.l(__rtentry2.o)
    0x080001b6   0x080001b6   0x00000000   Code   RO         5090    .ARM.Collect$$rtentry$$0000000C  c_w.l(__rtentry2.o)
    0x080001b6   0x080001b6   0x00000008   Code   RO         5091    .ARM.Collect$$rtentry$$0000000D  c_w.l(__rtentry2.o)
    0x080001be   0x080001be   0x00000002   Code   RO         5297    .ARM.Collect$$rtexit$$00000000  c_w.l(rtexit.o)
    0x080001c0   0x080001c0   0x00000000   Code   RO         5363    .ARM.Collect$$rtexit$$00000002  c_w.l(rtexit2.o)
    0x080001c0   0x080001c0   0x00000004   Code   RO         5364    .ARM.Collect$$rtexit$$00000003  c_w.l(rtexit2.o)
    0x080001c4   0x080001c4   0x00000006   Code   RO         5365    .ARM.Collect$$rtexit$$00000004  c_w.l(rtexit2.o)
    0x080001ca   0x080001ca   0x00000002   PAD
    0x080001cc   0x080001cc   0x00000040   Code   RO            4    .text               startup_stm32f103xe.o
    0x0800020c   0x0800020c   0x0000004e   Code   RO         4879    .text               c_w.l(rt_memclr_w.o)
    0x0800025a   0x0800025a   0x00000002   PAD
    0x0800025c   0x0800025c   0x00000080   Code   RO         4881    .text               c_w.l(strcmpv7m.o)
    0x080002dc   0x080002dc   0x00000006   Code   RO         4883    .text               c_w.l(heapauxi.o)
    0x080002e2   0x080002e2   0x00000002   PAD
    0x080002e4   0x080002e4   0x00000008   Code   RO         5178    .text               c_w.l(libspace.o)
    0x080002ec   0x080002ec   0x0000004a   Code   RO         5183    .text               c_w.l(sys_stackheap_outer.o)
    0x08000336   0x08000336   0x00000012   Code   RO         5256    .text               c_w.l(exit.o)
    0x08000348   0x08000348   0x00000002   Code   RO         5294    .text               c_w.l(use_no_semi.o)
    0x0800034a   0x0800034a   0x00000000   Code   RO         5296    .text               c_w.l(indicate_semi.o)
    0x0800034a   0x0800034a   0x00000002   PAD
    0x0800034c   0x0800034c   0x0000000c   Code   RO         5360    .text               c_w.l(sys_exit.o)
    0x08000358   0x08000358   0x00000004   Code   RO         1766    i.BusFault_Handler  stm32f1xx_it.o
    0x0800035c   0x0800035c   0x00000014   Code   RO         1417    i.Buzzer_Off        buzzerset.o
    0x08000370   0x08000370   0x0000004c   Code   RO          296    i.Contrl            my_main.o
    0x080003bc   0x080003bc   0x00000002   Code   RO         1767    i.DebugMon_Handler  stm32f1xx_it.o
    0x080003be   0x080003be   0x00000002   PAD
    0x080003c0   0x080003c0   0x0000007c   Code   RO           13    i.ERR               grayscale.o
    0x0800043c   0x0800043c   0x00000006   Code   RO         1474    i.Error_Handler     main.o
    0x08000442   0x08000442   0x00000002   PAD
    0x08000444   0x08000444   0x00000130   Code   RO          304    i.GetVelocity       my_main.o
    0x08000574   0x08000574   0x00000056   Code   RO         2795    i.HAL_DMA_Abort     stm32f1xx_hal_dma.o
    0x080005ca   0x080005ca   0x00000002   PAD
    0x080005cc   0x080005cc   0x000001a8   Code   RO         2796    i.HAL_DMA_Abort_IT  stm32f1xx_hal_dma.o
    0x08000774   0x08000774   0x00000028   Code   RO         2416    i.HAL_Delay         stm32f1xx_hal.o
    0x0800079c   0x0800079c   0x00000340   Code   RO         2731    i.HAL_GPIO_Init     stm32f1xx_hal_gpio.o
    0x08000adc   0x08000adc   0x00000010   Code   RO         2733    i.HAL_GPIO_ReadPin  stm32f1xx_hal_gpio.o
    0x08000aec   0x08000aec   0x0000000c   Code   RO         2735    i.HAL_GPIO_WritePin  stm32f1xx_hal_gpio.o
    0x08000af8   0x08000af8   0x0000000c   Code   RO         2420    i.HAL_GetTick       stm32f1xx_hal.o
    0x08000b04   0x08000b04   0x000001d0   Code   RO         1943    i.HAL_I2C_Init      stm32f1xx_hal_i2c.o
    0x08000cd4   0x08000cd4   0x00000078   Code   RO         1569    i.HAL_I2C_MspInit   i2c.o
    0x08000d4c   0x08000d4c   0x00000018   Code   RO         2426    i.HAL_IncTick       stm32f1xx_hal.o
    0x08000d64   0x08000d64   0x00000028   Code   RO         2427    i.HAL_Init          stm32f1xx_hal.o
    0x08000d8c   0x08000d8c   0x0000004c   Code   RO         2428    i.HAL_InitTick      stm32f1xx_hal.o
    0x08000dd8   0x08000dd8   0x00000054   Code   RO         1872    i.HAL_MspInit       stm32f1xx_hal_msp.o
    0x08000e2c   0x08000e2c   0x00000020   Code   RO         2891    i.HAL_NVIC_EnableIRQ  stm32f1xx_hal_cortex.o
    0x08000e4c   0x08000e4c   0x0000007c   Code   RO         2897    i.HAL_NVIC_SetPriority  stm32f1xx_hal_cortex.o
    0x08000ec8   0x08000ec8   0x00000028   Code   RO         2898    i.HAL_NVIC_SetPriorityGrouping  stm32f1xx_hal_cortex.o
    0x08000ef0   0x08000ef0   0x0000018c   Code   RO         2584    i.HAL_RCC_ClockConfig  stm32f1xx_hal_rcc.o
    0x0800107c   0x0800107c   0x0000000c   Code   RO         2589    i.HAL_RCC_GetHCLKFreq  stm32f1xx_hal_rcc.o
    0x08001088   0x08001088   0x00000020   Code   RO         2591    i.HAL_RCC_GetPCLK1Freq  stm32f1xx_hal_rcc.o
    0x080010a8   0x080010a8   0x00000020   Code   RO         2592    i.HAL_RCC_GetPCLK2Freq  stm32f1xx_hal_rcc.o
    0x080010c8   0x080010c8   0x00000070   Code   RO         2593    i.HAL_RCC_GetSysClockFreq  stm32f1xx_hal_rcc.o
    0x08001138   0x08001138   0x00000464   Code   RO         2596    i.HAL_RCC_OscConfig  stm32f1xx_hal_rcc.o
    0x0800159c   0x0800159c   0x00000034   Code   RO         2902    i.HAL_SYSTICK_Config  stm32f1xx_hal_cortex.o
    0x080015d0   0x080015d0   0x00000002   Code   RO         4134    i.HAL_TIMEx_BreakCallback  stm32f1xx_hal_tim_ex.o
    0x080015d2   0x080015d2   0x00000002   Code   RO         4135    i.HAL_TIMEx_CommutCallback  stm32f1xx_hal_tim_ex.o
    0x080015d4   0x080015d4   0x00000074   Code   RO         4137    i.HAL_TIMEx_ConfigBreakDeadTime  stm32f1xx_hal_tim_ex.o
    0x08001648   0x08001648   0x0000009c   Code   RO         4153    i.HAL_TIMEx_MasterConfigSynchronization  stm32f1xx_hal_tim_ex.o
    0x080016e4   0x080016e4   0x00000066   Code   RO         3419    i.HAL_TIM_Base_Init  stm32f1xx_hal_tim.o
    0x0800174a   0x0800174a   0x00000002   PAD
    0x0800174c   0x0800174c   0x00000104   Code   RO         1611    i.HAL_TIM_Base_MspInit  tim.o
    0x08001850   0x08001850   0x00000090   Code   RO         3424    i.HAL_TIM_Base_Start_IT  stm32f1xx_hal_tim.o
    0x080018e0   0x080018e0   0x0000010c   Code   RO         3428    i.HAL_TIM_ConfigClockSource  stm32f1xx_hal_tim.o
    0x080019ec   0x080019ec   0x000000c4   Code   RO         3440    i.HAL_TIM_Encoder_Init  stm32f1xx_hal_tim.o
    0x08001ab0   0x08001ab0   0x000000cc   Code   RO         1613    i.HAL_TIM_Encoder_MspInit  tim.o
    0x08001b7c   0x08001b7c   0x000000cc   Code   RO         3443    i.HAL_TIM_Encoder_Start  stm32f1xx_hal_tim.o
    0x08001c48   0x08001c48   0x00000002   Code   RO         3453    i.HAL_TIM_IC_CaptureCallback  stm32f1xx_hal_tim.o
    0x08001c4a   0x08001c4a   0x00000196   Code   RO         3467    i.HAL_TIM_IRQHandler  stm32f1xx_hal_tim.o
    0x08001de0   0x08001de0   0x00000098   Code   RO         1614    i.HAL_TIM_MspPostInit  tim.o
    0x08001e78   0x08001e78   0x00000002   Code   RO         3470    i.HAL_TIM_OC_DelayElapsedCallback  stm32f1xx_hal_tim.o
    0x08001e7a   0x08001e7a   0x00000104   Code   RO         3491    i.HAL_TIM_PWM_ConfigChannel  stm32f1xx_hal_tim.o
    0x08001f7e   0x08001f7e   0x00000066   Code   RO         3494    i.HAL_TIM_PWM_Init  stm32f1xx_hal_tim.o
    0x08001fe4   0x08001fe4   0x00000002   Code   RO         3496    i.HAL_TIM_PWM_MspInit  stm32f1xx_hal_tim.o
    0x08001fe6   0x08001fe6   0x00000002   Code   RO         3497    i.HAL_TIM_PWM_PulseFinishedCallback  stm32f1xx_hal_tim.o
    0x08001fe8   0x08001fe8   0x000000f4   Code   RO         3499    i.HAL_TIM_PWM_Start  stm32f1xx_hal_tim.o
    0x080020dc   0x080020dc   0x000000a8   Code   RO         3502    i.HAL_TIM_PWM_Stop  stm32f1xx_hal_tim.o
    0x08002184   0x08002184   0x00000090   Code   RO          306    i.HAL_TIM_PeriodElapsedCallback  my_main.o
    0x08002214   0x08002214   0x00000002   Code   RO         3510    i.HAL_TIM_TriggerCallback  stm32f1xx_hal_tim.o
    0x08002216   0x08002216   0x00000072   Code   RO         4412    i.HAL_UARTEx_ReceiveToIdle_IT  stm32f1xx_hal_uart.o
    0x08002288   0x08002288   0x0000006c   Code   RO          307    i.HAL_UARTEx_RxEventCallback  my_main.o
    0x080022f4   0x080022f4   0x00000002   Code   RO         4427    i.HAL_UART_ErrorCallback  stm32f1xx_hal_uart.o
    0x080022f6   0x080022f6   0x00000002   PAD
    0x080022f8   0x080022f8   0x000002e4   Code   RO         4430    i.HAL_UART_IRQHandler  stm32f1xx_hal_uart.o
    0x080025dc   0x080025dc   0x00000076   Code   RO         4431    i.HAL_UART_Init     stm32f1xx_hal_uart.o
    0x08002652   0x08002652   0x00000002   PAD
    0x08002654   0x08002654   0x00000110   Code   RO         1719    i.HAL_UART_MspInit  usart.o
    0x08002764   0x08002764   0x00000002   Code   RO         4437    i.HAL_UART_RxCpltCallback  stm32f1xx_hal_uart.o
    0x08002766   0x08002766   0x00000002   Code   RO         4442    i.HAL_UART_TxCpltCallback  stm32f1xx_hal_uart.o
    0x08002768   0x08002768   0x00000004   Code   RO         1768    i.HardFault_Handler  stm32f1xx_it.o
    0x0800276c   0x0800276c   0x00000044   Code   RO          248    i.I2CS_Init         i2cs.o
    0x080027b0   0x080027b0   0x00000034   Code   RO          249    i.I2C_Start         i2cs.o
    0x080027e4   0x080027e4   0x00000028   Code   RO          250    i.I2C_Stop          i2cs.o
    0x0800280c   0x0800280c   0x00000020   Code   RO          251    i.I2C_WaitAck       i2cs.o
    0x0800282c   0x0800282c   0x0000003c   Code   RO          308    i.Limit             my_main.o
    0x08002868   0x08002868   0x000001a0   Code   RO         1544    i.MX_GPIO_Init      gpio.o
    0x08002a08   0x08002a08   0x0000003c   Code   RO         1570    i.MX_I2C2_Init      i2c.o
    0x08002a44   0x08002a44   0x000000d8   Code   RO         1615    i.MX_TIM1_Init      tim.o
    0x08002b1c   0x08002b1c   0x0000006c   Code   RO         1616    i.MX_TIM2_Init      tim.o
    0x08002b88   0x08002b88   0x0000007c   Code   RO         1617    i.MX_TIM3_Init      tim.o
    0x08002c04   0x08002c04   0x0000007c   Code   RO         1618    i.MX_TIM4_Init      tim.o
    0x08002c80   0x08002c80   0x00000070   Code   RO         1619    i.MX_TIM5_Init      tim.o
    0x08002cf0   0x08002cf0   0x0000004c   Code   RO         1620    i.MX_TIM6_Init      tim.o
    0x08002d3c   0x08002d3c   0x000000d8   Code   RO         1621    i.MX_TIM8_Init      tim.o
    0x08002e14   0x08002e14   0x00000038   Code   RO         1720    i.MX_USART1_UART_Init  usart.o
    0x08002e4c   0x08002e4c   0x00000038   Code   RO         1721    i.MX_USART2_UART_Init  usart.o
    0x08002e84   0x08002e84   0x00000004   Code   RO         1769    i.MemManage_Handler  stm32f1xx_it.o
    0x08002e88   0x08002e88   0x00000004   Code   RO         1770    i.NMI_Handler       stm32f1xx_it.o
    0x08002e8c   0x08002e8c   0x00000030   Code   RO          576    i.OLED_Clear        oled.o
    0x08002ebc   0x08002ebc   0x00000060   Code   RO          577    i.OLED_ClearPoint   oled.o
    0x08002f1c   0x08002f1c   0x0000003c   Code   RO          582    i.OLED_DrawPoint    oled.o
    0x08002f58   0x08002f58   0x000000f4   Code   RO          584    i.OLED_Init         oled.o
    0x0800304c   0x0800304c   0x00000016   Code   RO          586    i.OLED_Pow          oled.o
    0x08003062   0x08003062   0x00000002   PAD
    0x08003064   0x08003064   0x0000004c   Code   RO          587    i.OLED_Refresh      oled.o
    0x080030b0   0x080030b0   0x000000fc   Code   RO          591    i.OLED_ShowChar     oled.o
    0x080031ac   0x080031ac   0x00000078   Code   RO          598    i.OLED_ShowSignedNum  oled.o
    0x08003224   0x08003224   0x00000042   Code   RO          600    i.OLED_ShowString   oled.o
    0x08003266   0x08003266   0x00000038   Code   RO          602    i.OLED_WR_Byte      oled.o
    0x0800329e   0x0800329e   0x00000002   Code   RO         1771    i.PendSV_Handler    stm32f1xx_it.o
    0x080032a0   0x080032a0   0x00000028   Code   RO         2597    i.RCC_Delay         stm32f1xx_hal_rcc.o
    0x080032c8   0x080032c8   0x000000dc   Code   RO          140    i.ReadKey           key.o
    0x080033a4   0x080033a4   0x00000084   Code   RO           14    i.Read_8PIN         grayscale.o
    0x08003428   0x08003428   0x0000004c   Code   RO         1622    i.Read_Encoder      tim.o
    0x08003474   0x08003474   0x00000002   Code   RO         1772    i.SVC_Handler       stm32f1xx_it.o
    0x08003476   0x08003476   0x00000002   PAD
    0x08003478   0x08003478   0x0000005c   Code   RO          252    i.Send_Byte         i2cs.o
    0x080034d4   0x080034d4   0x00000080   Code   RO          309    i.Set_Pwm           my_main.o
    0x08003554   0x08003554   0x00000008   Code   RO         1773    i.SysTick_Handler   stm32f1xx_it.o
    0x0800355c   0x0800355c   0x00000066   Code   RO         1475    i.SystemClock_Config  main.o
    0x080035c2   0x080035c2   0x00000002   Code   RO         4775    i.SystemInit        system_stm32f1xx.o
    0x080035c4   0x080035c4   0x00000010   Code   RO         1774    i.TIM2_IRQHandler   stm32f1xx_it.o
    0x080035d4   0x080035d4   0x00000010   Code   RO         1775    i.TIM5_IRQHandler   stm32f1xx_it.o
    0x080035e4   0x080035e4   0x00000010   Code   RO         1776    i.TIM6_IRQHandler   stm32f1xx_it.o
    0x080035f4   0x080035f4   0x0000009c   Code   RO         3512    i.TIM_Base_SetConfig  stm32f1xx_hal_tim.o
    0x08003690   0x08003690   0x00000022   Code   RO         3513    i.TIM_CCxChannelCmd  stm32f1xx_hal_tim.o
    0x080036b2   0x080036b2   0x00000016   Code   RO         3523    i.TIM_ETR_SetConfig  stm32f1xx_hal_tim.o
    0x080036c8   0x080036c8   0x00000012   Code   RO         3524    i.TIM_ITRx_SetConfig  stm32f1xx_hal_tim.o
    0x080036da   0x080036da   0x00000002   PAD
    0x080036dc   0x080036dc   0x00000070   Code   RO         3525    i.TIM_OC1_SetConfig  stm32f1xx_hal_tim.o
    0x0800374c   0x0800374c   0x0000007c   Code   RO         3526    i.TIM_OC2_SetConfig  stm32f1xx_hal_tim.o
    0x080037c8   0x080037c8   0x00000078   Code   RO         3527    i.TIM_OC3_SetConfig  stm32f1xx_hal_tim.o
    0x08003840   0x08003840   0x00000054   Code   RO         3528    i.TIM_OC4_SetConfig  stm32f1xx_hal_tim.o
    0x08003894   0x08003894   0x00000026   Code   RO         3530    i.TIM_TI1_ConfigInputStage  stm32f1xx_hal_tim.o
    0x080038ba   0x080038ba   0x00000028   Code   RO         3532    i.TIM_TI2_ConfigInputStage  stm32f1xx_hal_tim.o
    0x080038e2   0x080038e2   0x00000014   Code   RO         4444    i.UART_DMAAbortOnError  stm32f1xx_hal_uart.o
    0x080038f6   0x080038f6   0x0000006c   Code   RO         4454    i.UART_EndRxTransfer  stm32f1xx_hal_uart.o
    0x08003962   0x08003962   0x00000020   Code   RO         4455    i.UART_EndTransmit_IT  stm32f1xx_hal_uart.o
    0x08003982   0x08003982   0x00000002   PAD
    0x08003984   0x08003984   0x00000074   Code   RO          311    i.UART_Proc         my_main.o
    0x080039f8   0x080039f8   0x000000fc   Code   RO         4457    i.UART_Receive_IT   stm32f1xx_hal_uart.o
    0x08003af4   0x08003af4   0x000000fc   Code   RO         4458    i.UART_SetConfig    stm32f1xx_hal_uart.o
    0x08003bf0   0x08003bf0   0x00000040   Code   RO         4460    i.UART_Start_Receive_IT  stm32f1xx_hal_uart.o
    0x08003c30   0x08003c30   0x00000060   Code   RO         4461    i.UART_Transmit_IT  stm32f1xx_hal_uart.o
    0x08003c90   0x08003c90   0x00000010   Code   RO         1777    i.USART1_IRQHandler  stm32f1xx_it.o
    0x08003ca0   0x08003ca0   0x0000001c   Code   RO         1778    i.USART2_IRQHandler  stm32f1xx_it.o
    0x08003cbc   0x08003cbc   0x00000004   Code   RO         1779    i.UsageFault_Handler  stm32f1xx_it.o
    0x08003cc0   0x08003cc0   0x00000010   Code   RO         2904    i.__NVIC_GetPriorityGrouping  stm32f1xx_hal_cortex.o
    0x08003cd0   0x08003cd0   0x00000028   Code   RO         2905    i.__NVIC_SetPriority  stm32f1xx_hal_cortex.o
    0x08003cf8   0x08003cf8   0x000001c0   Code   RO          312    i.key_process       my_main.o
    0x08003eb8   0x08003eb8   0x00000010   Code   RO          313    i.loop              my_main.o
    0x08003ec8   0x08003ec8   0x00000040   Code   RO         1476    i.main              main.o
    0x08003f08   0x08003f08   0x0000023c   Code   RO          314    i.oled_proc         my_main.o
    0x08004144   0x08004144   0x00000080   Code   RO          315    i.set_up            my_main.o
    0x080041c4   0x080041c4   0x00000062   Code   RO         4887    x$fpl$d2f           fz_ws.l(d2f.o)
    0x08004226   0x08004226   0x00000002   PAD
    0x08004228   0x08004228   0x00000150   Code   RO         4889    x$fpl$dadd          fz_ws.l(daddsub_clz.o)
    0x08004378   0x08004378   0x00000018   Code   RO         5032    x$fpl$dcmpinf       fz_ws.l(dcmpi.o)
    0x08004390   0x08004390   0x00000078   Code   RO         4899    x$fpl$deqf          fz_ws.l(deqf.o)
    0x08004408   0x08004408   0x00000154   Code   RO         4907    x$fpl$dmul          fz_ws.l(dmul.o)
    0x0800455c   0x0800455c   0x0000009c   Code   RO         5034    x$fpl$dnaninf       fz_ws.l(dnaninf.o)
    0x080045f8   0x080045f8   0x0000000c   Code   RO         5036    x$fpl$dretinf       fz_ws.l(dretinf.o)
    0x08004604   0x08004604   0x000001d4   Code   RO         4891    x$fpl$dsub          fz_ws.l(daddsub_clz.o)
    0x080047d8   0x080047d8   0x00000056   Code   RO         4909    x$fpl$f2d           fz_ws.l(f2d.o)
    0x0800482e   0x0800482e   0x00000002   PAD
    0x08004830   0x08004830   0x000000c4   Code   RO         4911    x$fpl$fadd          fz_ws.l(faddsub_clz.o)
    0x080048f4   0x080048f4   0x00000018   Code   RO         5038    x$fpl$fcmpinf       fz_ws.l(fcmpi.o)
    0x0800490c   0x0800490c   0x00000184   Code   RO         4918    x$fpl$fdiv          fz_ws.l(fdiv.o)
    0x08004a90   0x08004a90   0x00000068   Code   RO         4921    x$fpl$feqf          fz_ws.l(feqf.o)
    0x08004af8   0x08004af8   0x00000036   Code   RO         4923    x$fpl$ffix          fz_ws.l(ffix.o)
    0x08004b2e   0x08004b2e   0x00000002   PAD
    0x08004b30   0x08004b30   0x00000030   Code   RO         4932    x$fpl$fflt          fz_ws.l(fflt_clz.o)
    0x08004b60   0x08004b60   0x00000068   Code   RO         4937    x$fpl$fleqf         fz_ws.l(fleqf.o)
    0x08004bc8   0x08004bc8   0x00000102   Code   RO         4939    x$fpl$fmul          fz_ws.l(fmul.o)
    0x08004cca   0x08004cca   0x0000008c   Code   RO         5040    x$fpl$fnaninf       fz_ws.l(fnaninf.o)
    0x08004d56   0x08004d56   0x0000000a   Code   RO         5042    x$fpl$fretinf       fz_ws.l(fretinf.o)
    0x08004d60   0x08004d60   0x00000062   Code   RO         4941    x$fpl$frleqf        fz_ws.l(frleqf.o)
    0x08004dc2   0x08004dc2   0x00000002   PAD
    0x08004dc4   0x08004dc4   0x000000ea   Code   RO         4913    x$fpl$fsub          fz_ws.l(faddsub_clz.o)
    0x08004eae   0x08004eae   0x00000000   Code   RO         5046    x$fpl$usenofp       fz_ws.l(usenofp.o)
    0x08004eae   0x08004eae   0x00002210   Data   RO          605    .constdata          oled.o
    0x080070be   0x080070be   0x00000012   Data   RO         2598    .constdata          stm32f1xx_hal_rcc.o
    0x080070d0   0x080070d0   0x00000018   Data   RO         4776    .constdata          system_stm32f1xx.o
    0x080070e8   0x080070e8   0x00000020   Data   RO         5429    Region$$Table       anon$$obj.o


    Execution Region RW_IRAM1 (Exec base: 0x20000000, Load base: 0x08007108, Size: 0x00000f28, Max: 0x0000c000, ABSOLUTE)

    Exec Addr    Load Addr    Size         Type   Attr      Idx    E Section Name        Object

    0x20000000   0x08007108   0x00000010   Data   RW           15    .data               grayscale.o
    0x20000010   0x08007118   0x000000b2   Data   RW          317    .data               my_main.o
    0x200000c2   0x080071ca   0x00000002   PAD
    0x200000c4   0x080071cc   0x00000009   Data   RW         2434    .data               stm32f1xx_hal.o
    0x200000cd   0x080071d5   0x00000003   PAD
    0x200000d0   0x080071d8   0x00000004   Data   RW         4777    .data               system_stm32f1xx.o
    0x200000d4        -       0x00000034   Zero   RW          144    .bss                key.o
    0x20000108        -       0x00000064   Zero   RW          316    .bss                my_main.o
    0x2000016c        -       0x00000480   Zero   RW          604    .bss                oled.o
    0x200005ec        -       0x00000054   Zero   RW         1571    .bss                i2c.o
    0x20000640        -       0x000001f8   Zero   RW         1624    .bss                tim.o
    0x20000838        -       0x00000090   Zero   RW         1722    .bss                usart.o
    0x200008c8        -       0x00000060   Zero   RW         5179    .bss                c_w.l(libspace.o)
    0x20000928        -       0x00000200   Zero   RW            2    HEAP                startup_stm32f103xe.o
    0x20000b28        -       0x00000400   Zero   RW            1    STACK               startup_stm32f103xe.o


==============================================================================

Image component sizes


      Code (inc. data)   RO Data    RW Data    ZI Data      Debug   Object Name

        20          6          0          0          0        453   buzzerset.o
       416         22          0          0          0       1151   gpio.o
       256         28          0         16          0     495664   grayscale.o
       180         26          0          0         84       1697   i2c.o
       284         28          0          0          0       2741   i2cs.o
       220         16          0          0         52       1647   key.o
       172          0          0          0          0       1588   main.o
      2100        376          0        178        100     447215   my_main.o
      1040         36       8720          0       1152       8727   oled.o
        64         26        304          0       1536        832   startup_stm32f103xe.o
       192         36          0          9          0       6673   stm32f1xx_hal.o
       304         22          0          0          0      29595   stm32f1xx_hal_cortex.o
       510         10          0          0          0       1955   stm32f1xx_hal_dma.o
       860         40          0          0          0       3419   stm32f1xx_hal_gpio.o
       464         18          0          0          0       2171   stm32f1xx_hal_i2c.o
        84          8          0          0          0        938   stm32f1xx_hal_msp.o
      1748         98         18          0          0       6144   stm32f1xx_hal_rcc.o
      2852        110          0          0          0      18978   stm32f1xx_hal_tim.o
       276         22          0          0          0       3341   stm32f1xx_hal_tim_ex.o
      1802          8          0          0          0      10481   stm32f1xx_hal_uart.o
       126         32          0          0          0       6552   stm32f1xx_it.o
         2          0         24          4          0       1187   system_stm32f1xx.o
      1668        134          0          0        504       8123   tim.o
       384         36          0          0        144       2415   usart.o

    ----------------------------------------------------------------------
     16044       1138       9098        212       3572    1063687   Object Totals
         0          0         32          0          0          0   (incl. Generated)
        20          0          0          5          0          0   (incl. Padding)

    ----------------------------------------------------------------------

      Code (inc. data)   RO Data    RW Data    ZI Data      Debug   Library Member Name

         8          0          0          0          0         68   __main.o
         0          0          0          0          0          0   __rtentry.o
        12          0          0          0          0          0   __rtentry2.o
         6          0          0          0          0          0   __rtentry4.o
        52          8          0          0          0          0   __scatter.o
        26          0          0          0          0          0   __scatter_copy.o
        28          0          0          0          0          0   __scatter_zi.o
        18          0          0          0          0         80   exit.o
         6          0          0          0          0        152   heapauxi.o
         0          0          0          0          0          0   indicate_semi.o
         2          0          0          0          0          0   libinit.o
         2          0          0          0          0          0   libinit2.o
         2          0          0          0          0          0   libshutdown.o
         2          0          0          0          0          0   libshutdown2.o
         8          4          0          0         96         68   libspace.o
        78          0          0          0          0         80   rt_memclr_w.o
         2          0          0          0          0          0   rtexit.o
        10          0          0          0          0          0   rtexit2.o
       128          0          0          0          0         68   strcmpv7m.o
        12          4          0          0          0         68   sys_exit.o
        74          0          0          0          0         80   sys_stackheap_outer.o
         2          0          0          0          0         68   use_no_semi.o
        98          4          0          0          0         92   d2f.o
       804         16          0          0          0        272   daddsub_clz.o
        24          0          0          0          0         68   dcmpi.o
       120          4          0          0          0         92   deqf.o
       340         12          0          0          0        104   dmul.o
       156          4          0          0          0         92   dnaninf.o
        12          0          0          0          0         68   dretinf.o
        86          4          0          0          0         84   f2d.o
       430          8          0          0          0        168   faddsub_clz.o
        24          0          0          0          0         68   fcmpi.o
       388         76          0          0          0         96   fdiv.o
       104          4          0          0          0         84   feqf.o
        54          4          0          0          0         84   ffix.o
        48          0          0          0          0         68   fflt_clz.o
       104          4          0          0          0         84   fleqf.o
       258          4          0          0          0         84   fmul.o
       140          4          0          0          0         84   fnaninf.o
        10          0          0          0          0         68   fretinf.o
        98          0          0          0          0         68   frleqf.o
         0          0          0          0          0          0   usenofp.o

    ----------------------------------------------------------------------
      3794        164          0          0         96       2560   Library Totals
        18          0          0          0          0          0   (incl. Padding)

    ----------------------------------------------------------------------

      Code (inc. data)   RO Data    RW Data    ZI Data      Debug   Library Name

       478         16          0          0         96        732   c_w.l
      3298        148          0          0          0       1828   fz_ws.l

    ----------------------------------------------------------------------
      3794        164          0          0         96       2560   Library Totals

    ----------------------------------------------------------------------

==============================================================================


      Code (inc. data)   RO Data    RW Data    ZI Data      Debug   

     19838       1302       9098        212       3668    1058287   Grand Totals
     19838       1302       9098        212       3668    1058287   ELF Image Totals
     19838       1302       9098        212          0          0   ROM Totals

==============================================================================

    Total RO  Size (Code + RO Data)                28936 (  28.26kB)
    Total RW  Size (RW Data + ZI Data)              3880 (   3.79kB)
    Total ROM Size (Code + RO Data + RW Data)      29148 (  28.46kB)

==============================================================================

