Component: ARM Compiler 5.06 update 4 (build 422) Tool: armlink [4d35d2]

==============================================================================

Section Cross References

    startup_stm32f103xe.o(STACK) refers (Special) to heapauxi.o(.text) for __use_two_region_memory
    startup_stm32f103xe.o(HEAP) refers (Special) to heapauxi.o(.text) for __use_two_region_memory
    startup_stm32f103xe.o(RESET) refers (Special) to heapauxi.o(.text) for __use_two_region_memory
    startup_stm32f103xe.o(RESET) refers to startup_stm32f103xe.o(STACK) for __initial_sp
    startup_stm32f103xe.o(RESET) refers to startup_stm32f103xe.o(.text) for Reset_Handler
    startup_stm32f103xe.o(RESET) refers to stm32f1xx_it.o(i.NMI_Handler) for NMI_Handler
    startup_stm32f103xe.o(RESET) refers to stm32f1xx_it.o(i.HardFault_Handler) for HardFault_Handler
    startup_stm32f103xe.o(RESET) refers to stm32f1xx_it.o(i.MemManage_Handler) for MemManage_Handler
    startup_stm32f103xe.o(RESET) refers to stm32f1xx_it.o(i.BusFault_Handler) for BusFault_Handler
    startup_stm32f103xe.o(RESET) refers to stm32f1xx_it.o(i.UsageFault_Handler) for UsageFault_Handler
    startup_stm32f103xe.o(RESET) refers to stm32f1xx_it.o(i.SVC_Handler) for SVC_Handler
    startup_stm32f103xe.o(RESET) refers to stm32f1xx_it.o(i.DebugMon_Handler) for DebugMon_Handler
    startup_stm32f103xe.o(RESET) refers to stm32f1xx_it.o(i.PendSV_Handler) for PendSV_Handler
    startup_stm32f103xe.o(RESET) refers to stm32f1xx_it.o(i.SysTick_Handler) for SysTick_Handler
    startup_stm32f103xe.o(RESET) refers to stm32f1xx_it.o(i.TIM2_IRQHandler) for TIM2_IRQHandler
    startup_stm32f103xe.o(RESET) refers to stm32f1xx_it.o(i.USART1_IRQHandler) for USART1_IRQHandler
    startup_stm32f103xe.o(RESET) refers to stm32f1xx_it.o(i.USART2_IRQHandler) for USART2_IRQHandler
    startup_stm32f103xe.o(RESET) refers to stm32f1xx_it.o(i.TIM5_IRQHandler) for TIM5_IRQHandler
    startup_stm32f103xe.o(RESET) refers to stm32f1xx_it.o(i.TIM6_IRQHandler) for TIM6_IRQHandler
    startup_stm32f103xe.o(.text) refers (Special) to heapauxi.o(.text) for __use_two_region_memory
    startup_stm32f103xe.o(.text) refers to system_stm32f1xx.o(i.SystemInit) for SystemInit
    startup_stm32f103xe.o(.text) refers to __main.o(!!!main) for __main
    startup_stm32f103xe.o(.text) refers to startup_stm32f103xe.o(HEAP) for Heap_Mem
    startup_stm32f103xe.o(.text) refers to startup_stm32f103xe.o(STACK) for Stack_Mem
    grayscale.o(i.ERR) refers to grayscale.o(.data) for arr_bit
    grayscale.o(i.Read_8PIN) refers to stm32f1xx_hal_gpio.o(i.HAL_GPIO_ReadPin) for HAL_GPIO_ReadPin
    grayscale.o(i.Read_8PIN) refers to grayscale.o(i.ERR) for ERR
    grayscale.o(i.Read_8PIN) refers to grayscale.o(.data) for xun
    key.o(i.ReadKey) refers to stm32f1xx_hal_gpio.o(i.HAL_GPIO_ReadPin) for HAL_GPIO_ReadPin
    key.o(i.ReadKey) refers to key.o(.bss) for key_data1
    key.o(i.key_read) refers to stm32f1xx_hal_gpio.o(i.HAL_GPIO_ReadPin) for HAL_GPIO_ReadPin
    key.o(i.key_serv) refers to key.o(i.key_read) for key_read
    key.o(i.key_serv) refers to key.o(.bss) for bkey
    key.o(i.key_serv_long) refers to key.o(i.key_read) for key_read
    key.o(i.key_serv_long) refers to key.o(.bss) for bkey
    i2cs.o(i.I2CS_Init) refers to stm32f1xx_hal_gpio.o(i.HAL_GPIO_Init) for HAL_GPIO_Init
    i2cs.o(i.I2C_Start) refers to stm32f1xx_hal_gpio.o(i.HAL_GPIO_WritePin) for HAL_GPIO_WritePin
    i2cs.o(i.I2C_Stop) refers to stm32f1xx_hal_gpio.o(i.HAL_GPIO_WritePin) for HAL_GPIO_WritePin
    i2cs.o(i.I2C_WaitAck) refers to stm32f1xx_hal_gpio.o(i.HAL_GPIO_WritePin) for HAL_GPIO_WritePin
    i2cs.o(i.Send_Byte) refers to stm32f1xx_hal_gpio.o(i.HAL_GPIO_WritePin) for HAL_GPIO_WritePin
    my_main.o(i.Contrl) refers to stm32f1xx_hal_gpio.o(i.HAL_GPIO_WritePin) for HAL_GPIO_WritePin
    my_main.o(i.Contrl) refers to my_main.o(.data) for BIN1
    my_main.o(i.FastVelocity) refers to my_main.o(.data) for AimVelocity
    my_main.o(i.FuctionBase1) refers to my_main.o(i.VelocityStop) for VelocityStop
    my_main.o(i.FuctionBase1) refers to my_main.o(.data) for RRRXnum
    my_main.o(i.FuctionBase2) refers to my_main.o(i.VelocityStop) for VelocityStop
    my_main.o(i.FuctionBase2) refers to my_main.o(i.MediumVelocity) for MediumVelocity
    my_main.o(i.FuctionBase2) refers to my_main.o(i.SlowVelocity) for SlowVelocity
    my_main.o(i.FuctionBase2) refers to my_main.o(.data) for RRRXnum
    my_main.o(i.FuctionBase3) refers to my_main.o(i.VelocityStop) for VelocityStop
    my_main.o(i.FuctionBase3) refers to my_main.o(i.VelocityStop_10s) for VelocityStop_10s
    my_main.o(i.FuctionBase3) refers to my_main.o(.data) for RRRXnum
    my_main.o(i.FuctionIDLE) refers to my_main.o(i.MediumVelocity) for MediumVelocity
    my_main.o(i.FuctionImprove1) refers to my_main.o(i.VelocityStop) for VelocityStop
    my_main.o(i.FuctionImprove1) refers to my_main.o(.data) for RRRXnum
    my_main.o(i.FuctionImprove2) refers to my_main.o(i.VelocityStop) for VelocityStop
[...]
    UART_Transmit_IT                         0x080050f9   Thumb Code    96  stm32f1xx_hal_uart.o(i.UART_Transmit_IT)
    i.UART_WaitOnFlagUntilTimeout            0x08005158   Section        0  stm32f1xx_hal_uart.o(i.UART_WaitOnFlagUntilTimeout)
    UART_WaitOnFlagUntilTimeout              0x08005159   Thumb Code   146  stm32f1xx_hal_uart.o(i.UART_WaitOnFlagUntilTimeout)
    i.USART1_IRQHandler                      0x080051ec   Section        0  stm32f1xx_it.o(i.USART1_IRQHandler)
    i.USART2_IRQHandler                      0x080051fc   Section        0  stm32f1xx_it.o(i.USART2_IRQHandler)
    i.UsageFault_Handler                     0x08005218   Section        0  stm32f1xx_it.o(i.UsageFault_Handler)
    i.VelocityStop                           0x0800521c   Section        0  my_main.o(i.VelocityStop)
    i.VelocityStop_10s                       0x08005238   Section        0  my_main.o(i.VelocityStop_10s)
    i.__ARM_fpclassify                       0x0800524c   Section        0  fpclassify.o(i.__ARM_fpclassify)
    i.__NVIC_GetPriorityGrouping             0x08005274   Section        0  stm32f1xx_hal_cortex.o(i.__NVIC_GetPriorityGrouping)
    __NVIC_GetPriorityGrouping               0x08005275   Thumb Code    10  stm32f1xx_hal_cortex.o(i.__NVIC_GetPriorityGrouping)
    i.__NVIC_SetPriority                     0x08005284   Section        0  stm32f1xx_hal_cortex.o(i.__NVIC_SetPriority)
    __NVIC_SetPriority                       0x08005285   Thumb Code    32  stm32f1xx_hal_cortex.o(i.__NVIC_SetPriority)
    i._is_digit                              0x080052ac   Section        0  __printf_wp.o(i._is_digit)
    i.key_process                            0x080052bc   Section        0  my_main.o(i.key_process)
    i.key_read                               0x08005498   Section        0  key.o(i.key_read)
    i.key_serv_long                          0x080054ec   Section        0  key.o(i.key_serv_long)
    i.loop                                   0x0800556c   Section        0  my_main.o(i.loop)
    i.main                                   0x08005580   Section        0  main.o(i.main)
    i.oled_proc                              0x080055c0   Section        0  my_main.o(i.oled_proc)
    i.set_up                                 0x080058b4   Section        0  my_main.o(i.set_up)
    locale$$code                             0x08005934   Section       44  lc_numeric_c.o(locale$$code)
    x$fpl$d2f                                0x08005960   Section       98  d2f.o(x$fpl$d2f)
    x$fpl$dadd                               0x080059c4   Section      336  daddsub_clz.o(x$fpl$dadd)
    _dadd1                                   0x080059d5   Thumb Code     0  daddsub_clz.o(x$fpl$dadd)
    x$fpl$dmul                               0x08005b14   Section      340  dmul.o(x$fpl$dmul)
    x$fpl$dnaninf                            0x08005c68   Section      156  dnaninf.o(x$fpl$dnaninf)
    x$fpl$dretinf                            0x08005d04   Section       12  dretinf.o(x$fpl$dretinf)
    x$fpl$dsub                               0x08005d10   Section      468  daddsub_clz.o(x$fpl$dsub)
    _dsub1                                   0x08005d21   Thumb Code     0  daddsub_clz.o(x$fpl$dsub)
    x$fpl$f2d                                0x08005ee4   Section       86  f2d.o(x$fpl$f2d)
    x$fpl$fadd                               0x08005f3c   Section      196  faddsub_clz.o(x$fpl$fadd)
    _fadd1                                   0x08005f4b   Thumb Code     0  faddsub_clz.o(x$fpl$fadd)
    x$fpl$fcmpinf                            0x08006000   Section       24  fcmpi.o(x$fpl$fcmpinf)
    x$fpl$fdiv                               0x08006018   Section      388  fdiv.o(x$fpl$fdiv)
    _fdiv1                                   0x08006019   Thumb Code     0  fdiv.o(x$fpl$fdiv)
    x$fpl$ffix                               0x0800619c   Section       54  ffix.o(x$fpl$ffix)
    x$fpl$fflt                               0x080061d4   Section       48  fflt_clz.o(x$fpl$fflt)
    x$fpl$fleqf                              0x08006204   Section      104  fleqf.o(x$fpl$fleqf)
    x$fpl$fmul                               0x0800626c   Section      258  fmul.o(x$fpl$fmul)
    x$fpl$fnaninf                            0x0800636e   Section      140  fnaninf.o(x$fpl$fnaninf)
    x$fpl$fretinf                            0x080063fa   Section       10  fretinf.o(x$fpl$fretinf)
    x$fpl$frleqf                             0x08006404   Section       98  frleqf.o(x$fpl$frleqf)
    x$fpl$fsub                               0x08006468   Section      234  faddsub_clz.o(x$fpl$fsub)
    _fsub1                                   0x08006477   Thumb Code     0  faddsub_clz.o(x$fpl$fsub)
    x$fpl$printf1                            0x08006552   Section        4  printf1.o(x$fpl$printf1)
    .constdata                               0x08006556   Section     8720  oled.o(.constdata)
    x$fpl$usenofp                            0x08006556   Section        0  usenofp.o(x$fpl$usenofp)
    .constdata                               0x08008766   Section       18  stm32f1xx_hal_rcc.o(.constdata)
    aPLLMULFactorTable                       0x08008766   Data          16  stm32f1xx_hal_rcc.o(.constdata)
    aPredivFactorTable                       0x08008776   Data           2  stm32f1xx_hal_rcc.o(.constdata)
    .constdata                               0x08008778   Section       24  system_stm32f1xx.o(.constdata)
    .constdata                               0x08008790   Section       17  __printf_flags_wp.o(.constdata)
    maptable                                 0x08008790   Data          17  __printf_flags_wp.o(.constdata)
    .constdata                               0x080087a4   Section      148  bigflt0.o(.constdata)
    tenpwrs_x                                0x080087a4   Data          60  bigflt0.o(.constdata)
    tenpwrs_i                                0x080087e0   Data          64  bigflt0.o(.constdata)
    locale$$data                             0x08008858   Section       28  lc_numeric_c.o(locale$$data)
    __lcnum_c_name                           0x0800885c   Data           2  lc_numeric_c.o(locale$$data)
    __lcnum_c_start                          0x08008864   Data           0  lc_numeric_c.o(locale$$data)
    __lcnum_c_point                          0x08008870   Data           0  lc_numeric_c.o(locale$$data)
    __lcnum_c_thousands                      0x08008872   Data           0  lc_numeric_c.o(locale$$data)
    __lcnum_c_grouping                       0x08008873   Data           0  lc_numeric_c.o(locale$$data)
    __lcnum_c_end                            0x08008874   Data           0  lc_numeric_c.o(locale$$data)
    .data                                    0x20000000   Section       16  grayscale.o(.data)
    .data                                    0x20000010   Section      177  my_main.o(.data)
    .data                                    0x200000c4   Section        9  stm32f1xx_hal.o(.data)
    .data                                    0x200000d0   Section        4  system_stm32f1xx.o(.data)
    .bss                                     0x200000d4   Section       52  key.o(.bss)
    .bss                                     0x20000108   Section      100  my_main.o(.bss)
    .bss                                     0x2000016c   Section     1152  oled.o(.bss)
    .bss                                     0x200005ec   Section       84  i2c.o(.bss)
    .bss                                     0x20000640   Section      504  tim.o(.bss)
    .bss                                     0x20000838   Section      144  usart.o(.bss)
    .bss                                     0x200008c8   Section       96  libspace.o(.bss)
    HEAP                                     0x20000928   Section      512  startup_stm32f103xe.o(HEAP)
    Heap_Mem                                 0x20000928   Data         512  startup_stm32f103xe.o(HEAP)
    STACK                                    0x20000b28   Section     1024  startup_stm32f103xe.o(STACK)
    Stack_Mem                                0x20000b28   Data        1024  startup_stm32f103xe.o(STACK)
    __initial_sp                             0x20000f28   Data           0  startup_stm32f103xe.o(STACK)

    Global Symbols

    Symbol Name                              Value     Ov Type        Size  Object(Section)

    BuildAttributes$$THM_ISAv4$P$D$K$B$S$PE$A:L22UL41UL21$X:L11$S22US41US21$IEEE1$IW$USESV6$~STKCKD$USESV7$~SHL$OTIME$ROPI$IEEEX$EBA8$UX$STANDARDLIB$REQ8$PRES8$EABIv2 0x00000000   Number         0  anon$$obj.o ABSOLUTE
    __ARM_use_no_argv                        0x00000000   Number         0  main.o ABSOLUTE
    _printf_flags                            0x00000000   Number         0  printf_stubs.o ABSOLUTE
    _printf_return_value                     0x00000000   Number         0  printf_stubs.o ABSOLUTE
    _printf_sizespec                         0x00000000   Number         0  printf_stubs.o ABSOLUTE
    _printf_widthprec                        0x00000000   Number         0  printf_stubs.o ABSOLUTE
    __ARM_exceptions_init                     - Undefined Weak Reference
    __alloca_initialize                       - Undefined Weak Reference
    __arm_preinit_                            - Undefined Weak Reference
    __cpp_initialize__aeabi_                  - Undefined Weak Reference
    __cxa_finalize                            - Undefined Weak Reference
    __sigvec_lookup                           - Undefined Weak Reference
    __user_heap_extent                        - Undefined Weak Reference
    _atexit_init                              - Undefined Weak Reference
    _call_atexit_fns                          - Undefined Weak Reference
    _clock_init                               - Undefined Weak Reference
    _fp_trap_init                             - Undefined Weak Reference
    _fp_trap_shutdown                         - Undefined Weak Reference
    _get_lc_collate                           - Undefined Weak Reference
    _get_lc_ctype                             - Undefined Weak Reference
    _get_lc_monetary                          - Undefined Weak Reference
    _get_lc_time                              - Undefined Weak Reference
    _getenv_init                              - Undefined Weak Reference
    _handle_redirection                       - Undefined Weak Reference
    _mutex_acquire                            - Undefined Weak Reference
    _mutex_free                               - Undefined Weak Reference
    _mutex_release                            - Undefined Weak Reference
    _printf_truncate_unsigned                 - Undefined Weak Reference
    _signal_finish                            - Undefined Weak Reference
    _signal_init                              - Undefined Weak Reference
    __Vectors_Size                           0x00000130   Number         0  startup_stm32f103xe.o ABSOLUTE
    __Vectors                                0x08000000   Data           4  startup_stm32f103xe.o(RESET)
    __Vectors_End                            0x08000130   Data           0  startup_stm32f103xe.o(RESET)
    __main                                   0x08000131   Thumb Code     8  __main.o(!!!main)
    __scatterload                            0x08000139   Thumb Code     0  __scatter.o(!!!scatter)
    __scatterload_rt2                        0x08000139   Thumb Code    44  __scatter.o(!!!scatter)
    __scatterload_rt2_thumb_only             0x08000139   Thumb Code     0  __scatter.o(!!!scatter)
    __scatterload_null                       0x08000147   Thumb Code     0  __scatter.o(!!!scatter)
    __scatterload_copy                       0x0800016d   Thumb Code    26  __scatter_copy.o(!!handler_copy)
    __scatterload_zeroinit                   0x08000189   Thumb Code    28  __scatter_zi.o(!!handler_zi)
    _printf_f                                0x080001a5   Thumb Code     0  _printf_f.o(.ARM.Collect$$_printf_percent$$00000003)
    _printf_percent                          0x080001a5   Thumb Code     0  _printf_percent.o(.ARM.Collect$$_printf_percent$$00000000)
    _printf_percent_end                      0x080001ab   Thumb Code     0  _printf_percent_end.o(.ARM.Collect$$_printf_percent$$00000017)
    __rt_lib_init                            0x080001af   Thumb Code     0  libinit.o(.ARM.Collect$$libinit$$00000000)
    __rt_lib_init_fp_1                       0x080001b1   Thumb Code     0  libinit2.o(.ARM.Collect$$libinit$$00000002)
    __rt_lib_init_heap_1                     0x080001b1   Thumb Code     0  libinit2.o(.ARM.Collect$$libinit$$0000000A)
    __rt_lib_init_lc_common                  0x080001b1   Thumb Code     0  libinit2.o(.ARM.Collect$$libinit$$0000000F)
    __rt_lib_init_preinit_1                  0x080001b1   Thumb Code     0  libinit2.o(.ARM.Collect$$libinit$$00000004)
    __rt_lib_init_rand_1                     0x080001b1   Thumb Code     0  libinit2.o(.ARM.Collect$$libinit$$0000000E)
    __rt_lib_init_user_alloc_1               0x080001b1   Thumb Code     0  libinit2.o(.ARM.Collect$$libinit$$0000000C)
    __rt_lib_init_lc_collate_1               0x080001b7   Thumb Code     0  libinit2.o(.ARM.Collect$$libinit$$00000011)
    __rt_lib_init_lc_ctype_1                 0x080001b7   Thumb Code     0  libinit2.o(.ARM.Collect$$libinit$$00000013)
    __rt_lib_init_lc_monetary_1              0x080001b7   Thumb Code     0  libinit2.o(.ARM.Collect$$libinit$$00000015)
    __rt_lib_init_lc_numeric_2               0x080001b7   Thumb Code     0  libinit2.o(.ARM.Collect$$libinit$$00000016)
    __rt_lib_init_alloca_1                   0x080001c1   Thumb Code     0  libinit2.o(.ARM.Collect$$libinit$$0000002E)
    __rt_lib_init_argv_1                     0x080001c1   Thumb Code     0  libinit2.o(.ARM.Collect$$libinit$$0000002C)
    __rt_lib_init_atexit_1                   0x080001c1   Thumb Code     0  libinit2.o(.ARM.Collect$$libinit$$0000001B)
    __rt_lib_init_clock_1                    0x080001c1   Thumb Code     0  libinit2.o(.ARM.Collect$$libinit$$00000021)
    __rt_lib_init_cpp_1                      0x080001c1   Thumb Code     0  libinit2.o(.ARM.Collect$$libinit$$00000032)
    __rt_lib_init_exceptions_1               0x080001c1   Thumb Code     0  libinit2.o(.ARM.Collect$$libinit$$00000030)
    __rt_lib_init_fp_trap_1                  0x080001c1   Thumb Code     0  libinit2.o(.ARM.Collect$$libinit$$0000001F)
    __rt_lib_init_getenv_1                   0x080001c1   Thumb Code     0  libinit2.o(.ARM.Collect$$libinit$$00000023)
    __rt_lib_init_lc_numeric_1               0x080001c1   Thumb Code     0  libinit2.o(.ARM.Collect$$libinit$$00000017)
    __rt_lib_init_lc_time_1                  0x080001c1   Thumb Code     0  libinit2.o(.ARM.Collect$$libinit$$00000019)
    __rt_lib_init_return                     0x080001c1   Thumb Code     0  libinit2.o(.ARM.Collect$$libinit$$00000033)
    __rt_lib_init_signal_1                   0x080001c1   Thumb Code     0  libinit2.o(.ARM.Collect$$libinit$$0000001D)
    __rt_lib_init_stdio_1                    0x080001c1   Thumb Code     0  libinit2.o(.ARM.Collect$$libinit$$00000025)
    __rt_lib_shutdown                        0x080001c3   Thumb Code     0  libshutdown.o(.ARM.Collect$$libshutdown$$00000000)
    __rt_lib_shutdown_cpp_1                  0x080001c5   Thumb Code     0  libshutdown2.o(.ARM.Collect$$libshutdown$$00000002)
    __rt_lib_shutdown_fp_trap_1              0x080001c5   Thumb Code     0  libshutdown2.o(.ARM.Collect$$libshutdown$$00000007)
    __rt_lib_shutdown_heap_1                 0x080001c5   Thumb Code     0  libshutdown2.o(.ARM.Collect$$libshutdown$$0000000F)
    __rt_lib_shutdown_return                 0x080001c5   Thumb Code     0  libshutdown2.o(.ARM.Collect$$libshutdown$$00000010)
    __rt_lib_shutdown_signal_1               0x080001c5   Thumb Code     0  libshutdown2.o(.ARM.Collect$$libshutdown$$0000000A)
    __rt_lib_shutdown_stdio_1                0x080001c5   Thumb Code     0  libshutdown2.o(.ARM.Collect$$libshutdown$$00000004)
    __rt_lib_shutdown_user_alloc_1           0x080001c5   Thumb Code     0  libshutdown2.o(.ARM.Collect$$libshutdown$$0000000C)
    __rt_entry                               0x080001c7   Thumb Code     0  __rtentry.o(.ARM.Collect$$rtentry$$00000000)
    __rt_entry_presh_1                       0x080001c7   Thumb Code     0  __rtentry2.o(.ARM.Collect$$rtentry$$00000002)
    __rt_entry_sh                            0x080001c7   Thumb Code     0  __rtentry4.o(.ARM.Collect$$rtentry$$00000004)
    __rt_entry_li                            0x080001cd   Thumb Code     0  __rtentry2.o(.ARM.Collect$$rtentry$$0000000A)
    __rt_entry_postsh_1                      0x080001cd   Thumb Code     0  __rtentry2.o(.ARM.Collect$$rtentry$$00000009)
    __rt_entry_main                          0x080001d1   Thumb Code     0  __rtentry2.o(.ARM.Collect$$rtentry$$0000000D)
    __rt_entry_postli_1                      0x080001d1   Thumb Code     0  __rtentry2.o(.ARM.Collect$$rtentry$$0000000C)
    __rt_exit                                0x080001d9   Thumb Code     0  rtexit.o(.ARM.Collect$$rtexit$$00000000)
    __rt_exit_ls                             0x080001db   Thumb Code     0  rtexit2.o(.ARM.Collect$$rtexit$$00000003)
    __rt_exit_prels_1                        0x080001db   Thumb Code     0  rtexit2.o(.ARM.Collect$$rtexit$$00000002)
    __rt_exit_exit                           0x080001df   Thumb Code     0  rtexit2.o(.ARM.Collect$$rtexit$$00000004)
    Reset_Handler                            0x080001e5   Thumb Code     8  startup_stm32f103xe.o(.text)
    ADC1_2_IRQHandler                        0x080001ff   Thumb Code     0  startup_stm32f103xe.o(.text)
    ADC3_IRQHandler                          0x080001ff   Thumb Code     0  startup_stm32f103xe.o(.text)
    CAN1_RX1_IRQHandler                      0x080001ff   Thumb Code     0  startup_stm32f103xe.o(.text)
    CAN1_SCE_IRQHandler                      0x080001ff   Thumb Code     0  startup_stm32f103xe.o(.text)
    DMA1_Channel1_IRQHandler                 0x080001ff   Thumb Code     0  startup_stm32f103xe.o(.text)
    DMA1_Channel2_IRQHandler                 0x080001ff   Thumb Code     0  startup_stm32f103xe.o(.text)
    DMA1_Channel3_IRQHandler                 0x080001ff   Thumb Code     0  startup_stm32f103xe.o(.text)
    DMA1_Channel4_IRQHandler                 0x080001ff   Thumb Code     0  startup_stm32f103xe.o(.text)
    DMA1_Channel5_IRQHandler                 0x080001ff   Thumb Code     0  startup_stm32f103xe.o(.text)
    DMA1_Channel6_IRQHandler                 0x080001ff   Thumb Code     0  startup_stm32f103xe.o(.text)
    DMA1_Channel7_IRQHandler                 0x080001ff   Thumb Code     0  startup_stm32f103xe.o(.text)
    DMA2_Channel1_IRQHandler                 0x080001ff   Thumb Code     0  startup_stm32f103xe.o(.text)
    DMA2_Channel2_IRQHandler                 0x080001ff   Thumb Code     0  startup_stm32f103xe.o(.text)
    DMA2_Channel3_IRQHandler                 0x080001ff   Thumb Code     0  startup_stm32f103xe.o(.text)
    DMA2_Channel4_5_IRQHandler               0x080001ff   Thumb Code     0  startup_stm32f103xe.o(.text)
    EXTI0_IRQHandler                         0x080001ff   Thumb Code     0  startup_stm32f103xe.o(.text)
    EXTI15_10_IRQHandler                     0x080001ff   Thumb Code     0  startup_stm32f103xe.o(.text)
    EXTI1_IRQHandler                         0x080001ff   Thumb Code     0  startup_stm32f103xe.o(.text)
    EXTI2_IRQHandler                         0x080001ff   Thumb Code     0  startup_stm32f103xe.o(.text)
    EXTI3_IRQHandler                         0x080001ff   Thumb Code     0  startup_stm32f103xe.o(.text)
    EXTI4_IRQHandler                         0x080001ff   Thumb Code     0  startup_stm32f103xe.o(.text)
    EXTI9_5_IRQHandler                       0x080001ff   Thumb Code     0  startup_stm32f103xe.o(.text)
    FLASH_IRQHandler                         0x080001ff   Thumb Code     0  startup_stm32f103xe.o(.text)
    FSMC_IRQHandler                          0x080001ff   Thumb Code     0  startup_stm32f103xe.o(.text)
    I2C1_ER_IRQHandler                       0x080001ff   Thumb Code     0  startup_stm32f103xe.o(.text)
    I2C1_EV_IRQHandler                       0x080001ff   Thumb Code     0  startup_stm32f103xe.o(.text)
    I2C2_ER_IRQHandler                       0x080001ff   Thumb Code     0  startup_stm32f103xe.o(.text)
    I2C2_EV_IRQHandler                       0x080001ff   Thumb Code     0  startup_stm32f103xe.o(.text)
    PVD_IRQHandler                           0x080001ff   Thumb Code     0  startup_stm32f103xe.o(.text)
    RCC_IRQHandler                           0x080001ff   Thumb Code     0  startup_stm32f103xe.o(.text)
    RTC_Alarm_IRQHandler                     0x080001ff   Thumb Code     0  startup_stm32f103xe.o(.text)
    RTC_IRQHandler                           0x080001ff   Thumb Code     0  startup_stm32f103xe.o(.text)
    SDIO_IRQHandler                          0x080001ff   Thumb Code     0  startup_stm32f103xe.o(.text)
    SPI1_IRQHandler                          0x080001ff   Thumb Code     0  startup_stm32f103xe.o(.text)
    SPI2_IRQHandler                          0x080001ff   Thumb Code     0  startup_stm32f103xe.o(.text)
    SPI3_IRQHandler                          0x080001ff   Thumb Code     0  startup_stm32f103xe.o(.text)
    TAMPER_IRQHandler                        0x080001ff   Thumb Code     0  startup_stm32f103xe.o(.text)
    TIM1_BRK_IRQHandler                      0x080001ff   Thumb Code     0  startup_stm32f103xe.o(.text)
    TIM1_CC_IRQHandler                       0x080001ff   Thumb Code     0  startup_stm32f103xe.o(.text)
    TIM1_TRG_COM_IRQHandler                  0x080001ff   Thumb Code     0  startup_stm32f103xe.o(.text)
    TIM1_UP_IRQHandler                       0x080001ff   Thumb Code     0  startup_stm32f103xe.o(.text)
    TIM3_IRQHandler                          0x080001ff   Thumb Code     0  startup_stm32f103xe.o(.text)
    TIM4_IRQHandler                          0x080001ff   Thumb Code     0  startup_stm32f103xe.o(.text)
    TIM7_IRQHandler                          0x080001ff   Thumb Code     0  startup_stm32f103xe.o(.text)
    TIM8_BRK_IRQHandler                      0x080001ff   Thumb Code     0  startup_stm32f103xe.o(.text)
    TIM8_CC_IRQHandler                       0x080001ff   Thumb Code     0  startup_stm32f103xe.o(.text)
    TIM8_TRG_COM_IRQHandler                  0x080001ff   Thumb Code     0  startup_stm32f103xe.o(.text)
    TIM8_UP_IRQHandler                       0x080001ff   Thumb Code     0  startup_stm32f103xe.o(.text)
    UART4_IRQHandler                         0x080001ff   Thumb Code     0  startup_stm32f103xe.o(.text)
    UART5_IRQHandler                         0x080001ff   Thumb Code     0  startup_stm32f103xe.o(.text)
    USART3_IRQHandler                        0x080001ff   Thumb Code     0  startup_stm32f103xe.o(.text)
    USBWakeUp_IRQHandler                     0x080001ff   Thumb Code     0  startup_stm32f103xe.o(.text)
    USB_HP_CAN1_TX_IRQHandler                0x080001ff   Thumb Code     0  startup_stm32f103xe.o(.text)
    USB_LP_CAN1_RX0_IRQHandler               0x080001ff   Thumb Code     0  startup_stm32f103xe.o(.text)
    WWDG_IRQHandler                          0x080001ff   Thumb Code     0  startup_stm32f103xe.o(.text)
    __user_initial_stackheap                 0x08000201   Thumb Code     0  startup_stm32f103xe.o(.text)
    __2sprintf                               0x08000225   Thumb Code    34  noretval__2sprintf.o(.text)
    __printf                                 0x0800024d   Thumb Code   308  __printf_flags_wp.o(.text)
    strlen                                   0x08000385   Thumb Code    62  strlen.o(.text)
    __aeabi_memclr4                          0x080003c3   Thumb Code     0  rt_memclr_w.o(.text)
    __aeabi_memclr8                          0x080003c3   Thumb Code     0  rt_memclr_w.o(.text)
    __rt_memclr_w                            0x080003c3   Thumb Code    78  rt_memclr_w.o(.text)
    _memset_w                                0x080003c7   Thumb Code     0  rt_memclr_w.o(.text)
    __use_two_region_memory                  0x08000411   Thumb Code     2  heapauxi.o(.text)
    __rt_heap_escrow                         0x08000413   Thumb Code     2  heapauxi.o(.text)
    __rt_heap_expand                         0x08000415   Thumb Code     2  heapauxi.o(.text)
    __lib_sel_fp_printf                      0x08000417   Thumb Code     2  _printf_fp_dec.o(.text)
    _printf_fp_dec_real                      0x080005c5   Thumb Code   620  _printf_fp_dec.o(.text)
    _printf_char_common                      0x0800083b   Thumb Code    32  _printf_char_common.o(.text)
    _sputc                                   0x08000861   Thumb Code    10  _sputc.o(.text)
    __rt_locale                              0x0800086d   Thumb Code     8  rt_locale_intlibspace.o(.text)
    _ll_udiv10                               0x08000875   Thumb Code   138  lludiv10.o(.text)
    _printf_fp_infnan                        0x08000901   Thumb Code   112  _printf_fp_infnan.o(.text)
    _btod_etento                             0x08000981   Thumb Code   216  bigflt0.o(.text)
    __user_libspace                          0x08000a5d   Thumb Code     8  libspace.o(.text)
    __user_perproc_libspace                  0x08000a5d   Thumb Code     0  libspace.o(.text)
    __user_perthread_libspace                0x08000a5d   Thumb Code     0  libspace.o(.text)
    __user_setup_stackheap                   0x08000a65   Thumb Code    74  sys_stackheap_outer.o(.text)
    exit                                     0x08000aaf   Thumb Code    18  exit.o(.text)
    strcmp                                   0x08000ac1   Thumb Code   128  strcmpv7m.o(.text)
    __I$use$semihosting                      0x08000b41   Thumb Code     0  use_no_semi.o(.text)
    __use_no_semihosting_swi                 0x08000b41   Thumb Code     2  use_no_semi.o(.text)
    __semihosting_library_function           0x08000b43   Thumb Code     0  indicate_semi.o(.text)
    _sys_exit                                0x08000b45   Thumb Code     8  sys_exit.o(.text)
    _btod_d2e                                0x08000b51   Thumb Code    62  btod.o(CL$$btod_d2e)
    _d2e_denorm_low                          0x08000b8f   Thumb Code    70  btod.o(CL$$btod_d2e_denorm_low)
    _d2e_norm_op1                            0x08000bd5   Thumb Code    96  btod.o(CL$$btod_d2e_norm_op1)
    __btod_div_common                        0x08000c35   Thumb Code   696  btod.o(CL$$btod_div_common)
    _e2e                                     0x08000f6d   Thumb Code   198  btod.o(CL$$btod_e2e)
    _btod_ediv                               0x08001033   Thumb Code    40  btod.o(CL$$btod_ediv)
    _btod_emul                               0x0800105b   Thumb Code    40  btod.o(CL$$btod_emul)
    __btod_mult_common                       0x08001083   Thumb Code   580  btod.o(CL$$btod_mult_common)
    BusFault_Handler                         0x080012c7   Thumb Code     4  stm32f1xx_it.o(i.BusFault_Handler)
    Buzzer_Off                               0x080012cd   Thumb Code    14  buzzerset.o(i.Buzzer_Off)
    Contrl                                   0x080012e1   Thumb Code    52  my_main.o(i.Contrl)
    DebugMon_Handler                         0x0800132d   Thumb Code     2  stm32f1xx_it.o(i.DebugMon_Handler)
    ERR                                      0x08001331   Thumb Code   114  grayscale.o(i.ERR)
    Error_Handler                            0x080013ad   Thumb Code     6  main.o(i.Error_Handler)
    FastVelocity                             0x080013b5   Thumb Code    16  my_main.o(i.FastVelocity)
    FuctionBase1                             0x080013d1   Thumb Code    52  my_main.o(i.FuctionBase1)
    FuctionBase2                             0x0800140d   Thumb Code   362  my_main.o(i.FuctionBase2)
    FuctionBase3                             0x08001595   Thumb Code   108  my_main.o(i.FuctionBase3)
    FuctionIDLE                              0x0800160d   Thumb Code     8  my_main.o(i.FuctionIDLE)
    FuctionImprove1                          0x08001615   Thumb Code    72  my_main.o(i.FuctionImprove1)
    FuctionImprove2                          0x08001669   Thumb Code   100  my_main.o(i.FuctionImprove2)
    FuctionImprove3                          0x080016d1   Thumb Code    60  my_main.o(i.FuctionImprove3)
    FuctionInit                              0x08001715   Thumb Code    42  my_main.o(i.FuctionInit)
    FuctionSelect                            0x08001759   Thumb Code    86  my_main.o(i.FuctionSelect)
    GetVelocity                              0x080017b9   Thumb Code   234  my_main.o(i.GetVelocity)
    Gray_PID                                 0x080018e9   Thumb Code    62  my_main.o(i.Gray_PID)
    HAL_DMA_Abort                            0x08001935   Thumb Code    86  stm32f1xx_hal_dma.o(i.HAL_DMA_Abort)
    HAL_DMA_Abort_IT                         0x0800198d   Thumb Code   414  stm32f1xx_hal_dma.o(i.HAL_DMA_Abort_IT)
    HAL_Delay                                0x08001b35   Thumb Code    36  stm32f1xx_hal.o(i.HAL_Delay)
    HAL_GPIO_Init                            0x08001b5d   Thumb Code   792  stm32f1xx_hal_gpio.o(i.HAL_GPIO_Init)
    HAL_GPIO_ReadPin                         0x08001e9d   Thumb Code    16  stm32f1xx_hal_gpio.o(i.HAL_GPIO_ReadPin)
    HAL_GPIO_WritePin                        0x08001ead   Thumb Code    12  stm32f1xx_hal_gpio.o(i.HAL_GPIO_WritePin)
    HAL_GetTick                              0x08001eb9   Thumb Code     6  stm32f1xx_hal.o(i.HAL_GetTick)
    HAL_I2C_Init                             0x08001ec5   Thumb Code   446  stm32f1xx_hal_i2c.o(i.HAL_I2C_Init)
    HAL_I2C_MspInit                          0x08002095   Thumb Code   106  i2c.o(i.HAL_I2C_MspInit)
    HAL_IncTick                              0x0800210d   Thumb Code    16  stm32f1xx_hal.o(i.HAL_IncTick)
    HAL_Init                                 0x08002125   Thumb Code    34  stm32f1xx_hal.o(i.HAL_Init)
    HAL_InitTick                             0x0800214d   Thumb Code    64  stm32f1xx_hal.o(i.HAL_InitTick)
    HAL_MspInit                              0x08002199   Thumb Code    76  stm32f1xx_hal_msp.o(i.HAL_MspInit)
    HAL_NVIC_EnableIRQ                       0x080021ed   Thumb Code    32  stm32f1xx_hal_cortex.o(i.HAL_NVIC_EnableIRQ)
    HAL_NVIC_SetPriority                     0x0800220d   Thumb Code   124  stm32f1xx_hal_cortex.o(i.HAL_NVIC_SetPriority)
    HAL_NVIC_SetPriorityGrouping             0x08002289   Thumb Code    32  stm32f1xx_hal_cortex.o(i.HAL_NVIC_SetPriorityGrouping)
    HAL_RCC_ClockConfig                      0x080022b1   Thumb Code   376  stm32f1xx_hal_rcc.o(i.HAL_RCC_ClockConfig)
    HAL_RCC_GetHCLKFreq                      0x0800243d   Thumb Code     6  stm32f1xx_hal_rcc.o(i.HAL_RCC_GetHCLKFreq)
    HAL_RCC_GetPCLK1Freq                     0x08002449   Thumb Code    22  stm32f1xx_hal_rcc.o(i.HAL_RCC_GetPCLK1Freq)
    HAL_RCC_GetPCLK2Freq                     0x08002469   Thumb Code    22  stm32f1xx_hal_rcc.o(i.HAL_RCC_GetPCLK2Freq)
    HAL_RCC_GetSysClockFreq                  0x08002489   Thumb Code    92  stm32f1xx_hal_rcc.o(i.HAL_RCC_GetSysClockFreq)
    HAL_RCC_OscConfig                        0x080024f9   Thumb Code  1114  stm32f1xx_hal_rcc.o(i.HAL_RCC_OscConfig)
    HAL_SYSTICK_Config                       0x0800295d   Thumb Code    52  stm32f1xx_hal_cortex.o(i.HAL_SYSTICK_Config)
    HAL_TIMEx_BreakCallback                  0x08002991   Thumb Code     2  stm32f1xx_hal_tim_ex.o(i.HAL_TIMEx_BreakCallback)
    HAL_TIMEx_CommutCallback                 0x08002993   Thumb Code     2  stm32f1xx_hal_tim_ex.o(i.HAL_TIMEx_CommutCallback)
    HAL_TIMEx_ConfigBreakDeadTime            0x08002995   Thumb Code   116  stm32f1xx_hal_tim_ex.o(i.HAL_TIMEx_ConfigBreakDeadTime)
    HAL_TIMEx_MasterConfigSynchronization    0x08002a09   Thumb Code   134  stm32f1xx_hal_tim_ex.o(i.HAL_TIMEx_MasterConfigSynchronization)
    HAL_TIM_Base_Init                        0x08002aa5   Thumb Code   102  stm32f1xx_hal_tim.o(i.HAL_TIM_Base_Init)
    HAL_TIM_Base_MspInit                     0x08002b0d   Thumb Code   240  tim.o(i.HAL_TIM_Base_MspInit)
    HAL_TIM_Base_Start_IT                    0x08002c11   Thumb Code   122  stm32f1xx_hal_tim.o(i.HAL_TIM_Base_Start_IT)
    HAL_TIM_ConfigClockSource                0x08002ca1   Thumb Code   268  stm32f1xx_hal_tim.o(i.HAL_TIM_ConfigClockSource)
    HAL_TIM_Encoder_Init                     0x08002dad   Thumb Code   196  stm32f1xx_hal_tim.o(i.HAL_TIM_Encoder_Init)
    HAL_TIM_Encoder_MspInit                  0x08002e71   Thumb Code   182  tim.o(i.HAL_TIM_Encoder_MspInit)
    HAL_TIM_Encoder_Start                    0x08002f3d   Thumb Code   204  stm32f1xx_hal_tim.o(i.HAL_TIM_Encoder_Start)
    HAL_TIM_IC_CaptureCallback               0x08003009   Thumb Code     2  stm32f1xx_hal_tim.o(i.HAL_TIM_IC_CaptureCallback)
    HAL_TIM_IRQHandler                       0x0800300b   Thumb Code   406  stm32f1xx_hal_tim.o(i.HAL_TIM_IRQHandler)
    HAL_TIM_MspPostInit                      0x080031a1   Thumb Code   130  tim.o(i.HAL_TIM_MspPostInit)
    HAL_TIM_OC_DelayElapsedCallback          0x08003239   Thumb Code     2  stm32f1xx_hal_tim.o(i.HAL_TIM_OC_DelayElapsedCallback)
    HAL_TIM_PWM_ConfigChannel                0x0800323b   Thumb Code   260  stm32f1xx_hal_tim.o(i.HAL_TIM_PWM_ConfigChannel)
    HAL_TIM_PWM_Init                         0x0800333f   Thumb Code   102  stm32f1xx_hal_tim.o(i.HAL_TIM_PWM_Init)
    HAL_TIM_PWM_MspInit                      0x080033a5   Thumb Code     2  stm32f1xx_hal_tim.o(i.HAL_TIM_PWM_MspInit)
    HAL_TIM_PWM_PulseFinishedCallback        0x080033a7   Thumb Code     2  stm32f1xx_hal_tim.o(i.HAL_TIM_PWM_PulseFinishedCallback)
    HAL_TIM_PWM_Start                        0x080033a9   Thumb Code   222  stm32f1xx_hal_tim.o(i.HAL_TIM_PWM_Start)
    HAL_TIM_PWM_Stop                         0x0800349d   Thumb Code   160  stm32f1xx_hal_tim.o(i.HAL_TIM_PWM_Stop)
    HAL_TIM_PeriodElapsedCallback            0x08003545   Thumb Code   218  my_main.o(i.HAL_TIM_PeriodElapsedCallback)
    HAL_TIM_TriggerCallback                  0x08003649   Thumb Code     2  stm32f1xx_hal_tim.o(i.HAL_TIM_TriggerCallback)
    HAL_UARTEx_ReceiveToIdle_IT              0x0800364b   Thumb Code   114  stm32f1xx_hal_uart.o(i.HAL_UARTEx_ReceiveToIdle_IT)
    HAL_UARTEx_RxEventCallback               0x080036bd   Thumb Code    20  my_main.o(i.HAL_UARTEx_RxEventCallback)
    HAL_UART_ErrorCallback                   0x080036dd   Thumb Code     2  stm32f1xx_hal_uart.o(i.HAL_UART_ErrorCallback)
    HAL_UART_IRQHandler                      0x080036e1   Thumb Code   736  stm32f1xx_hal_uart.o(i.HAL_UART_IRQHandler)
    HAL_UART_Init                            0x080039c5   Thumb Code   118  stm32f1xx_hal_uart.o(i.HAL_UART_Init)
    HAL_UART_MspInit                         0x08003a3d   Thumb Code   256  usart.o(i.HAL_UART_MspInit)
    HAL_UART_RxCpltCallback                  0x08003b4d   Thumb Code     2  stm32f1xx_hal_uart.o(i.HAL_UART_RxCpltCallback)
    HAL_UART_Transmit                        0x08003b4f   Thumb Code   178  stm32f1xx_hal_uart.o(i.HAL_UART_Transmit)
    HAL_UART_TxCpltCallback                  0x08003c01   Thumb Code     2  stm32f1xx_hal_uart.o(i.HAL_UART_TxCpltCallback)
    HardFault_Handler                        0x08003c03   Thumb Code     4  stm32f1xx_it.o(i.HardFault_Handler)
    I2CS_Init                                0x08003c09   Thumb Code    60  i2cs.o(i.I2CS_Init)
    I2C_Start                                0x08003c4d   Thumb Code    48  i2cs.o(i.I2C_Start)
    I2C_Stop                                 0x08003c81   Thumb Code    36  i2cs.o(i.I2C_Stop)
    I2C_WaitAck                              0x08003ca9   Thumb Code    26  i2cs.o(i.I2C_WaitAck)
    Limit                                    0x08003cc9   Thumb Code    54  my_main.o(i.Limit)
    MX_GPIO_Init                             0x08003d05   Thumb Code   394  gpio.o(i.MX_GPIO_Init)
    MX_I2C2_Init                             0x08003ea5   Thumb Code    48  i2c.o(i.MX_I2C2_Init)
    MX_TIM1_Init                             0x08003ee1   Thumb Code   208  tim.o(i.MX_TIM1_Init)
    MX_TIM2_Init                             0x08003fb9   Thumb Code   102  tim.o(i.MX_TIM2_Init)
    MX_TIM3_Init                             0x08004025   Thumb Code   114  tim.o(i.MX_TIM3_Init)
    MX_TIM4_Init                             0x080040a1   Thumb Code   114  tim.o(i.MX_TIM4_Init)
    MX_TIM5_Init                             0x0800411d   Thumb Code   102  tim.o(i.MX_TIM5_Init)
    MX_TIM6_Init                             0x0800418d   Thumb Code    66  tim.o(i.MX_TIM6_Init)
    MX_TIM8_Init                             0x080041d9   Thumb Code   208  tim.o(i.MX_TIM8_Init)
    MX_USART1_UART_Init                      0x080042b1   Thumb Code    46  usart.o(i.MX_USART1_UART_Init)
    MX_USART2_UART_Init                      0x080042e9   Thumb Code    46  usart.o(i.MX_USART2_UART_Init)
    MediumVelocity                           0x08004321   Thumb Code    22  my_main.o(i.MediumVelocity)
    MemManage_Handler                        0x08004349   Thumb Code     4  stm32f1xx_it.o(i.MemManage_Handler)
    NMI_Handler                              0x0800434d   Thumb Code     4  stm32f1xx_it.o(i.NMI_Handler)
    OLED_Clear                               0x08004351   Thumb Code    42  oled.o(i.OLED_Clear)
    OLED_ClearPoint                          0x08004381   Thumb Code    90  oled.o(i.OLED_ClearPoint)
    OLED_DrawPoint                           0x080043e1   Thumb Code    54  oled.o(i.OLED_DrawPoint)
    OLED_Init                                0x0800441d   Thumb Code   244  oled.o(i.OLED_Init)
    OLED_Pow                                 0x08004511   Thumb Code    22  oled.o(i.OLED_Pow)
    OLED_Refresh                             0x08004529   Thumb Code    70  oled.o(i.OLED_Refresh)
    OLED_ShowChar                            0x08004575   Thumb Code   240  oled.o(i.OLED_ShowChar)
    OLED_ShowFNum                            0x08004671   Thumb Code    54  oled.o(i.OLED_ShowFNum)
    OLED_ShowNum                             0x080046b5   Thumb Code   116  oled.o(i.OLED_ShowNum)
    OLED_ShowSignedNum                       0x08004729   Thumb Code   120  oled.o(i.OLED_ShowSignedNum)
    OLED_ShowString                          0x080047a1   Thumb Code    66  oled.o(i.OLED_ShowString)
    OLED_WR_Byte                             0x080047e3   Thumb Code    56  oled.o(i.OLED_WR_Byte)
    PendSV_Handler                           0x0800481b   Thumb Code     2  stm32f1xx_it.o(i.PendSV_Handler)
    Read_8PIN                                0x08004845   Thumb Code   114  grayscale.o(i.Read_8PIN)
    Read_Encoder                             0x080048c9   Thumb Code    68  tim.o(i.Read_Encoder)
    SVC_Handler                              0x08004915   Thumb Code     2  stm32f1xx_it.o(i.SVC_Handler)
    Send_Byte                                0x08004919   Thumb Code    86  i2cs.o(i.Send_Byte)
    Set_Pwm                                  0x08004975   Thumb Code   104  my_main.o(i.Set_Pwm)
    SlowVelocity                             0x080049f5   Thumb Code    22  my_main.o(i.SlowVelocity)
    SysTick_Handler                          0x08004a1d   Thumb Code     8  stm32f1xx_it.o(i.SysTick_Handler)
    SystemClock_Config                       0x08004a25   Thumb Code   102  main.o(i.SystemClock_Config)
    SystemInit                               0x08004a8b   Thumb Code     2  system_stm32f1xx.o(i.SystemInit)
    TIM2_IRQHandler                          0x08004a8d   Thumb Code    10  stm32f1xx_it.o(i.TIM2_IRQHandler)
    TIM5_IRQHandler                          0x08004a9d   Thumb Code    10  stm32f1xx_it.o(i.TIM5_IRQHandler)
    TIM6_IRQHandler                          0x08004aad   Thumb Code    10  stm32f1xx_it.o(i.TIM6_IRQHandler)
    TIM_Base_SetConfig                       0x08004abd   Thumb Code   134  stm32f1xx_hal_tim.o(i.TIM_Base_SetConfig)
    TIM_CCxChannelCmd                        0x08004b59   Thumb Code    34  stm32f1xx_hal_tim.o(i.TIM_CCxChannelCmd)
    TIM_ETR_SetConfig                        0x08004b7b   Thumb Code    22  stm32f1xx_hal_tim.o(i.TIM_ETR_SetConfig)
    TIM_OC2_SetConfig                        0x08004c15   Thumb Code   114  stm32f1xx_hal_tim.o(i.TIM_OC2_SetConfig)
    UART_Proc                                0x08004e4d   Thumb Code    90  my_main.o(i.UART_Proc)
    UART_Start_Receive_IT                    0x080050b9   Thumb Code    64  stm32f1xx_hal_uart.o(i.UART_Start_Receive_IT)
    USART1_IRQHandler                        0x080051ed   Thumb Code    10  stm32f1xx_it.o(i.USART1_IRQHandler)
    USART2_IRQHandler                        0x080051fd   Thumb Code    20  stm32f1xx_it.o(i.USART2_IRQHandler)
    UsageFault_Handler                       0x08005219   Thumb Code     4  stm32f1xx_it.o(i.UsageFault_Handler)
    VelocityStop                             0x0800521d   Thumb Code    16  my_main.o(i.VelocityStop)
    VelocityStop_10s                         0x08005239   Thumb Code    14  my_main.o(i.VelocityStop_10s)
    __ARM_fpclassify                         0x0800524d   Thumb Code    40  fpclassify.o(i.__ARM_fpclassify)
    _is_digit                                0x080052ad   Thumb Code    14  __printf_wp.o(i._is_digit)
    key_process                              0x080052bd   Thumb Code   412  my_main.o(i.key_process)
    key_read                                 0x08005499   Thumb Code    72  key.o(i.key_read)
    key_serv_long                            0x080054ed   Thumb Code   122  key.o(i.key_serv_long)
    loop                                     0x0800556d   Thumb Code    20  my_main.o(i.loop)
    main                                     0x08005581   Thumb Code    64  main.o(i.main)
    oled_proc                                0x080055c1   Thumb Code   644  my_main.o(i.oled_proc)
    set_up                                   0x080058b5   Thumb Code    92  my_main.o(i.set_up)
    _get_lc_numeric                          0x08005935   Thumb Code    44  lc_numeric_c.o(locale$$code)
    __aeabi_d2f                              0x08005961   Thumb Code     0  d2f.o(x$fpl$d2f)
    _d2f                                     0x08005961   Thumb Code    98  d2f.o(x$fpl$d2f)
    __aeabi_dadd                             0x080059c5   Thumb Code     0  daddsub_clz.o(x$fpl$dadd)
    _dadd                                    0x080059c5   Thumb Code   332  daddsub_clz.o(x$fpl$dadd)
    __aeabi_dmul                             0x08005b15   Thumb Code     0  dmul.o(x$fpl$dmul)
    _dmul                                    0x08005b15   Thumb Code   332  dmul.o(x$fpl$dmul)
    __fpl_dnaninf                            0x08005c69   Thumb Code   156  dnaninf.o(x$fpl$dnaninf)
    __fpl_dretinf                            0x08005d05   Thumb Code    12  dretinf.o(x$fpl$dretinf)
    __aeabi_dsub                             0x08005d11   Thumb Code     0  daddsub_clz.o(x$fpl$dsub)
    _dsub                                    0x08005d11   Thumb Code   464  daddsub_clz.o(x$fpl$dsub)
    __aeabi_f2d                              0x08005ee5   Thumb Code     0  f2d.o(x$fpl$f2d)
    _f2d                                     0x08005ee5   Thumb Code    86  f2d.o(x$fpl$f2d)
    __aeabi_fadd                             0x08005f3d   Thumb Code     0  faddsub_clz.o(x$fpl$fadd)
    _fadd                                    0x08005f3d   Thumb Code   196  faddsub_clz.o(x$fpl$fadd)
    __fpl_fcmp_Inf                           0x08006001   Thumb Code    24  fcmpi.o(x$fpl$fcmpinf)
    __aeabi_fdiv                             0x08006019   Thumb Code     0  fdiv.o(x$fpl$fdiv)
    _fdiv                                    0x08006019   Thumb Code   384  fdiv.o(x$fpl$fdiv)
    __aeabi_f2iz                             0x0800619d   Thumb Code     0  ffix.o(x$fpl$ffix)
    _ffix                                    0x0800619d   Thumb Code    54  ffix.o(x$fpl$ffix)
    __aeabi_i2f                              0x080061d5   Thumb Code     0  fflt_clz.o(x$fpl$fflt)
    _fflt                                    0x080061d5   Thumb Code    48  fflt_clz.o(x$fpl$fflt)
    __aeabi_cfcmple                          0x08006205   Thumb Code     0  fleqf.o(x$fpl$fleqf)
    _fcmple                                  0x08006205   Thumb Code   104  fleqf.o(x$fpl$fleqf)
    __fpl_fcmple_InfNaN                      0x08006257   Thumb Code     0  fleqf.o(x$fpl$fleqf)
    __aeabi_fmul                             0x0800626d   Thumb Code     0  fmul.o(x$fpl$fmul)
    _fmul                                    0x0800626d   Thumb Code   258  fmul.o(x$fpl$fmul)
    __fpl_fnaninf                            0x0800636f   Thumb Code   140  fnaninf.o(x$fpl$fnaninf)
    __fpl_fretinf                            0x080063fb   Thumb Code    10  fretinf.o(x$fpl$fretinf)
    __aeabi_cfrcmple                         0x08006405   Thumb Code     0  frleqf.o(x$fpl$frleqf)
    _frcmple                                 0x08006405   Thumb Code    98  frleqf.o(x$fpl$frleqf)
    __aeabi_fsub                             0x08006469   Thumb Code     0  faddsub_clz.o(x$fpl$fsub)
    _fsub                                    0x08006469   Thumb Code   234  faddsub_clz.o(x$fpl$fsub)
    _printf_fp_dec                           0x08006553   Thumb Code     4  printf1.o(x$fpl$printf1)
    __I$use$fp                               0x08006556   Number         0  usenofp.o(x$fpl$usenofp)
    asc2_1206                                0x08006556   Data        1140  oled.o(.constdata)
    asc2_1608                                0x080069ca   Data        1520  oled.o(.constdata)
    asc2_2412                                0x08006fba   Data        3420  oled.o(.constdata)
    Dino_bmp                                 0x08007d16   Data          64  oled.o(.constdata)
    JUMP_bmp                                 0x08007d56   Data         384  oled.o(.constdata)
    C1_bmp                                   0x08007ed6   Data          16  oled.o(.constdata)
    C2_bmp                                   0x08007ee6   Data          32  oled.o(.constdata)
    C3_bmp                                   0x08007f06   Data          48  oled.o(.constdata)
    C4_bmp                                   0x08007f36   Data          48  oled.o(.constdata)
    GO_bmp                                   0x08007f66   Data        1024  oled.o(.constdata)
    START_bmp                                0x08008366   Data        1024  oled.o(.constdata)
    AHBPrescTable                            0x08008778   Data          16  system_stm32f1xx.o(.constdata)
    APBPrescTable                            0x08008788   Data           8  system_stm32f1xx.o(.constdata)
    Region$$Table$$Base                      0x08008838   Number         0  anon$$obj.o(Region$$Table)
    Region$$Table$$Limit                     0x08008858   Number         0  anon$$obj.o(Region$$Table)
    xun                                      0x20000000   Data           8  grayscale.o(.data)
    arr_bit                                  0x20000008   Data           8  grayscale.o(.data)
    uwtick_key                               0x20000010   Data           4  my_main.o(.data)
    uwTick_UART                              0x20000014   Data           4  my_main.o(.data)
    Vertical_out                             0x20000018   Data           4  my_main.o(.data)
    Velocity_out                             0x2000001c   Data           4  my_main.o(.data)
    Turn_out                                 0x20000020   Data           4  my_main.o(.data)
    Encoder_Left                             0x20000024   Data           4  my_main.o(.data)
    Encoder_Right                            0x20000028   Data           4  my_main.o(.data)
    Balance_PWM                              0x2000002c   Data           4  my_main.o(.data)
    Moto1                                    0x20000030   Data           4  my_main.o(.data)
    Moto2                                    0x20000034   Data           4  my_main.o(.data)
    PWM_out                                  0x20000038   Data           4  my_main.o(.data)
    Turn_Pwm                                 0x2000003c   Data           4  my_main.o(.data)
    AIN1                                     0x20000040   Data           1  my_main.o(.data)
    AIN2                                     0x20000041   Data           1  my_main.o(.data)
    BIN1                                     0x20000042   Data           1  my_main.o(.data)
    BIN2                                     0x20000043   Data           1  my_main.o(.data)
    Moto_Flag                                0x20000044   Data           1  my_main.o(.data)
    Start_Flag                               0x20000045   Data           1  my_main.o(.data)
    Tiao_Who                                 0x20000046   Data           1  my_main.o(.data)
    test_num_VELp                            0x20000048   Data           4  my_main.o(.data)
    test_num_GP                              0x2000004c   Data           4  my_main.o(.data)
    test_num_GD                              0x20000050   Data           4  my_main.o(.data)
    Velocity                                 0x20000054   Data           4  my_main.o(.data)
    Encoder_Err                              0x20000058   Data           4  my_main.o(.data)
    Encoder                                  0x2000005c   Data           4  my_main.o(.data)
    Encoder_last                             0x20000060   Data           4  my_main.o(.data)
    Movement                                 0x20000064   Data           4  my_main.o(.data)
    Encoder_Integral                         0x20000068   Data           4  my_main.o(.data)
    kp                                       0x2000006c   Data           4  my_main.o(.data)
    ki                                       0x20000070   Data           4  my_main.o(.data)
    AimVelocity                              0x20000074   Data           4  my_main.o(.data)
    SpeedMode                                0x20000078   Data           1  my_main.o(.data)
    Black_miss_flag                          0x20000079   Data           1  my_main.o(.data)
    last_bias                                0x2000007c   Data           4  my_main.o(.data)
    Scale                                    0x20000080   Data           1  my_main.o(.data)
    Gray_KP                                  0x20000084   Data           4  my_main.o(.data)
    Gray_KD                                  0x20000088   Data           4  my_main.o(.data)
    motorA_speed                             0x20000090   Data           8  my_main.o(.data)
    motorB_speed                             0x20000098   Data           8  my_main.o(.data)
    total_time                               0x200000a0   Data           8  my_main.o(.data)
    distance                                 0x200000a8   Data           8  my_main.o(.data)
    RRRXnum                                  0x200000b0   Data           1  my_main.o(.data)
    RRRXnum_reg                              0x200000b1   Data           1  my_main.o(.data)
    countLongline                            0x200000b2   Data           1  my_main.o(.data)
    countShortline                           0x200000b3   Data           1  my_main.o(.data)
    stopEN                                   0x200000b4   Data           1  my_main.o(.data)
    OKOKBegin                                0x200000b5   Data           1  my_main.o(.data)
    whichFuction                             0x200000b6   Data           1  my_main.o(.data)
    blueCircleEN                             0x200000b7   Data           1  my_main.o(.data)
    yellowTriEN                              0x200000b8   Data           1  my_main.o(.data)
    VelocitySel                              0x200000b9   Data           1  my_main.o(.data)
    FindBlueyellowTriEN                      0x200000ba   Data           1  my_main.o(.data)
    stop_10sEN                               0x200000bb   Data           1  my_main.o(.data)
    tx_lcd                                   0x200000bc   Data           1  my_main.o(.data)
    BaseCarVelocity                          0x200000bd   Data           1  my_main.o(.data)
    RatioCarVelocity                         0x200000be   Data           1  my_main.o(.data)
    turnEN                                   0x200000bf   Data           1  my_main.o(.data)
    test111                                  0x200000c0   Data           1  my_main.o(.data)
    uwTick                                   0x200000c4   Data           4  stm32f1xx_hal.o(.data)
    uwTickPrio                               0x200000c8   Data           4  stm32f1xx_hal.o(.data)
    uwTickFreq                               0x200000cc   Data           1  stm32f1xx_hal.o(.data)
    SystemCoreClock                          0x200000d0   Data           4  system_stm32f1xx.o(.data)
    bkey                                     0x200000d4   Data          40  key.o(.bss)
    key_data1                                0x200000fc   Data          12  key.o(.bss)
    Usart2_RRRX_Buf                          0x20000108   Data          50  my_main.o(.bss)
    Usart2_TTTX_Buf                          0x2000013a   Data          50  my_main.o(.bss)
    OLED_GRAM                                0x2000016c   Data        1152  oled.o(.bss)
    hi2c2                                    0x200005ec   Data          84  i2c.o(.bss)
    htim1                                    0x20000640   Data          72  tim.o(.bss)
    htim2                                    0x20000688   Data          72  tim.o(.bss)
    htim3                                    0x200006d0   Data          72  tim.o(.bss)
    htim4                                    0x20000718   Data          72  tim.o(.bss)
    htim5                                    0x20000760   Data          72  tim.o(.bss)
    htim6                                    0x200007a8   Data          72  tim.o(.bss)
    htim8                                    0x200007f0   Data          72  tim.o(.bss)
    huart1                                   0x20000838   Data          72  usart.o(.bss)
    huart2                                   0x20000880   Data          72  usart.o(.bss)
    __libspace_start                         0x200008c8   Data          96  libspace.o(.bss)
    __temporary_stack_top$libspace           0x20000928   Data           0  libspace.o(.bss)



==============================================================================

Memory Map of the image

  Image Entry point : 0x08000131

  Load Region LR_IROM1 (Base: 0x08000000, Size: 0x00008948, Max: 0x00040000, ABSOLUTE)

    Execution Region ER_IROM1 (Exec base: 0x08000000, Load base: 0x08000000, Size: 0x00008874, Max: 0x00040000, ABSOLUTE)

    Exec Addr    Load Addr    Size         Type   Attr      Idx    E Section Name        Object

    0x08000000   0x08000000   0x00000130   Data   RO            3    RESET               startup_stm32f103xe.o
    0x08000130   0x08000130   0x00000008   Code   RO         4902  * !!!main             c_w.l(__main.o)
    0x08000138   0x08000138   0x00000034   Code   RO         5446    !!!scatter          c_w.l(__scatter.o)
    0x0800016c   0x0800016c   0x0000001a   Code   RO         5448    !!handler_copy      c_w.l(__scatter_copy.o)
    0x08000186   0x08000186   0x00000002   PAD
    0x08000188   0x08000188   0x0000001c   Code   RO         5450    !!handler_zi        c_w.l(__scatter_zi.o)
    0x080001a4   0x080001a4   0x00000000   Code   RO         4886    .ARM.Collect$$_printf_percent$$00000000  c_w.l(_printf_percent.o)
    0x080001a4   0x080001a4   0x00000006   Code   RO         4885    .ARM.Collect$$_printf_percent$$00000003  c_w.l(_printf_f.o)
    0x080001aa   0x080001aa   0x00000004   Code   RO         4993    .ARM.Collect$$_printf_percent$$00000017  c_w.l(_printf_percent_end.o)
    0x080001ae   0x080001ae   0x00000002   Code   RO         5286    .ARM.Collect$$libinit$$00000000  c_w.l(libinit.o)
    0x080001b0   0x080001b0   0x00000000   Code   RO         5003    .ARM.Collect$$libinit$$00000002  c_w.l(libinit2.o)
    0x080001b0   0x080001b0   0x00000000   Code   RO         5005    .ARM.Collect$$libinit$$00000004  c_w.l(libinit2.o)
    0x080001b0   0x080001b0   0x00000000   Code   RO         5008    .ARM.Collect$$libinit$$0000000A  c_w.l(libinit2.o)
    0x080001b0   0x080001b0   0x00000000   Code   RO         5010    .ARM.Collect$$libinit$$0000000C  c_w.l(libinit2.o)
    0x080001b0   0x080001b0   0x00000000   Code   RO         5012    .ARM.Collect$$libinit$$0000000E  c_w.l(libinit2.o)
    0x080001b0   0x080001b0   0x00000006   Code   RO         5013    .ARM.Collect$$libinit$$0000000F  c_w.l(libinit2.o)
    0x080001b6   0x080001b6   0x00000000   Code   RO         5015    .ARM.Collect$$libinit$$00000011  c_w.l(libinit2.o)
    0x080001b6   0x080001b6   0x00000000   Code   RO         5017    .ARM.Collect$$libinit$$00000013  c_w.l(libinit2.o)
    0x080001b6   0x080001b6   0x00000000   Code   RO         5019    .ARM.Collect$$libinit$$00000015  c_w.l(libinit2.o)
    0x080001b6   0x080001b6   0x0000000a   Code   RO         5020    .ARM.Collect$$libinit$$00000016  c_w.l(libinit2.o)
    0x080001c0   0x080001c0   0x00000000   Code   RO         5021    .ARM.Collect$$libinit$$00000017  c_w.l(libinit2.o)
    0x080001c0   0x080001c0   0x00000000   Code   RO         5023    .ARM.Collect$$libinit$$00000019  c_w.l(libinit2.o)
    0x080001c0   0x080001c0   0x00000000   Code   RO         5025    .ARM.Collect$$libinit$$0000001B  c_w.l(libinit2.o)
    0x080001c0   0x080001c0   0x00000000   Code   RO         5027    .ARM.Collect$$libinit$$0000001D  c_w.l(libinit2.o)
    0x080001c0   0x080001c0   0x00000000   Code   RO         5029    .ARM.Collect$$libinit$$0000001F  c_w.l(libinit2.o)
    0x080001c0   0x080001c0   0x00000000   Code   RO         5031    .ARM.Collect$$libinit$$00000021  c_w.l(libinit2.o)
    0x080001c0   0x080001c0   0x00000000   Code   RO         5033    .ARM.Collect$$libinit$$00000023  c_w.l(libinit2.o)
    0x080001c0   0x080001c0   0x00000000   Code   RO         5035    .ARM.Collect$$libinit$$00000025  c_w.l(libinit2.o)
    0x080001c0   0x080001c0   0x00000000   Code   RO         5039    .ARM.Collect$$libinit$$0000002C  c_w.l(libinit2.o)
    0x080001c0   0x080001c0   0x00000000   Code   RO         5041    .ARM.Collect$$libinit$$0000002E  c_w.l(libinit2.o)
    0x080001c0   0x080001c0   0x00000000   Code   RO         5043    .ARM.Collect$$libinit$$00000030  c_w.l(libinit2.o)
    0x080001c0   0x080001c0   0x00000000   Code   RO         5045    .ARM.Collect$$libinit$$00000032  c_w.l(libinit2.o)
    0x080001c0   0x080001c0   0x00000002   Code   RO         5046    .ARM.Collect$$libinit$$00000033  c_w.l(libinit2.o)
    0x080001c2   0x080001c2   0x00000002   Code   RO         5427    .ARM.Collect$$libshutdown$$00000000  c_w.l(libshutdown.o)
    0x080001c4   0x080001c4   0x00000000   Code   RO         5288    .ARM.Collect$$libshutdown$$00000002  c_w.l(libshutdown2.o)
    0x080001c4   0x080001c4   0x00000000   Code   RO         5290    .ARM.Collect$$libshutdown$$00000004  c_w.l(libshutdown2.o)
    0x080001c4   0x080001c4   0x00000000   Code   RO         5293    .ARM.Collect$$libshutdown$$00000007  c_w.l(libshutdown2.o)
    0x080001c4   0x080001c4   0x00000000   Code   RO         5296    .ARM.Collect$$libshutdown$$0000000A  c_w.l(libshutdown2.o)
    0x080001c4   0x080001c4   0x00000000   Code   RO         5298    .ARM.Collect$$libshutdown$$0000000C  c_w.l(libshutdown2.o)
    0x080001c4   0x080001c4   0x00000000   Code   RO         5301    .ARM.Collect$$libshutdown$$0000000F  c_w.l(libshutdown2.o)
    0x080001c4   0x080001c4   0x00000002   Code   RO         5302    .ARM.Collect$$libshutdown$$00000010  c_w.l(libshutdown2.o)
    0x080001c6   0x080001c6   0x00000000   Code   RO         4978    .ARM.Collect$$rtentry$$00000000  c_w.l(__rtentry.o)
    0x080001c6   0x080001c6   0x00000000   Code   RO         5098    .ARM.Collect$$rtentry$$00000002  c_w.l(__rtentry2.o)
    0x080001c6   0x080001c6   0x00000006   Code   RO         5110    .ARM.Collect$$rtentry$$00000004  c_w.l(__rtentry4.o)
    0x080001cc   0x080001cc   0x00000000   Code   RO         5100    .ARM.Collect$$rtentry$$00000009  c_w.l(__rtentry2.o)
    0x080001cc   0x080001cc   0x00000004   Code   RO         5101    .ARM.Collect$$rtentry$$0000000A  c_w.l(__rtentry2.o)
    0x080001d0   0x080001d0   0x00000000   Code   RO         5103    .ARM.Collect$$rtentry$$0000000C  c_w.l(__rtentry2.o)
    0x080001d0   0x080001d0   0x00000008   Code   RO         5104    .ARM.Collect$$rtentry$$0000000D  c_w.l(__rtentry2.o)
    0x080001d8   0x080001d8   0x00000002   Code   RO         5314    .ARM.Collect$$rtexit$$00000000  c_w.l(rtexit.o)
    0x080001da   0x080001da   0x00000000   Code   RO         5378    .ARM.Collect$$rtexit$$00000002  c_w.l(rtexit2.o)
    0x080001da   0x080001da   0x00000004   Code   RO         5379    .ARM.Collect$$rtexit$$00000003  c_w.l(rtexit2.o)
    0x080001de   0x080001de   0x00000006   Code   RO         5380    .ARM.Collect$$rtexit$$00000004  c_w.l(rtexit2.o)
    0x080001e4   0x080001e4   0x00000040   Code   RO            4    .text               startup_stm32f103xe.o
    0x08000224   0x08000224   0x00000028   Code   RO         4837    .text               c_w.l(noretval__2sprintf.o)
    0x0800024c   0x0800024c   0x00000138   Code   RO         4876    .text               c_w.l(__printf_flags_wp.o)
    0x08000384   0x08000384   0x0000003e   Code   RO         4894    .text               c_w.l(strlen.o)
    0x080003c2   0x080003c2   0x0000004e   Code   RO         4898    .text               c_w.l(rt_memclr_w.o)
    0x08000410   0x08000410   0x00000006   Code   RO         4900    .text               c_w.l(heapauxi.o)
    0x08000416   0x08000416   0x0000041a   Code   RO         4985    .text               c_w.l(_printf_fp_dec.o)
    0x08000830   0x08000830   0x00000030   Code   RO         4987    .text               c_w.l(_printf_char_common.o)
    0x08000860   0x08000860   0x0000000a   Code   RO         4989    .text               c_w.l(_sputc.o)
    0x0800086a   0x0800086a   0x00000002   PAD
    0x0800086c   0x0800086c   0x00000008   Code   RO         5119    .text               c_w.l(rt_locale_intlibspace.o)
    0x08000874   0x08000874   0x0000008a   Code   RO         5126    .text               c_w.l(lludiv10.o)
    0x080008fe   0x080008fe   0x00000002   PAD
    0x08000900   0x08000900   0x00000080   Code   RO         5128    .text               c_w.l(_printf_fp_infnan.o)
    0x08000980   0x08000980   0x000000dc   Code   RO         5132    .text               c_w.l(bigflt0.o)
    0x08000a5c   0x08000a5c   0x00000008   Code   RO         5191    .text               c_w.l(libspace.o)
    0x08000a64   0x08000a64   0x0000004a   Code   RO         5196    .text               c_w.l(sys_stackheap_outer.o)
    0x08000aae   0x08000aae   0x00000012   Code   RO         5269    .text               c_w.l(exit.o)
    0x08000ac0   0x08000ac0   0x00000080   Code   RO         5275    .text               c_w.l(strcmpv7m.o)
    0x08000b40   0x08000b40   0x00000002   Code   RO         5311    .text               c_w.l(use_no_semi.o)
    0x08000b42   0x08000b42   0x00000000   Code   RO         5313    .text               c_w.l(indicate_semi.o)
    0x08000b42   0x08000b42   0x00000002   PAD
    0x08000b44   0x08000b44   0x0000000c   Code   RO         5375    .text               c_w.l(sys_exit.o)
    0x08000b50   0x08000b50   0x0000003e   Code   RO         5135    CL$$btod_d2e        c_w.l(btod.o)
    0x08000b8e   0x08000b8e   0x00000046   Code   RO         5137    CL$$btod_d2e_denorm_low  c_w.l(btod.o)
    0x08000bd4   0x08000bd4   0x00000060   Code   RO         5136    CL$$btod_d2e_norm_op1  c_w.l(btod.o)
    0x08000c34   0x08000c34   0x00000338   Code   RO         5145    CL$$btod_div_common  c_w.l(btod.o)
    0x08000f6c   0x08000f6c   0x000000c6   Code   RO         5142    CL$$btod_e2e        c_w.l(btod.o)
    0x08001032   0x08001032   0x00000028   Code   RO         5139    CL$$btod_ediv       c_w.l(btod.o)
    0x0800105a   0x0800105a   0x00000028   Code   RO         5138    CL$$btod_emul       c_w.l(btod.o)
    0x08001082   0x08001082   0x00000244   Code   RO         5144    CL$$btod_mult_common  c_w.l(btod.o)
    0x080012c6   0x080012c6   0x00000004   Code   RO         1783    i.BusFault_Handler  stm32f1xx_it.o
    0x080012ca   0x080012ca   0x00000002   PAD
    0x080012cc   0x080012cc   0x00000014   Code   RO         1431    i.Buzzer_Off        buzzerset.o
    0x080012e0   0x080012e0   0x0000004c   Code   RO          386    i.Contrl            my_main.o
    0x0800132c   0x0800132c   0x00000002   Code   RO         1784    i.DebugMon_Handler  stm32f1xx_it.o
    0x0800132e   0x0800132e   0x00000002   PAD
    0x08001330   0x08001330   0x0000007c   Code   RO           13    i.ERR               grayscale.o
    0x080013ac   0x080013ac   0x00000006   Code   RO         1488    i.Error_Handler     main.o
    0x080013b2   0x080013b2   0x00000002   PAD
    0x080013b4   0x080013b4   0x0000001c   Code   RO          387    i.FastVelocity      my_main.o
    0x080013d0   0x080013d0   0x0000003c   Code   RO          388    i.FuctionBase1      my_main.o
    0x0800140c   0x0800140c   0x00000188   Code   RO          389    i.FuctionBase2      my_main.o
    0x08001594   0x08001594   0x00000078   Code   RO          390    i.FuctionBase3      my_main.o
    0x0800160c   0x0800160c   0x00000008   Code   RO          391    i.FuctionIDLE       my_main.o
    0x08001614   0x08001614   0x00000054   Code   RO          392    i.FuctionImprove1   my_main.o
    0x08001668   0x08001668   0x00000068   Code   RO          393    i.FuctionImprove2   my_main.o
    0x080016d0   0x080016d0   0x00000044   Code   RO          394    i.FuctionImprove3   my_main.o
    0x08001714   0x08001714   0x00000044   Code   RO          395    i.FuctionInit       my_main.o
    0x08001758   0x08001758   0x00000060   Code   RO          396    i.FuctionSelect     my_main.o
    0x080017b8   0x080017b8   0x00000130   Code   RO          397    i.GetVelocity       my_main.o
    0x080018e8   0x080018e8   0x0000004c   Code   RO          398    i.Gray_PID          my_main.o
    0x08001934   0x08001934   0x00000056   Code   RO         2812    i.HAL_DMA_Abort     stm32f1xx_hal_dma.o
    0x0800198a   0x0800198a   0x00000002   PAD
    0x0800198c   0x0800198c   0x000001a8   Code   RO         2813    i.HAL_DMA_Abort_IT  stm32f1xx_hal_dma.o
    0x08001b34   0x08001b34   0x00000028   Code   RO         2433    i.HAL_Delay         stm32f1xx_hal.o
    0x08001b5c   0x08001b5c   0x00000340   Code   RO         2748    i.HAL_GPIO_Init     stm32f1xx_hal_gpio.o
    0x08001e9c   0x08001e9c   0x00000010   Code   RO         2750    i.HAL_GPIO_ReadPin  stm32f1xx_hal_gpio.o
    0x08001eac   0x08001eac   0x0000000c   Code   RO         2752    i.HAL_GPIO_WritePin  stm32f1xx_hal_gpio.o
    0x08001eb8   0x08001eb8   0x0000000c   Code   RO         2437    i.HAL_GetTick       stm32f1xx_hal.o
    0x08001ec4   0x08001ec4   0x000001d0   Code   RO         1960    i.HAL_I2C_Init      stm32f1xx_hal_i2c.o
    0x08002094   0x08002094   0x00000078   Code   RO         1586    i.HAL_I2C_MspInit   i2c.o
    0x0800210c   0x0800210c   0x00000018   Code   RO         2443    i.HAL_IncTick       stm32f1xx_hal.o
    0x08002124   0x08002124   0x00000028   Code   RO         2444    i.HAL_Init          stm32f1xx_hal.o
    0x0800214c   0x0800214c   0x0000004c   Code   RO         2445    i.HAL_InitTick      stm32f1xx_hal.o
    0x08002198   0x08002198   0x00000054   Code   RO         1889    i.HAL_MspInit       stm32f1xx_hal_msp.o
    0x080021ec   0x080021ec   0x00000020   Code   RO         2908    i.HAL_NVIC_EnableIRQ  stm32f1xx_hal_cortex.o
    0x0800220c   0x0800220c   0x0000007c   Code   RO         2914    i.HAL_NVIC_SetPriority  stm32f1xx_hal_cortex.o
    0x08002288   0x08002288   0x00000028   Code   RO         2915    i.HAL_NVIC_SetPriorityGrouping  stm32f1xx_hal_cortex.o
    0x080022b0   0x080022b0   0x0000018c   Code   RO         2601    i.HAL_RCC_ClockConfig  stm32f1xx_hal_rcc.o
    0x0800243c   0x0800243c   0x0000000c   Code   RO         2606    i.HAL_RCC_GetHCLKFreq  stm32f1xx_hal_rcc.o
    0x08002448   0x08002448   0x00000020   Code   RO         2608    i.HAL_RCC_GetPCLK1Freq  stm32f1xx_hal_rcc.o
    0x08002468   0x08002468   0x00000020   Code   RO         2609    i.HAL_RCC_GetPCLK2Freq  stm32f1xx_hal_rcc.o
    0x08002488   0x08002488   0x00000070   Code   RO         2610    i.HAL_RCC_GetSysClockFreq  stm32f1xx_hal_rcc.o
    0x080024f8   0x080024f8   0x00000464   Code   RO         2613    i.HAL_RCC_OscConfig  stm32f1xx_hal_rcc.o
    0x0800295c   0x0800295c   0x00000034   Code   RO         2919    i.HAL_SYSTICK_Config  stm32f1xx_hal_cortex.o
    0x08002990   0x08002990   0x00000002   Code   RO         4151    i.HAL_TIMEx_BreakCallback  stm32f1xx_hal_tim_ex.o
    0x08002992   0x08002992   0x00000002   Code   RO         4152    i.HAL_TIMEx_CommutCallback  stm32f1xx_hal_tim_ex.o
    0x08002994   0x08002994   0x00000074   Code   RO         4154    i.HAL_TIMEx_ConfigBreakDeadTime  stm32f1xx_hal_tim_ex.o
    0x08002a08   0x08002a08   0x0000009c   Code   RO         4170    i.HAL_TIMEx_MasterConfigSynchronization  stm32f1xx_hal_tim_ex.o
    0x08002aa4   0x08002aa4   0x00000066   Code   RO         3436    i.HAL_TIM_Base_Init  stm32f1xx_hal_tim.o
    0x08002b0a   0x08002b0a   0x00000002   PAD
    0x08002b0c   0x08002b0c   0x00000104   Code   RO         1628    i.HAL_TIM_Base_MspInit  tim.o
    0x08002c10   0x08002c10   0x00000090   Code   RO         3441    i.HAL_TIM_Base_Start_IT  stm32f1xx_hal_tim.o
    0x08002ca0   0x08002ca0   0x0000010c   Code   RO         3445    i.HAL_TIM_ConfigClockSource  stm32f1xx_hal_tim.o
    0x08002dac   0x08002dac   0x000000c4   Code   RO         3457    i.HAL_TIM_Encoder_Init  stm32f1xx_hal_tim.o
    0x08002e70   0x08002e70   0x000000cc   Code   RO         1630    i.HAL_TIM_Encoder_MspInit  tim.o
    0x08002f3c   0x08002f3c   0x000000cc   Code   RO         3460    i.HAL_TIM_Encoder_Start  stm32f1xx_hal_tim.o
    0x08003008   0x08003008   0x00000002   Code   RO         3470    i.HAL_TIM_IC_CaptureCallback  stm32f1xx_hal_tim.o
    0x0800300a   0x0800300a   0x00000196   Code   RO         3484    i.HAL_TIM_IRQHandler  stm32f1xx_hal_tim.o
    0x080031a0   0x080031a0   0x00000098   Code   RO         1631    i.HAL_TIM_MspPostInit  tim.o
    0x08003238   0x08003238   0x00000002   Code   RO         3487    i.HAL_TIM_OC_DelayElapsedCallback  stm32f1xx_hal_tim.o
    0x0800323a   0x0800323a   0x00000104   Code   RO         3508    i.HAL_TIM_PWM_ConfigChannel  stm32f1xx_hal_tim.o
    0x0800333e   0x0800333e   0x00000066   Code   RO         3511    i.HAL_TIM_PWM_Init  stm32f1xx_hal_tim.o
    0x080033a4   0x080033a4   0x00000002   Code   RO         3513    i.HAL_TIM_PWM_MspInit  stm32f1xx_hal_tim.o
    0x080033a6   0x080033a6   0x00000002   Code   RO         3514    i.HAL_TIM_PWM_PulseFinishedCallback  stm32f1xx_hal_tim.o
    0x080033a8   0x080033a8   0x000000f4   Code   RO         3516    i.HAL_TIM_PWM_Start  stm32f1xx_hal_tim.o
    0x0800349c   0x0800349c   0x000000a8   Code   RO         3519    i.HAL_TIM_PWM_Stop  stm32f1xx_hal_tim.o
    0x08003544   0x08003544   0x00000104   Code   RO          399    i.HAL_TIM_PeriodElapsedCallback  my_main.o
    0x08003648   0x08003648   0x00000002   Code   RO         3527    i.HAL_TIM_TriggerCallback  stm32f1xx_hal_tim.o
    0x0800364a   0x0800364a   0x00000072   Code   RO         4429    i.HAL_UARTEx_ReceiveToIdle_IT  stm32f1xx_hal_uart.o
    0x080036bc   0x080036bc   0x00000020   Code   RO          400    i.HAL_UARTEx_RxEventCallback  my_main.o
    0x080036dc   0x080036dc   0x00000002   Code   RO         4444    i.HAL_UART_ErrorCallback  stm32f1xx_hal_uart.o
    0x080036de   0x080036de   0x00000002   PAD
    0x080036e0   0x080036e0   0x000002e4   Code   RO         4447    i.HAL_UART_IRQHandler  stm32f1xx_hal_uart.o
    0x080039c4   0x080039c4   0x00000076   Code   RO         4448    i.HAL_UART_Init     stm32f1xx_hal_uart.o
    0x08003a3a   0x08003a3a   0x00000002   PAD
    0x08003a3c   0x08003a3c   0x00000110   Code   RO         1736    i.HAL_UART_MspInit  usart.o
    0x08003b4c   0x08003b4c   0x00000002   Code   RO         4454    i.HAL_UART_RxCpltCallback  stm32f1xx_hal_uart.o
    0x08003b4e   0x08003b4e   0x000000b2   Code   RO         4456    i.HAL_UART_Transmit  stm32f1xx_hal_uart.o
    0x08003c00   0x08003c00   0x00000002   Code   RO         4459    i.HAL_UART_TxCpltCallback  stm32f1xx_hal_uart.o
    0x08003c02   0x08003c02   0x00000004   Code   RO         1785    i.HardFault_Handler  stm32f1xx_it.o
    0x08003c06   0x08003c06   0x00000002   PAD
    0x08003c08   0x08003c08   0x00000044   Code   RO          335    i.I2CS_Init         i2cs.o
    0x08003c4c   0x08003c4c   0x00000034   Code   RO          336    i.I2C_Start         i2cs.o
    0x08003c80   0x08003c80   0x00000028   Code   RO          337    i.I2C_Stop          i2cs.o
    0x08003ca8   0x08003ca8   0x00000020   Code   RO          338    i.I2C_WaitAck       i2cs.o
    0x08003cc8   0x08003cc8   0x0000003c   Code   RO          401    i.Limit             my_main.o
    0x08003d04   0x08003d04   0x000001a0   Code   RO         1558    i.MX_GPIO_Init      gpio.o
    0x08003ea4   0x08003ea4   0x0000003c   Code   RO         1587    i.MX_I2C2_Init      i2c.o
    0x08003ee0   0x08003ee0   0x000000d8   Code   RO         1632    i.MX_TIM1_Init      tim.o
    0x08003fb8   0x08003fb8   0x0000006c   Code   RO         1633    i.MX_TIM2_Init      tim.o
    0x08004024   0x08004024   0x0000007c   Code   RO         1634    i.MX_TIM3_Init      tim.o
    0x080040a0   0x080040a0   0x0000007c   Code   RO         1635    i.MX_TIM4_Init      tim.o
    0x0800411c   0x0800411c   0x00000070   Code   RO         1636    i.MX_TIM5_Init      tim.o
    0x0800418c   0x0800418c   0x0000004c   Code   RO         1637    i.MX_TIM6_Init      tim.o
    0x080041d8   0x080041d8   0x000000d8   Code   RO         1638    i.MX_TIM8_Init      tim.o
    0x080042b0   0x080042b0   0x00000038   Code   RO         1737    i.MX_USART1_UART_Init  usart.o
    0x080042e8   0x080042e8   0x00000038   Code   RO         1738    i.MX_USART2_UART_Init  usart.o
    0x08004320   0x08004320   0x00000028   Code   RO          402    i.MediumVelocity    my_main.o
    0x08004348   0x08004348   0x00000004   Code   RO         1786    i.MemManage_Handler  stm32f1xx_it.o
    0x0800434c   0x0800434c   0x00000004   Code   RO         1787    i.NMI_Handler       stm32f1xx_it.o
    0x08004350   0x08004350   0x00000030   Code   RO          570    i.OLED_Clear        oled.o
    0x08004380   0x08004380   0x00000060   Code   RO          571    i.OLED_ClearPoint   oled.o
    0x080043e0   0x080043e0   0x0000003c   Code   RO          576    i.OLED_DrawPoint    oled.o
    0x0800441c   0x0800441c   0x000000f4   Code   RO          578    i.OLED_Init         oled.o
    0x08004510   0x08004510   0x00000016   Code   RO          580    i.OLED_Pow          oled.o
    0x08004526   0x08004526   0x00000002   PAD
    0x08004528   0x08004528   0x0000004c   Code   RO          581    i.OLED_Refresh      oled.o
    0x08004574   0x08004574   0x000000fc   Code   RO          585    i.OLED_ShowChar     oled.o
    0x08004670   0x08004670   0x00000044   Code   RO          588    i.OLED_ShowFNum     oled.o
    0x080046b4   0x080046b4   0x00000074   Code   RO          590    i.OLED_ShowNum      oled.o
    0x08004728   0x08004728   0x00000078   Code   RO          592    i.OLED_ShowSignedNum  oled.o
    0x080047a0   0x080047a0   0x00000042   Code   RO          594    i.OLED_ShowString   oled.o
    0x080047e2   0x080047e2   0x00000038   Code   RO          596    i.OLED_WR_Byte      oled.o
    0x0800481a   0x0800481a   0x00000002   Code   RO         1788    i.PendSV_Handler    stm32f1xx_it.o
    0x0800481c   0x0800481c   0x00000028   Code   RO         2614    i.RCC_Delay         stm32f1xx_hal_rcc.o
    0x08004844   0x08004844   0x00000084   Code   RO           14    i.Read_8PIN         grayscale.o
    0x080048c8   0x080048c8   0x0000004c   Code   RO         1639    i.Read_Encoder      tim.o
    0x08004914   0x08004914   0x00000002   Code   RO         1789    i.SVC_Handler       stm32f1xx_it.o
    0x08004916   0x08004916   0x00000002   PAD
    0x08004918   0x08004918   0x0000005c   Code   RO          339    i.Send_Byte         i2cs.o
    0x08004974   0x08004974   0x00000080   Code   RO          403    i.Set_Pwm           my_main.o
    0x080049f4   0x080049f4   0x00000028   Code   RO          404    i.SlowVelocity      my_main.o
    0x08004a1c   0x08004a1c   0x00000008   Code   RO         1790    i.SysTick_Handler   stm32f1xx_it.o
    0x08004a24   0x08004a24   0x00000066   Code   RO         1489    i.SystemClock_Config  main.o
    0x08004a8a   0x08004a8a   0x00000002   Code   RO         4792    i.SystemInit        system_stm32f1xx.o
    0x08004a8c   0x08004a8c   0x00000010   Code   RO         1791    i.TIM2_IRQHandler   stm32f1xx_it.o
    0x08004a9c   0x08004a9c   0x00000010   Code   RO         1792    i.TIM5_IRQHandler   stm32f1xx_it.o
    0x08004aac   0x08004aac   0x00000010   Code   RO         1793    i.TIM6_IRQHandler   stm32f1xx_it.o
    0x08004abc   0x08004abc   0x0000009c   Code   RO         3529    i.TIM_Base_SetConfig  stm32f1xx_hal_tim.o
    0x08004b58   0x08004b58   0x00000022   Code   RO         3530    i.TIM_CCxChannelCmd  stm32f1xx_hal_tim.o
    0x08004b7a   0x08004b7a   0x00000016   Code   RO         3540    i.TIM_ETR_SetConfig  stm32f1xx_hal_tim.o
    0x08004b90   0x08004b90   0x00000012   Code   RO         3541    i.TIM_ITRx_SetConfig  stm32f1xx_hal_tim.o
    0x08004ba2   0x08004ba2   0x00000002   PAD
    0x08004ba4   0x08004ba4   0x00000070   Code   RO         3542    i.TIM_OC1_SetConfig  stm32f1xx_hal_tim.o
    0x08004c14   0x08004c14   0x0000007c   Code   RO         3543    i.TIM_OC2_SetConfig  stm32f1xx_hal_tim.o
    0x08004c90   0x08004c90   0x00000078   Code   RO         3544    i.TIM_OC3_SetConfig  stm32f1xx_hal_tim.o
    0x08004d08   0x08004d08   0x00000054   Code   RO         3545    i.TIM_OC4_SetConfig  stm32f1xx_hal_tim.o
    0x08004d5c   0x08004d5c   0x00000026   Code   RO         3547    i.TIM_TI1_ConfigInputStage  stm32f1xx_hal_tim.o
    0x08004d82   0x08004d82   0x00000028   Code   RO         3549    i.TIM_TI2_ConfigInputStage  stm32f1xx_hal_tim.o
    0x08004daa   0x08004daa   0x00000014   Code   RO         4461    i.UART_DMAAbortOnError  stm32f1xx_hal_uart.o
    0x08004dbe   0x08004dbe   0x0000006c   Code   RO         4471    i.UART_EndRxTransfer  stm32f1xx_hal_uart.o
    0x08004e2a   0x08004e2a   0x00000020   Code   RO         4472    i.UART_EndTransmit_IT  stm32f1xx_hal_uart.o
    0x08004e4a   0x08004e4a   0x00000002   PAD
    0x08004e4c   0x08004e4c   0x00000074   Code   RO          405    i.UART_Proc         my_main.o
    0x08004ec0   0x08004ec0   0x000000fc   Code   RO         4474    i.UART_Receive_IT   stm32f1xx_hal_uart.o
    0x08004fbc   0x08004fbc   0x000000fc   Code   RO         4475    i.UART_SetConfig    stm32f1xx_hal_uart.o
    0x080050b8   0x080050b8   0x00000040   Code   RO         4477    i.UART_Start_Receive_IT  stm32f1xx_hal_uart.o
    0x080050f8   0x080050f8   0x00000060   Code   RO         4478    i.UART_Transmit_IT  stm32f1xx_hal_uart.o
    0x08005158   0x08005158   0x00000092   Code   RO         4479    i.UART_WaitOnFlagUntilTimeout  stm32f1xx_hal_uart.o
    0x080051ea   0x080051ea   0x00000002   PAD
    0x080051ec   0x080051ec   0x00000010   Code   RO         1794    i.USART1_IRQHandler  stm32f1xx_it.o
    0x080051fc   0x080051fc   0x0000001c   Code   RO         1795    i.USART2_IRQHandler  stm32f1xx_it.o
    0x08005218   0x08005218   0x00000004   Code   RO         1796    i.UsageFault_Handler  stm32f1xx_it.o
    0x0800521c   0x0800521c   0x0000001c   Code   RO          406    i.VelocityStop      my_main.o
    0x08005238   0x08005238   0x00000014   Code   RO          407    i.VelocityStop_10s  my_main.o
    0x0800524c   0x0800524c   0x00000028   Code   RO         5084    i.__ARM_fpclassify  m_ws.l(fpclassify.o)
    0x08005274   0x08005274   0x00000010   Code   RO         2921    i.__NVIC_GetPriorityGrouping  stm32f1xx_hal_cortex.o
    0x08005284   0x08005284   0x00000028   Code   RO         2922    i.__NVIC_SetPriority  stm32f1xx_hal_cortex.o
    0x080052ac   0x080052ac   0x0000000e   Code   RO         4874    i._is_digit         c_w.l(__printf_wp.o)
    0x080052ba   0x080052ba   0x00000002   PAD
    0x080052bc   0x080052bc   0x000001dc   Code   RO          408    i.key_process       my_main.o
    0x08005498   0x08005498   0x00000054   Code   RO          141    i.key_read          key.o
    0x080054ec   0x080054ec   0x00000080   Code   RO          143    i.key_serv_long     key.o
    0x0800556c   0x0800556c   0x00000014   Code   RO          409    i.loop              my_main.o
    0x08005580   0x08005580   0x00000040   Code   RO         1490    i.main              main.o
    0x080055c0   0x080055c0   0x000002f4   Code   RO          410    i.oled_proc         my_main.o
    0x080058b4   0x080058b4   0x00000080   Code   RO          411    i.set_up            my_main.o
    0x08005934   0x08005934   0x0000002c   Code   RO         5172    locale$$code        c_w.l(lc_numeric_c.o)
    0x08005960   0x08005960   0x00000062   Code   RO         4904    x$fpl$d2f           fz_ws.l(d2f.o)
    0x080059c2   0x080059c2   0x00000002   PAD
    0x080059c4   0x080059c4   0x00000150   Code   RO         4906    x$fpl$dadd          fz_ws.l(daddsub_clz.o)
    0x08005b14   0x08005b14   0x00000154   Code   RO         4922    x$fpl$dmul          fz_ws.l(dmul.o)
    0x08005c68   0x08005c68   0x0000009c   Code   RO         5047    x$fpl$dnaninf       fz_ws.l(dnaninf.o)
    0x08005d04   0x08005d04   0x0000000c   Code   RO         5049    x$fpl$dretinf       fz_ws.l(dretinf.o)
    0x08005d10   0x08005d10   0x000001d4   Code   RO         4908    x$fpl$dsub          fz_ws.l(daddsub_clz.o)
    0x08005ee4   0x08005ee4   0x00000056   Code   RO         4924    x$fpl$f2d           fz_ws.l(f2d.o)
    0x08005f3a   0x08005f3a   0x00000002   PAD
    0x08005f3c   0x08005f3c   0x000000c4   Code   RO         4926    x$fpl$fadd          fz_ws.l(faddsub_clz.o)
    0x08006000   0x08006000   0x00000018   Code   RO         5051    x$fpl$fcmpinf       fz_ws.l(fcmpi.o)
    0x08006018   0x08006018   0x00000184   Code   RO         4933    x$fpl$fdiv          fz_ws.l(fdiv.o)
    0x0800619c   0x0800619c   0x00000036   Code   RO         4938    x$fpl$ffix          fz_ws.l(ffix.o)
    0x080061d2   0x080061d2   0x00000002   PAD
    0x080061d4   0x080061d4   0x00000030   Code   RO         4947    x$fpl$fflt          fz_ws.l(fflt_clz.o)
    0x08006204   0x08006204   0x00000068   Code   RO         4952    x$fpl$fleqf         fz_ws.l(fleqf.o)
    0x0800626c   0x0800626c   0x00000102   Code   RO         4954    x$fpl$fmul          fz_ws.l(fmul.o)
    0x0800636e   0x0800636e   0x0000008c   Code   RO         5053    x$fpl$fnaninf       fz_ws.l(fnaninf.o)
    0x080063fa   0x080063fa   0x0000000a   Code   RO         5055    x$fpl$fretinf       fz_ws.l(fretinf.o)
    0x08006404   0x08006404   0x00000062   Code   RO         4956    x$fpl$frleqf        fz_ws.l(frleqf.o)
    0x08006466   0x08006466   0x00000002   PAD
    0x08006468   0x08006468   0x000000ea   Code   RO         4928    x$fpl$fsub          fz_ws.l(faddsub_clz.o)
    0x08006552   0x08006552   0x00000004   Code   RO         4958    x$fpl$printf1       fz_ws.l(printf1.o)
    0x08006556   0x08006556   0x00000000   Code   RO         5059    x$fpl$usenofp       fz_ws.l(usenofp.o)
    0x08006556   0x08006556   0x00002210   Data   RO          599    .constdata          oled.o
    0x08008766   0x08008766   0x00000012   Data   RO         2615    .constdata          stm32f1xx_hal_rcc.o
    0x08008778   0x08008778   0x00000018   Data   RO         4793    .constdata          system_stm32f1xx.o
    0x08008790   0x08008790   0x00000011   Data   RO         4877    .constdata          c_w.l(__printf_flags_wp.o)
    0x080087a1   0x080087a1   0x00000003   PAD
    0x080087a4   0x080087a4   0x00000094   Data   RO         5133    .constdata          c_w.l(bigflt0.o)
    0x08008838   0x08008838   0x00000020   Data   RO         5444    Region$$Table       anon$$obj.o
    0x08008858   0x08008858   0x0000001c   Data   RO         5171    locale$$data        c_w.l(lc_numeric_c.o)


    Execution Region RW_IRAM1 (Exec base: 0x20000000, Load base: 0x08008874, Size: 0x00000f28, Max: 0x0000c000, ABSOLUTE)

    Exec Addr    Load Addr    Size         Type   Attr      Idx    E Section Name        Object

    0x20000000   0x08008874   0x00000010   Data   RW           15    .data               grayscale.o
    0x20000010   0x08008884   0x000000b1   Data   RW          413    .data               my_main.o
    0x200000c1   0x08008935   0x00000003   PAD
    0x200000c4   0x08008938   0x00000009   Data   RW         2451    .data               stm32f1xx_hal.o
    0x200000cd   0x08008941   0x00000003   PAD
    0x200000d0   0x08008944   0x00000004   Data   RW         4794    .data               system_stm32f1xx.o
    0x200000d4        -       0x00000034   Zero   RW          144    .bss                key.o
    0x20000108        -       0x00000064   Zero   RW          412    .bss                my_main.o
    0x2000016c        -       0x00000480   Zero   RW          598    .bss                oled.o
    0x200005ec        -       0x00000054   Zero   RW         1588    .bss                i2c.o
    0x20000640        -       0x000001f8   Zero   RW         1641    .bss                tim.o
    0x20000838        -       0x00000090   Zero   RW         1739    .bss                usart.o
    0x200008c8        -       0x00000060   Zero   RW         5192    .bss                c_w.l(libspace.o)
    0x20000928        -       0x00000200   Zero   RW            2    HEAP                startup_stm32f103xe.o
    0x20000b28        -       0x00000400   Zero   RW            1    STACK               startup_stm32f103xe.o


==============================================================================

Image component sizes


      Code (inc. data)   RO Data    RW Data    ZI Data      Debug   Object Name

        20          6          0          0          0        437   buzzerset.o
       416         22          0          0          0       1151   gpio.o
       256         28          0         16          0     495664   grayscale.o
       180         26          0          0         84       1697   i2c.o
       284         28          0          0          0       2741   i2cs.o
       212         18          0          0         52     479388   key.o
       172          0          0          0          0       1536   main.o
      3588        628          0        177        100      16660   my_main.o
      1224         50       8720          0       1152      10154   oled.o
        64         26        304          0       1536        832   startup_stm32f103xe.o
       192         36          0          9          0       6673   stm32f1xx_hal.o
       304         22          0          0          0      29595   stm32f1xx_hal_cortex.o
       510         10          0          0          0       1955   stm32f1xx_hal_dma.o
       860         40          0          0          0       3419   stm32f1xx_hal_gpio.o
       464         18          0          0          0       2171   stm32f1xx_hal_i2c.o
        84          8          0          0          0        938   stm32f1xx_hal_msp.o
      1748         98         18          0          0       6144   stm32f1xx_hal_rcc.o
      2852        110          0          0          0      18978   stm32f1xx_hal_tim.o
       276         22          0          0          0       3341   stm32f1xx_hal_tim_ex.o
      2126          8          0          0          0      12521   stm32f1xx_hal_uart.o
       126         32          0          0          0       6280   stm32f1xx_it.o
         2          0         24          4          0       1187   system_stm32f1xx.o
      1668        134          0          0        504       8123   tim.o
       384         36          0          0        144       2415   usart.o

    ----------------------------------------------------------------------
     18038       1406       9098        212       3572    1114000   Object Totals
         0          0         32          0          0          0   (incl. Generated)
        26          0          0          6          0          0   (incl. Padding)

    ----------------------------------------------------------------------

      Code (inc. data)   RO Data    RW Data    ZI Data      Debug   Library Member Name

         8          0          0          0          0         68   __main.o
       312          4         17          0          0         92   __printf_flags_wp.o
        14          0          0          0          0         68   __printf_wp.o
         0          0          0          0          0          0   __rtentry.o
        12          0          0          0          0          0   __rtentry2.o
         6          0          0          0          0          0   __rtentry4.o
        52          8          0          0          0          0   __scatter.o
        26          0          0          0          0          0   __scatter_copy.o
        28          0          0          0          0          0   __scatter_zi.o
        48          6          0          0          0         96   _printf_char_common.o
         6          0          0          0          0          0   _printf_f.o
      1050          0          0          0          0        216   _printf_fp_dec.o
       128         16          0          0          0         84   _printf_fp_infnan.o
         0          0          0          0          0          0   _printf_percent.o
         4          0          0          0          0          0   _printf_percent_end.o
        10          0          0          0          0         68   _sputc.o
       220          4        148          0          0         96   bigflt0.o
      1910        128          0          0          0        672   btod.o
        18          0          0          0          0         80   exit.o
         6          0          0          0          0        152   heapauxi.o
         0          0          0          0          0          0   indicate_semi.o
        44         10         28          0          0         76   lc_numeric_c.o
         2          0          0          0          0          0   libinit.o
        18          0          0          0          0          0   libinit2.o
         2          0          0          0          0          0   libshutdown.o
         2          0          0          0          0          0   libshutdown2.o
         8          4          0          0         96         68   libspace.o
       138          0          0          0          0         80   lludiv10.o
        40          6          0          0          0         84   noretval__2sprintf.o
         8          4          0          0          0         68   rt_locale_intlibspace.o
        78          0          0          0          0         80   rt_memclr_w.o
         2          0          0          0          0          0   rtexit.o
        10          0          0          0          0          0   rtexit2.o
       128          0          0          0          0         68   strcmpv7m.o
        62          0          0          0          0         76   strlen.o
        12          4          0          0          0         68   sys_exit.o
        74          0          0          0          0         80   sys_stackheap_outer.o
         2          0          0          0          0         68   use_no_semi.o
        98          4          0          0          0         92   d2f.o
       804         16          0          0          0        272   daddsub_clz.o
       340         12          0          0          0        104   dmul.o
       156          4          0          0          0         92   dnaninf.o
        12          0          0          0          0         68   dretinf.o
        86          4          0          0          0         84   f2d.o
       430          8          0          0          0        168   faddsub_clz.o
        24          0          0          0          0         68   fcmpi.o
       388         76          0          0          0         96   fdiv.o
        54          4          0          0          0         84   ffix.o
        48          0          0          0          0         68   fflt_clz.o
       104          4          0          0          0         84   fleqf.o
       258          4          0          0          0         84   fmul.o
       140          4          0          0          0         84   fnaninf.o
        10          0          0          0          0         68   fretinf.o
        98          0          0          0          0         68   frleqf.o
         4          0          0          0          0         68   printf1.o
         0          0          0          0          0          0   usenofp.o
        40          0          0          0          0         68   fpclassify.o

    ----------------------------------------------------------------------
      7600        334        196          0         96       4228   Library Totals
        18          0          3          0          0          0   (incl. Padding)

    ----------------------------------------------------------------------

      Code (inc. data)   RO Data    RW Data    ZI Data      Debug   Library Name

      4488        194        193          0         96       2508   c_w.l
      3054        140          0          0          0       1652   fz_ws.l
        40          0          0          0          0         68   m_ws.l

    ----------------------------------------------------------------------
      7600        334        196          0         96       4228   Library Totals

    ----------------------------------------------------------------------

==============================================================================


      Code (inc. data)   RO Data    RW Data    ZI Data      Debug   

     25638       1740       9294        212       3668    1108240   Grand Totals
     25638       1740       9294        212       3668    1108240   ELF Image Totals
     25638       1740       9294        212          0          0   ROM Totals

==============================================================================

    Total RO  Size (Code + RO Data)                34932 (  34.11kB)
    Total RW  Size (RW Data + ZI Data)              3880 (   3.79kB)
    Total ROM Size (Code + RO Data + RW Data)      35144 (  34.32kB)

==============================================================================

